******************************************************************************
                  TMS470 Linker PC v4.9.5                      
******************************************************************************
>> Linked Mon Nov 16 21:59:50 2015

OUTPUT FILE NAME:   <morse_testing.out>
ENTRY POINT SYMBOL: "_c_int00"  address: 0001f895


MEMORY CONFIGURATION

         name            origin    length      used     unused   attr    fill
----------------------  --------  ---------  --------  --------  ----  --------
  FLASH                 00000000   00040000  0002066a  0001f996  R  X
  SRAM                  20000000   00010000  000054e8  0000ab18  RW X


SEGMENT ALLOCATION MAP

run origin  load origin   length   init length attrs members
----------  ----------- ---------- ----------- ----- -------
00000000    00000000    00020670   00020670    r-x
  00000000    00000000    000000f0   000000f0    r-- .intvecs
  000000f0    000000f0    00018268   00018268    r-- .const
  00018358    00018358    000081d2   000081d2    r-x .text
  00020530    00020530    00000140   00000140    r-- .cinit
20000000    20000000    00005380   00000000    rw-
  20000000    20000000    00004f80   00000000    rw- .bss
  20004f80    20004f80    00000400   00000000    rw- .stack
20005380    20005380    00000168   00000168    rw-
  20005380    20005380    00000168   00000168    rw- .data


SECTION ALLOCATION MAP

 output                                  attributes/
section   page    origin      length       input sections
--------  ----  ----------  ----------   ----------------
.intvecs   0    00000000    000000f0     
                  00000000    000000f0     startup_ccs.obj (.intvecs)

.init_array 
*          0    00000000    00000000     UNINITIALIZED

.const     0    000000f0    00018268     
                  000000f0    00005afe     lmi_fs.obj (.const:data_images_furyblck_gif)
                  00005bee    00000002     --HOLE-- [fill = 0]
                  00005bf0    00002930     lmi_fs.obj (.const:data_images_awards08_jpg)
                  00008520    00002362     lmi_fs.obj (.const:data_io_http_htm)
                  0000a882    00000002     --HOLE-- [fill = 0]
                  0000a884    00001a6f     lmi_fs.obj (.const:data_images_noasm_jpg)
                  0000c2f3    00000001     --HOLE-- [fill = 0]
                  0000c2f4    00001a38     lmi_fs.obj (.const:data_images_no8bit_jpg)
                  0000dd2c    00001a26     lmi_fs.obj (.const:data_images_no16bit_jpg)
                  0000f752    00000002     --HOLE-- [fill = 0]
                  0000f754    00001a14     lmi_fs.obj (.const:data_images_nopin_jpg)
                  00011168    000017a0     lmi_fs.obj (.const:data_images_chips_jpg)
                  00012908    00001170     lmi_fs.obj (.const:data_family_htm)
                  00013a78    00000d99     lmi_fs.obj (.const:data_images_austin_gif)
                  00014811    00000003     --HOLE-- [fill = 0]
                  00014814    00000ceb     lmi_fs.obj (.const:data_images_ti_logo_gif)
                  000154ff    00000001     --HOLE-- [fill = 0]
                  00015500    00000852     lmi_fs.obj (.const:data_perror_htm)
                  00015d52    00000002     --HOLE-- [fill = 0]
                  00015d54    00000801     lmi_fs.obj (.const:data_block_htm)
                  00016555    00000003     --HOLE-- [fill = 0]
                  00016558    0000076f     lmi_fs.obj (.const:data_io_cgi_ssi)
                  00016cc7    00000001     --HOLE-- [fill = 0]
                  00016cc8    000006c3     lmi_fs.obj (.const:data_favicon_ico)
                  0001738b    00000001     --HOLE-- [fill = 0]
                  0001738c    000005cd     lmi_fs.obj (.const:data_index_htm)
                  00017959    00000003     --HOLE-- [fill = 0]
                  0001795c    00000380     httpd.obj (.const:.string)
                  00017cdc    000001e0     rit128x96x4.obj (.const:g_pucFont)
                  00017ebc    0000014b     lmi_fs.obj (.const:data_404_htm)
                  00018007    00000001     --HOLE-- [fill = 0]
                  00018008    00000110     lmi_fs.obj (.const)
                  00018118    00000070     driverlib-cm3.lib : interrupt.obj (.const)
                  00018188    0000006c                       : sysctl.obj (.const:g_pulXtals)
                  000181f4    0000004f     rit128x96x4.obj (.const:g_pucRIT128x96x4Init)
                  00018243    00000001     --HOLE-- [fill = 0]
                  00018244    00000048     enet_io.obj (.const:.string)
                  0001828c    00000048     lwiplib.obj (.const)
                  000182d4    00000040     driverlib-cm3.lib : sysctl.obj (.const)
                  00018314    00000028     httpd.obj (.const:g_psDefaultFilenames)
                  0001833c    00000010     enet_io.obj (.const)
                  0001834c    0000000c     rit128x96x4.obj (.const)

.text      0    00018358    000081d2     
                  00018358    00000704     lwiplib.obj (.text:tcp_receive)
                  00018a5c    000004aa     httpd.obj (.text:send_data)
                  00018f06    00000002     startup_ccs.obj (.text:FaultISR)
                  00018f08    0000042c     lwiplib.obj (.text:tcp_process)
                  00019334    000003e4     lwiplib.obj (.text:tcp_input)
                  00019718    000003ac     lwiplib.obj (.text:tcp_enqueue)
                  00019ac4    000002bc     lmi_fs.obj (.text:fs_open)
                  00019d80    0000028c     lwiplib.obj (.text:tcp_slowtmr)
                  0001a00c    00000262     ustdlib.obj (.text:uvsnprintf)
                  0001a26e    00000002     startup_ccs.obj (.text:IntDefaultHandler)
                  0001a270    0000023c     httpd.obj (.text:http_recv)
                  0001a4ac    00000224     lwiplib.obj (.text:udp_input)
                  0001a6d0    00000218     lwiplib.obj (.text:ip_input)
                  0001a8e8    000001c0     lwiplib.obj (.text:icmp_input)
                  0001aaa8    00000198     driverlib-cm3.lib : sysctl.obj (.text:SysCtlClockGet)
                  0001ac40    00000194     lwiplib.obj (.text:tcp_output)
                  0001add4    00000178     enet_io.obj (.text:main)
                  0001af4c    00000164     lwiplib.obj (.text:etharp_arp_input)
                  0001b0b0    00000144     driverlib-cm3.lib : sysctl.obj (.text:SysCtlClockSet)
                  0001b1f4    00000134     lwiplib.obj (.text:find_entry)
                  0001b328    00000130     enet_io.obj (.text:lwIPHostTimerHandler)
                  0001b458    00000128     lwiplib.obj (.text:etharp_query)
                  0001b580    00000128     lwiplib.obj (.text:pbuf_alloc)
                  0001b6a8    00000120     lwiplib.obj (.text:tcp_listen_input)
                  0001b7c8    0000011b     enet_io.obj (.text:SSIHandler)
                  0001b8e3    00000001     --HOLE-- [fill = 0]
                  0001b8e4    00000110     lwiplib.obj (.text:dhcp_create_request)
                  0001b9f4    000000f8     lwiplib.obj (.text:mem_malloc)
                  0001baec    000000f8     lwiplib.obj (.text:mem_realloc)
                  0001bbe4    000000f0     lwiplib.obj (.text:dhcp_select)
                  0001bcd4    000000e8     lwiplib.obj (.text:dhcp_discover)
                  0001bdbc    000000e0     enet_io.obj (.text:ControlCGIHandler)
                  0001be9c    000000e0     lwiplib.obj (.text:dhcp_handle_ack)
                  0001bf7c    000000e0     httpd.obj (.text:get_http_headers)
                  0001c05c    000000e0     lwiplib.obj (.text:udp_sendto_if)
                  0001c13c    000000dc     lwiplib.obj (.text:dhcp_bind)
                  0001c218    000000d8     lwiplib.obj (.text:autoip_tmr)
                  0001c2f0    000000d8     lwiplib.obj (.text:ip_output_if)
                  0001c3c8    000000d8     lwiplib.obj (.text:tcp_bind)
                  0001c4a0    000000d4     rit128x96x4.obj (.text:RIT128x96x4StringDraw)
                  0001c574    000000d4     lwiplib.obj (.text:dhcp_recv)
                  0001c648    000000d4     lwiplib.obj (.text:lwIPServiceTimers)
                  0001c71c    000000d0     lwiplib.obj (.text:lwIPPrivateInit)
                  0001c7ec    000000cc     lwiplib.obj (.text:tcp_alloc)
                  0001c8b8    000000c8     driverlib-cm3.lib : gpio.obj (.text:GPIOPadConfigSet)
                  0001c980    000000c8     lwiplib.obj (.text:etharp_raw)
                  0001ca48    000000c8     lwiplib.obj (.text:tcp_output_segment)
                  0001cb10    000000c0     lwiplib.obj (.text:etharp_output)
                  0001cbd0    000000c0     lwiplib.obj (.text:tcp_close)
                  0001cc90    000000b4     lwiplib.obj (.text:dhcp_release)
                  0001cd44    000000ac     lwiplib.obj (.text:dhcp_reboot)
                  0001cdf0    000000ac     lwiplib.obj (.text:dhcp_start)
                  0001ce9c    000000ac     lwiplib.obj (.text:tcp_abandon)
                  0001cf48    000000ac     lwiplib.obj (.text:tcp_zero_window_probe)
                  0001cff4    000000a4     lwiplib.obj (.text:autoip_arp_reply)
                  0001d098    000000a4     io.obj (.text:io_init)
                  0001d13c    000000a4     lwiplib.obj (.text:stellarisif_transmit)
                  0001d1e0    000000a4     lwiplib.obj (.text:tcp_rst)
                  0001d284    000000a4     ustdlib.obj (.text:ustrtoul)
                  0001d328    000000a0     rit128x96x4.obj (.text:RIT128x96x4Init)
                  0001d3c8    000000a0     lwiplib.obj (.text:update_arp_entry)
                  0001d468    0000009c     rtsv7M3_T_le_eabi.lib : memcpy_t2.obj (.text)
                  0001d504    00000098     httpd.obj (.text:get_tag_insert)
                  0001d59c    00000094     enet_io.obj (.text:SetTextCGIHandler)
                  0001d630    00000094     rtsv7M3_T_le_eabi.lib : auto_init.obj (.text)
                  0001d6c4    00000094     lwiplib.obj (.text:stellarisif_receive)
                  0001d758    00000094     lwiplib.obj (.text:tcp_listen_with_backlog)
                  0001d7ec    00000090     lwiplib.obj (.text:dhcp_rebind)
                  0001d87c    00000090     lwiplib.obj (.text:dhcp_renew)
                  0001d90c    0000008e     lwiplib.obj (.text:pbuf_copy)
                  0001d99a    0000008c     lwiplib.obj (.text:inet_chksum_pseudo)
                  0001da26    00000002     startup_ccs.obj (.text:NmiSR)
                  0001da28    00000088     locator.obj (.text:LocatorReceive)
                  0001dab0    00000088     driverlib-cm3.lib : sysctl.obj (.text:SysCtlPeripheralReset)
                  0001db38    00000088     lwiplib.obj (.text:dhcp_get_option_ptr)
                  0001dbc0    00000088     lwiplib.obj (.text:tcp_oos_insert_segment)
                  0001dc48    00000088     lwiplib.obj (.text:tcp_timewait_input)
                  0001dcd0    00000084     lwiplib.obj (.text:tcp_parseopt)
                  0001dd54    00000082     lwiplib.obj (.text:dhcp_timeout)
                  0001ddd6    00000078     cgifuncs.obj (.text:CheckDecimalParam)
                  0001de4e    00000002     --HOLE-- [fill = 0]
                  0001de50    00000078     lwiplib.obj (.text:dhcp_decline)
                  0001dec8    00000078     rtsv7M3_T_le_eabi.lib : memset_t2.obj (.text)
                  0001df40    00000074     httpd.obj (.text:extract_uri_parameters)
                  0001dfb4    00000074     lwiplib.obj (.text:stellarisif_interrupt)
                  0001e028    00000070     lwiplib.obj (.text:ethernet_input)
                  0001e098    00000070     lwiplib.obj (.text:icmp_send_response)
                  0001e108    0000006e     lwiplib.obj (.text:dhcp_unfold_reply)
                  0001e176    0000006e     lwiplib.obj (.text:tcp_output_set_header)
                  0001e1e4    0000006c     lwiplib.obj (.text:stellarisif_hwinit)
                  0001e250    0000006a     lwiplib.obj (.text:pbuf_header)
                  0001e2ba    0000006a     lwiplib.obj (.text:tcp_send_empty_ack)
                  0001e324    00000068     lwiplib.obj (.text:inet_ntoa)
                  0001e38c    00000068     lwiplib.obj (.text:memp_init)
                  0001e3f4    00000068     lwiplib.obj (.text:pbuf_copy_partial)
                  0001e45c    00000068     lwiplib.obj (.text:raw_input)
                  0001e4c4    00000064     driverlib-cm3.lib : interrupt.obj (.text:IntEnable)
                  0001e528    00000064     rit128x96x4.obj (.text:RIT128x96x4Disable)
                  0001e58c    00000064     lwiplib.obj (.text:autoip_start)
                  0001e5f0    00000064     lwiplib.obj (.text:mem_free)
                  0001e654    00000064     lwiplib.obj (.text:memp_malloc)
                  0001e6b8    00000064     lwiplib.obj (.text:netif_set_ipaddr)
                  0001e71c    00000064     lwiplib.obj (.text:plug_holes)
                  0001e780    00000064     lwiplib.obj (.text:tcp_keepalive)
                  0001e7e4    00000064     lwiplib.obj (.text:tcp_new_port)
                  0001e848    00000060     cgifuncs.obj (.text:DecodeFormString)
                  0001e8a8    00000060     rit128x96x4.obj (.text:RIT128x96x4Enable)
                  0001e908    00000060     lwiplib.obj (.text:mem_init)
                  0001e968    00000060     lwiplib.obj (.text:tcp_pcb_remove)
                  0001e9c8    0000005e     rtsv7M3_T_le_eabi.lib : copy_decompress_rle.obj (.text)
                  0001ea26    00000002     --HOLE-- [fill = 0]
                  0001ea28    0000005c     rit128x96x4.obj (.text:RITWriteCommand)
                  0001ea84    0000005c     rit128x96x4.obj (.text:RITWriteData)
                  0001eae0    0000005c     httpd.obj (.text:http_accept)
                  0001eb3c    0000005c     lwiplib.obj (.text:tcp_fasttmr)
                  0001eb98    0000005c     lwiplib.obj (.text:udp_bind)
                  0001ebf4    0000005a     lwiplib.obj (.text:tcp_rexmit_fast)
                  0001ec4e    00000002     --HOLE-- [fill = 0]
                  0001ec50    00000058     driverlib-cm3.lib : sysctl.obj (.text:SysCtlPeripheralEnable)
                  0001eca8    00000056     lwiplib.obj (.text:pbuf_free)
                  0001ecfe    00000002     --HOLE-- [fill = 0]
                  0001ed00    00000054     lwiplib.obj (.text:autoip_create_addr)
                  0001ed54    00000054     lwiplib.obj (.text:ip_route)
                  0001eda8    00000054     lwiplib.obj (.text:stellarisif_output)
                  0001edfc    00000050     locator.obj (.text:LocatorInit)
                  0001ee4c    00000050     lwiplib.obj (.text:netif_add)
                  0001ee9c    0000004c     lwiplib.obj (.text:lwip_standard_chksum)
                  0001eee8    0000004c     lwiplib.obj (.text:pbuf_realloc)
                  0001ef34    0000004c     lwiplib.obj (.text:tcp_kill_prio)
                  0001ef80    0000004a     lwiplib.obj (.text:autoip_start_probing)
                  0001efca    00000002     --HOLE-- [fill = 0]
                  0001efcc    00000048     rit128x96x4.obj (.text:RIT128x96x4Clear)
                  0001f014    00000048     lwiplib.obj (.text:inet_chksum_pbuf)
                  0001f05c    00000048     io.obj (.text:io_pwm_dutycycle)
                  0001f0a4    00000048     lwiplib.obj (.text:lwIPInit)
                  0001f0ec    00000048     rtsv7M3_T_le_eabi.lib : cpy_tbl.obj (.text)
                  0001f134    00000048     lwiplib.obj (.text:udp_connect)
                  0001f17c    00000044     enet_io.obj (.text:DisplayIPAddress)
                  0001f1c0    00000044     driverlib-cm3.lib : ssi.obj (.text:SSIConfigSetExpClk)
                  0001f204    00000044     lwiplib.obj (.text:enqueue_packet)
                  0001f248    00000044     io.obj (.text:io_pwm_freq)
                  0001f28c    00000044     lwiplib.obj (.text:ip_output)
                  0001f2d0    00000044     rtsv7M3_T_le_eabi.lib : exit.obj (.text)
                  0001f314    00000042     lwiplib.obj (.text:dhcp_stop)
                  0001f356    00000042     lwiplib.obj (.text:tcp_pcb_purge)
                  0001f398    00000042     lwiplib.obj (.text:tcp_rexmit)
                  0001f3da    00000040     httpd.obj (.text:close_conn)
                  0001f41a    00000040     lwiplib.obj (.text:dhcp_option_long)
                  0001f45a    00000002     --HOLE-- [fill = 0]
                  0001f45c    00000040     lwiplib.obj (.text:etharp_tmr)
                  0001f49c    00000040     lmi_fs.obj (.text:fs_read)
                  0001f4dc    0000003c     cgifuncs.obj (.text:DecodeHexEscape)
                  0001f518    0000003c     lwiplib.obj (.text:dhcp_coarse_tmr)
                  0001f554    0000003c     httpd.obj (.text:http_poll)
                  0001f590    0000003c     lwiplib.obj (.text:memp_free)
                  0001f5cc    0000003c     lwiplib.obj (.text:stellarisif_init)
                  0001f608    0000003a     lwiplib.obj (.text:tcp_recved)
                  0001f642    00000038     driverlib-cm3.lib : ethernet.obj (.text:EthernetMACAddrSet)
                  0001f67a    00000002     --HOLE-- [fill = 0]
                  0001f67c    00000038                       : flash.obj (.text:FlashUserGet)
                  0001f6b4    00000038     lwiplib.obj (.text:dhcp_fine_tmr)
                  0001f6ec    00000038     lwiplib.obj (.text:tcp_kill_timewait)
                  0001f724    00000035     httpd.obj (.text:get_404_file)
                  0001f759    00000001     --HOLE-- [fill = 0]
                  0001f75a    00000034     driverlib-cm3.lib : ethernet.obj (.text:EthernetMACAddrGet)
                  0001f78e    00000002     --HOLE-- [fill = 0]
                  0001f790    00000034     locator.obj (.text:LocatorAppTitleSet)
                  0001f7c4    00000034     lwiplib.obj (.text:autoip_arp_probe)
                  0001f7f8    00000034     lwiplib.obj (.text:dhcp_handle_nak)
                  0001f82c    00000034     io.obj (.text:io_get_ledstate)
                  0001f860    00000034     lwiplib.obj (.text:ip_addr_isbroadcast)
                  0001f894    00000034     rtsv7M3_T_le_eabi.lib : boot.obj (.text)
                  0001f8c8    00000034     lwiplib.obj (.text:tcp_update_rcv_ann_wnd)
                  0001f8fc    00000034     lwiplib.obj (.text:udp_sendto)
                  0001f930    00000032     lwiplib.obj (.text:dhcp_handle_offer)
                  0001f962    00000032     lwiplib.obj (.text:dhcp_option_trailer)
                  0001f994    00000032     rtsv7M3_T_le_eabi.lib : strstr.obj (.text)
                  0001f9c6    0000002e     driverlib-cm3.lib : gpio.obj (.text:GPIODirModeSet)
                  0001f9f4    0000002e     cgifuncs.obj (.text:HexDigit)
                  0001fa22    0000002e     lwiplib.obj (.text:dequeue_packet)
                  0001fa50    0000002c     cgifuncs.obj (.text:FindCGIParameter)
                  0001fa7c    0000002c     lwiplib.obj (.text:autoip_arp_announce)
                  0001faa8    0000002c     lwiplib.obj (.text:etharp_request)
                  0001fad4    0000002c     httpd.obj (.text:http_sent)
                  0001fb00    0000002c     lwiplib.obj (.text:lwIPEthernetIntHandler)
                  0001fb2c    0000002c     lwiplib.obj (.text:tcp_rexmit_rto)
                  0001fb58    0000002c     lwiplib.obj (.text:tcp_write)
                  0001fb84    0000002c     lwiplib.obj (.text:udp_remove)
                  0001fbb0    0000002a     driverlib-cm3.lib : ethernet.obj (.text:EthernetConfigSet)
                  0001fbda    0000002a     cgifuncs.obj (.text:GetCGIParam)
                  0001fc04    0000002a     lwiplib.obj (.text:autoip_bind)
                  0001fc2e    0000002a     lwiplib.obj (.text:etharp_send_ip)
                  0001fc58    00000028     driverlib-cm3.lib : pwm.obj (.text:PWMGenConfigure)
                  0001fc80    00000028     httpd.obj (.text:httpd_init)
                  0001fca8    00000028     lwiplib.obj (.text:tcp_seg_copy)
                  0001fcd0    00000026     lwiplib.obj (.text:dhcp_check)
                  0001fcf6    00000026     rtsv7M3_T_le_eabi.lib : strncmp.obj (.text)
                  0001fd1c    00000024     io.obj (.text:io_get_pwmstate)
                  0001fd40    00000024     lwiplib.obj (.text:pbuf_cat)
                  0001fd64    00000022     driverlib-cm3.lib : ethernet.obj (.text:EthernetEnable)
                  0001fd86    00000022     cgifuncs.obj (.text:IsValidHexDigit)
                  0001fda8    00000022     httpd.obj (.text:conn_err)
                  0001fdca    00000022     lwiplib.obj (.text:etharp_ip_input)
                  0001fdec    00000022     rtsv7M3_T_le_eabi.lib : memcmp.obj (.text)
                  0001fe0e    00000022     ustdlib.obj (.text:ustrncpy)
                  0001fe30    00000020     locator.obj (.text:LocatorMACAddrSet)
                  0001fe50    00000020     enet_io.obj (.text:SysTickIntHandler)
                  0001fe70    00000020     lwiplib.obj (.text:autoip_handle_arp_conflict)
                  0001fe90    00000020     lwiplib.obj (.text:dhcp_free_reply)
                  0001feb0    00000020     lwiplib.obj (.text:dhcp_option)
                  0001fed0    00000020     lwiplib.obj (.text:dhcp_option_short)
                  0001fef0    00000020     lwiplib.obj (.text:netif_set_up)
                  0001ff10    00000020     lwiplib.obj (.text:tcp_recv_null)
                  0001ff30    00000020     lwiplib.obj (.text:tcp_tmr)
                  0001ff50    00000020     ustdlib.obj (.text:usprintf)
                  0001ff70    0000001e     driverlib-cm3.lib : ethernet.obj (.text:EthernetPHYRead)
                  0001ff8e    0000001e                       : pwm.obj (.text:PWMPulseWidthSet)
                  0001ffac    0000001e     lwiplib.obj (.text:dhcp_get_option_long)
                  0001ffca    0000001e     lwiplib.obj (.text:free_etharp_q)
                  0001ffe8    0000001e     lwiplib.obj (.text:tcp_eff_send_mss)
                  00020006    0000001e     lwiplib.obj (.text:tcp_seg_free)
                  00020024    0000001c     httpd.obj (.text:http_set_ssi_handler)
                  00020040    0000001c     lwiplib.obj (.text:lwIPTimer)
                  0002005c    0000001c     lwiplib.obj (.text:netif_set_addr)
                  00020078    0000001c     lwiplib.obj (.text:udp_new)
                  00020094    0000001a     lwiplib.obj (.text:dhcp_arp_reply)
                  000200ae    0000001a     lwiplib.obj (.text:htonl)
                  000200c8    0000001a     lwiplib.obj (.text:tcp_segs_free)
                  000200e2    0000001a     ustdlib.obj (.text:usnprintf)
                  000200fc    00000018     lwiplib.obj (.text:dhcp_delete_request)
                  00020114    00000018     io.obj (.text:io_is_led_on)
                  0002012c    00000018     rtsv7M3_T_le_eabi.lib : _lock.obj (.text)
                  00020144    00000018                           : args_main.obj (.text)
                  0002015c    00000018                           : strcmp.obj (.text)
                  00020174    00000018     lwiplib.obj (.text:tcp_next_iss)
                  0002018c    00000016     driverlib-cm3.lib : pwm.obj (.text:PWMOutputState)
                  000201a2    00000016     lwiplib.obj (.text:dhcp_t1_timeout)
                  000201b8    00000016     lwiplib.obj (.text:dhcp_t2_timeout)
                  000201ce    00000016     lwiplib.obj (.text:pbuf_ref)
                  000201e4    00000016     rtsv7M3_T_le_eabi.lib : strchr.obj (.text)
                  000201fa    00000002     --HOLE-- [fill = 0]
                  000201fc    00000014     driverlib-cm3.lib : ethernet.obj (.text:EthernetInitExpClk)
                  00020210    00000014                       : pwm.obj (.text:PWMGenPeriodSet)
                  00020224    00000014                       : sysctl.obj (.text:SysCtlPWMClockSet)
                  00020238    00000014                       : systick.obj (.text:SysTickEnable)
                  0002024c    00000014                       : systick.obj (.text:SysTickIntEnable)
                  00020260    00000014     httpd.obj (.text:http_set_cgi_handlers)
                  00020274    00000014     io.obj (.text:io_set_led)
                  00020288    00000014     rtsv7M3_T_le_eabi.lib : strlen.obj (.text)
                  0002029c    00000014     lwiplib.obj (.text:tcp_send_ctrl)
                  000202b0    00000012     driverlib-cm3.lib : gpio.obj (.text:GPIOPinTypeEthernetLED)
                  000202c2    00000012                       : gpio.obj (.text:GPIOPinTypeGPIOOutput)
                  000202d4    00000012                       : gpio.obj (.text:GPIOPinTypePWM)
                  000202e6    00000012                       : gpio.obj (.text:GPIOPinTypeSSI)
                  000202f8    00000012                       : ssi.obj (.text:SSIDataGetNonBlocking)
                  0002030a    00000012     rtsv7M3_T_le_eabi.lib : copy_zero_init.obj (.text:decompress:ZI)
                  0002031c    00000012     lwiplib.obj (.text:netif_set_down)
                  0002032e    00000012     lwiplib.obj (.text:pbuf_clen)
                  00020340    00000010     driverlib-cm3.lib : systick.obj (.text:SysTickPeriodSet)
                  00020350    00000010     lwiplib.obj (.text:autoip_stop)
                  00020360    00000010     lwiplib.obj (.text:dhcp_option_byte)
                  00020370    00000010     io.obj (.text:io_is_pwm_on)
                  00020380    00000010     io.obj (.text:io_set_pwm)
                  00020390    0000000e     rtsv7M3_T_le_eabi.lib : copy_decompress_none.obj (.text:decompress:none)
                  0002039e    0000000e     lwiplib.obj (.text:dhcp_set_state)
                  000203ac    0000000e     lwiplib.obj (.text:pbuf_chain)
                  000203ba    0000000c     driverlib-cm3.lib : cpu.obj (.text:CPUcpsid)
                  000203c6    0000000c                       : cpu.obj (.text:CPUcpsie)
                  000203d2    0000000c                       : ethernet.obj (.text:EthernetIntStatus)
                  000203de    00000002     --HOLE-- [fill = 0]
                  000203e0    0000000c     rit128x96x4.obj (.text:RIT128x96x4DisplayOff)
                  000203ec    0000000c     lwiplib.obj (.text:htons)
                  000203f8    0000000c     lwiplib.obj (.text:inet_chksum)
                  00020404    0000000c     io.obj (.text:io_get_pwmdutycycle)
                  00020410    0000000c     io.obj (.text:io_get_pwmfreq)
                  0002041c    0000000c     lwiplib.obj (.text:lwIPLocalGWAddrGet)
                  00020428    0000000c     lwiplib.obj (.text:lwIPLocalIPAddrGet)
                  00020434    0000000c     lwiplib.obj (.text:lwIPLocalNetMaskGet)
                  00020440    0000000c     lwiplib.obj (.text:lwip_init)
                  0002044c    0000000c     lwiplib.obj (.text:netif_set_gw)
                  00020458    0000000c     lwiplib.obj (.text:netif_set_netmask)
                  00020464    0000000a     driverlib-cm3.lib : ethernet.obj (.text:EthernetIntDisable)
                  0002046e    0000000a                       : interrupt.obj (.text:IntMasterDisable)
                  00020478    0000000a                       : interrupt.obj (.text:IntMasterEnable)
                  00020482    0000000a                       : pwm.obj (.text:PWMGenEnable)
                  0002048c    0000000a                       : ssi.obj (.text:SSIDataPut)
                  00020496    0000000a                       : ssi.obj (.text:SSIDisable)
                  000204a0    0000000a                       : ssi.obj (.text:SSIEnable)
                  000204aa    0000000a     lwiplib.obj (.text:netif_is_up)
                  000204b4    0000000a     lwiplib.obj (.text:sys_arch_unprotect)
                  000204be    0000000a     lwiplib.obj (.text:tcp_poll)
                  000204c8    00000008     driverlib-cm3.lib : ethernet.obj (.text:EthernetIntEnable)
                  000204d0    00000008                       : ssi.obj (.text:SSIBusy)
                  000204d8    00000006                       : gpio.obj (.text:GPIOPinRead)
                  000204de    00000006                       : gpio.obj (.text:GPIOPinWrite)
                  000204e4    00000006     startup_ccs.obj (.text:ResetISR)
                  000204ea    00000006     driverlib-cm3.lib : sysctl.obj (.text:SysCtlDelay)
                  000204f0    00000006     rtsv7M3_T_le_eabi.lib : copy_decompress_rle.obj (.text:decompress:rle24)
                  000204f6    00000006     lwiplib.obj (.text:tcp_accept_null)
                  000204fc    00000006     lwiplib.obj (.text:tcp_err)
                  00020502    00000006     lwiplib.obj (.text:tcp_new)
                  00020508    00000006     lwiplib.obj (.text:tcp_recv)
                  0002050e    00000006     lwiplib.obj (.text:tcp_sent)
                  00020514    00000006     lwiplib.obj (.text:udp_recv)
                  0002051a    00000004     driverlib-cm3.lib : ethernet.obj (.text:EthernetIntClear)
                  0002051e    00000004     lmi_fs.obj (.text:fs_close)
                  00020522    00000004     lwiplib.obj (.text:tcp_accept)
                  00020526    00000004     lwiplib.obj (.text:tcp_arg)

.cinit     0    00020530    00000140     
                  00020530    00000115     (.cinit..data.load) [load image, compression = rle]
                  00020645    00000003     --HOLE-- [fill = 0]
                  00020648    0000000c     (__TI_handler_table)
                  00020654    00000004     --HOLE-- [fill = 0]
                  00020658    00000008     (.cinit..bss.load) [load image, compression = zero_init]
                  00020660    00000010     (__TI_cinit_table)

.bss       0    20000000    00004f80     UNINITIALIZED
                  20000000    00003014     lwiplib.obj (.bss:ram_heap)
                  20003014    00001bd4     lwiplib.obj (.bss:memp_memory)
                  20004be8    000000ea     lwiplib.obj (.bss:lwip_stats)
                  20004cd2    00000002     --HOLE--
                  20004cd4    000000c8     lwiplib.obj (.bss:arp_table)
                  20004d9c    000000b8     lwiplib.obj (.bss)
                  20004e54    00000060     lwiplib.obj (.bss:stellarisif_data)
                  20004eb4    00000054     locator.obj (.bss:g_pucLocatorData)
                  20004f08    00000038     lwiplib.obj (.bss:g_sNetIF)
                  20004f40    00000028     lmi_fs.obj (.bss)
                  20004f68    0000000c     rit128x96x4.obj (.bss)
                  20004f74    00000008     io.obj (.bss)
                  20004f7c    00000004     enet_io.obj (.bss)

.stack     0    20004f80    00000400     UNINITIALIZED
                  20004f80    00000400     --HOLE--

.data      0    20005380    00000168     
                  20005380    00000088     httpd.obj (.data:g_psHTTPHeaders)
                  20005408    00000048     httpd.obj (.data:g_psHTTPHeaderStrings)
                  20005450    00000032     lwiplib.obj (.data)
                  20005482    00000002     --HOLE--
                  20005484    00000024     httpd.obj (.data)
                  200054a8    0000001c     enet_io.obj (.data)
                  200054c4    00000010     lmi_fs.obj (.data)
                  200054d4    00000008     rtsv7M3_T_le_eabi.lib : _lock.obj (.data)
                  200054dc    00000008                           : exit.obj (.data)
                  200054e4    00000004                           : stkdepth_vars.obj (.data)


LINKER GENERATED COPY TABLES

__TI_cinit_table @ 00020660 records: 2, size/record: 8, table size: 16
	.data: load addr=00020530, load size=00000115 bytes, run addr=20005380, run size=00000168 bytes, compression=rle
	.bss: load addr=00020658, load size=00000008 bytes, run addr=20000000, run size=00004f80 bytes, compression=zero_init


LINKER GENERATED HANDLER TABLE

__TI_handler_table @ 00020648 records: 3, size/record: 4, table size: 12
	index: 0, handler: __TI_decompress_rle24
	index: 1, handler: __TI_decompress_none
	index: 2, handler: __TI_zero_init


GLOBAL SYMBOLS: SORTED ALPHABETICALLY BY Name 

address    name
--------   ----
0001f2d1   C$$EXIT
000203bb   CPUcpsid
000203c7   CPUcpsie
0001ddd7   CheckDecimalParam
0001e849   DecodeFormString
0001f4dd   DecodeHexEscape
0001f17d   DisplayIPAddress
0001fbb1   EthernetConfigSet
0001fd65   EthernetEnable
000201fd   EthernetInitExpClk
0002051b   EthernetIntClear
00020465   EthernetIntDisable
000204c9   EthernetIntEnable
000203d3   EthernetIntStatus
0001f75b   EthernetMACAddrGet
0001f643   EthernetMACAddrSet
0001ff71   EthernetPHYRead
0001fa51   FindCGIParameter
0001f67d   FlashUserGet
0001f9c7   GPIODirModeSet
0001c8b9   GPIOPadConfigSet
000204d9   GPIOPinRead
000202b1   GPIOPinTypeEthernetLED
000202c3   GPIOPinTypeGPIOOutput
000202d5   GPIOPinTypePWM
000202e7   GPIOPinTypeSSI
000204df   GPIOPinWrite
0001fbdb   GetCGIParam
0001f9f5   HexDigit
0001e4c5   IntEnable
0002046f   IntMasterDisable
00020479   IntMasterEnable
0001fd87   IsValidHexDigit
0001f791   LocatorAppTitleSet
0001edfd   LocatorInit
0001fe31   LocatorMACAddrSet
0001fc59   PWMGenConfigure
00020483   PWMGenEnable
00020211   PWMGenPeriodSet
0002018d   PWMOutputState
0001ff8f   PWMPulseWidthSet
0001efcd   RIT128x96x4Clear
0001e529   RIT128x96x4Disable
000203e1   RIT128x96x4DisplayOff
0001e8a9   RIT128x96x4Enable
0001d329   RIT128x96x4Init
0001c4a1   RIT128x96x4StringDraw
000204e5   ResetISR
UNDEFED    SHT$$INIT_ARRAY$$Base
UNDEFED    SHT$$INIT_ARRAY$$Limit
000204d1   SSIBusy
0001f1c1   SSIConfigSetExpClk
000202f9   SSIDataGetNonBlocking
0002048d   SSIDataPut
00020497   SSIDisable
000204a1   SSIEnable
0001aaa9   SysCtlClockGet
0001b0b1   SysCtlClockSet
000204eb   SysCtlDelay
00020225   SysCtlPWMClockSet
0001ec51   SysCtlPeripheralEnable
0001dab1   SysCtlPeripheralReset
00020239   SysTickEnable
0002024d   SysTickIntEnable
0001fe51   SysTickIntHandler
00020341   SysTickPeriodSet
20005380   __STACK_END
00000400   __STACK_SIZE
20005380   __STACK_TOP
00020660   __TI_CINIT_Base
00020670   __TI_CINIT_Limit
00020648   __TI_Handler_Table_Base
00020654   __TI_Handler_Table_Limit
00000001   __TI_args_main
0001d631   __TI_auto_init
00020391   __TI_decompress_none
000204f1   __TI_decompress_rle24
00000000   __TI_static_base__
0002030b   __TI_zero_init
0001dec9   __aeabi_memclr
0001dec9   __aeabi_memclr4
0001dec9   __aeabi_memclr8
0001d469   __aeabi_memcpy
0001d469   __aeabi_memcpy4
0001d469   __aeabi_memcpy8
0001decb   __aeabi_memset
0001decb   __aeabi_memset4
0001decb   __aeabi_memset8
ffffffff   __binit__
ffffffff   __c_args__
20004f80   __stack
00020145   _args_main
0001f895   _c_int00
200054dc   _cleanup_ptr
200054e0   _dtors_ptr
200054d4   _lock
00020139   _nop
00020133   _register_lock
0002012d   _register_unlock
200054d8   _unlock
0001f2d5   abort
0001cff5   autoip_arp_reply
0001e58d   autoip_start
00020351   autoip_stop
0001c219   autoip_tmr
ffffffff   binit
0001f0ed   copy_in
20004e30   current_header
20004e2c   current_netif
00020095   dhcp_arp_reply
0001f519   dhcp_coarse_tmr
0001f6b5   dhcp_fine_tmr
0001cc91   dhcp_release
0001d87d   dhcp_renew
0001cdf1   dhcp_start
0001f315   dhcp_stop
0001af4d   etharp_arp_input
0001fdcb   etharp_ip_input
0001cb11   etharp_output
0001b459   etharp_query
0001c981   etharp_raw
0001faa9   etharp_request
0001f45d   etharp_tmr
000182c8   ethbroadcast
0001e029   ethernet_input
000182ce   ethzero
0001f2dd   exit
00018108   file_404_htm
000180f8   file_block_htm
000180e8   file_family_htm
000180d8   file_favicon_ico
000180c8   file_images_austin_gif
000180b8   file_images_awards08_jpg
000180a8   file_images_chips_jpg
00018098   file_images_furyblck_gif
00018088   file_images_no16bit_jpg
00018078   file_images_no8bit_jpg
00018068   file_images_noasm_jpg
00018058   file_images_nopin_jpg
00018048   file_images_ti_logo_gif
00018038   file_index_htm
00018028   file_io_cgi_ssi
00018018   file_io_http_htm
00018008   file_perror_htm
0002051f   fs_close
00019ac5   fs_open
0001f49d   fs_read
200054a4   g_iNumCGIs
20005498   g_iNumTags
200054a0   g_pCGIs
20005484   g_pcSSIExtensions
20005494   g_pfnSSIHandler
00000000   g_pfnVectors
2000549c   g_ppcTags
00018314   g_psDefaultFilenames
20005408   g_psHTTPHeaderStrings
20005380   g_psHTTPHeaders
20004f78   g_ulDutyCycle
20004f74   g_ulFrequency
000200af   htonl
000203ed   htons
00020261   http_set_cgi_handlers
00020025   http_set_ssi_handler
0001fc81   httpd_init
0001a8e9   icmp_input
000203f9   inet_chksum
0001f015   inet_chksum_pbuf
0001d99b   inet_chksum_pseudo
0001e325   inet_ntoa
0001f82d   io_get_ledstate
00020405   io_get_pwmdutycycle
00020411   io_get_pwmfreq
0001fd1d   io_get_pwmstate
0001d099   io_init
00020115   io_is_led_on
00020371   io_is_pwm_on
0001f05d   io_pwm_dutycycle
0001f249   io_pwm_freq
00020275   io_set_led
00020381   io_set_pwm
000182c0   ip_addr_any
000182c4   ip_addr_broadcast
0001f861   ip_addr_isbroadcast
0001a6d1   ip_input
0001f28d   ip_output
0001c2f1   ip_output_if
0001ed55   ip_route
0001fb01   lwIPEthernetIntHandler
0001b329   lwIPHostTimerHandler
0001f0a5   lwIPInit
0002041d   lwIPLocalGWAddrGet
00020429   lwIPLocalIPAddrGet
00020435   lwIPLocalNetMaskGet
00020041   lwIPTimer
00020441   lwip_init
20004be8   lwip_stats
0001add5   main
200054e4   main_func_sp
0001e5f1   mem_free
0001e909   mem_init
0001b9f5   mem_malloc
0001baed   mem_realloc
0001fded   memcmp
0001d469   memcpy
0001f591   memp_free
0001e38d   memp_init
0001e655   memp_malloc
0001ded1   memset
0001ee4d   netif_add
20004dd0   netif_default
000204ab   netif_is_up
20004dcc   netif_list
0002005d   netif_set_addr
0002031d   netif_set_down
0002044d   netif_set_gw
0001e6b9   netif_set_ipaddr
00020459   netif_set_netmask
0001fef1   netif_set_up
000200af   ntohl
000203ed   ntohs
0001b581   pbuf_alloc
0001fd41   pbuf_cat
000203ad   pbuf_chain
0002032f   pbuf_clen
0001d90d   pbuf_copy
0001e3f5   pbuf_copy_partial
0001eca9   pbuf_free
0001e251   pbuf_header
0001eee9   pbuf_realloc
000201cf   pbuf_ref
0001e45d   raw_input
0001f5cd   stellarisif_init
0001dfb5   stellarisif_interrupt
000201e5   strchr
0002015d   strcmp
00020289   strlen
0001fcf7   strncmp
0001f995   strstr
0002046f   sys_arch_protect
000204b5   sys_arch_unprotect
0001ce9d   tcp_abandon
00020523   tcp_accept
20004de4   tcp_active_pcbs
0001c7ed   tcp_alloc
00020527   tcp_arg
000182ac   tcp_backoff
0001c3c9   tcp_bind
20004ddc   tcp_bound_pcbs
0001cbd1   tcp_close
0001ffe9   tcp_eff_send_mss
00019719   tcp_enqueue
000204fd   tcp_err
0001eb3d   tcp_fasttmr
00019335   tcp_input
20004e24   tcp_input_pcb
0001e781   tcp_keepalive
20004de0   tcp_listen_pcbs
0001d759   tcp_listen_with_backlog
00020503   tcp_new
00020175   tcp_next_iss
0001ac41   tcp_output
0001f357   tcp_pcb_purge
0001e969   tcp_pcb_remove
000182b9   tcp_persist_backoff
000204bf   tcp_poll
00020509   tcp_recv
0001ff11   tcp_recv_null
0001f609   tcp_recved
0001f399   tcp_rexmit
0001ebf5   tcp_rexmit_fast
0001fb2d   tcp_rexmit_rto
0001d1e1   tcp_rst
0001fca9   tcp_seg_copy
00020007   tcp_seg_free
000200c9   tcp_segs_free
0002029d   tcp_send_ctrl
0001e2bb   tcp_send_empty_ack
0002050f   tcp_sent
00019d81   tcp_slowtmr
20004dd8   tcp_ticks
20004dec   tcp_tmp_pcb
0001ff31   tcp_tmr
20004de8   tcp_tw_pcbs
0001f8c9   tcp_update_rcv_ann_wnd
0001fb59   tcp_write
0001cf49   tcp_zero_window_probe
0001eb99   udp_bind
0001f135   udp_connect
0001a4ad   udp_input
00020079   udp_new
20004e28   udp_pcbs
00020515   udp_recv
0001fb85   udp_remove
0001f8fd   udp_sendto
0001c05d   udp_sendto_if
000200e3   usnprintf
0001ff51   usprintf
0001fe0f   ustrncpy
0001d285   ustrtoul
0001a00d   uvsnprintf


GLOBAL SYMBOLS: SORTED BY Symbol Address 

address    name
--------   ----
00000000   __TI_static_base__
00000000   g_pfnVectors
00000001   __TI_args_main
00000400   __STACK_SIZE
00018008   file_perror_htm
00018018   file_io_http_htm
00018028   file_io_cgi_ssi
00018038   file_index_htm
00018048   file_images_ti_logo_gif
00018058   file_images_nopin_jpg
00018068   file_images_noasm_jpg
00018078   file_images_no8bit_jpg
00018088   file_images_no16bit_jpg
00018098   file_images_furyblck_gif
000180a8   file_images_chips_jpg
000180b8   file_images_awards08_jpg
000180c8   file_images_austin_gif
000180d8   file_favicon_ico
000180e8   file_family_htm
000180f8   file_block_htm
00018108   file_404_htm
000182ac   tcp_backoff
000182b9   tcp_persist_backoff
000182c0   ip_addr_any
000182c4   ip_addr_broadcast
000182c8   ethbroadcast
000182ce   ethzero
00018314   g_psDefaultFilenames
00019335   tcp_input
00019719   tcp_enqueue
00019ac5   fs_open
00019d81   tcp_slowtmr
0001a00d   uvsnprintf
0001a4ad   udp_input
0001a6d1   ip_input
0001a8e9   icmp_input
0001aaa9   SysCtlClockGet
0001ac41   tcp_output
0001add5   main
0001af4d   etharp_arp_input
0001b0b1   SysCtlClockSet
0001b329   lwIPHostTimerHandler
0001b459   etharp_query
0001b581   pbuf_alloc
0001b9f5   mem_malloc
0001baed   mem_realloc
0001c05d   udp_sendto_if
0001c219   autoip_tmr
0001c2f1   ip_output_if
0001c3c9   tcp_bind
0001c4a1   RIT128x96x4StringDraw
0001c7ed   tcp_alloc
0001c8b9   GPIOPadConfigSet
0001c981   etharp_raw
0001cb11   etharp_output
0001cbd1   tcp_close
0001cc91   dhcp_release
0001cdf1   dhcp_start
0001ce9d   tcp_abandon
0001cf49   tcp_zero_window_probe
0001cff5   autoip_arp_reply
0001d099   io_init
0001d1e1   tcp_rst
0001d285   ustrtoul
0001d329   RIT128x96x4Init
0001d469   __aeabi_memcpy
0001d469   __aeabi_memcpy4
0001d469   __aeabi_memcpy8
0001d469   memcpy
0001d631   __TI_auto_init
0001d759   tcp_listen_with_backlog
0001d87d   dhcp_renew
0001d90d   pbuf_copy
0001d99b   inet_chksum_pseudo
0001dab1   SysCtlPeripheralReset
0001ddd7   CheckDecimalParam
0001dec9   __aeabi_memclr
0001dec9   __aeabi_memclr4
0001dec9   __aeabi_memclr8
0001decb   __aeabi_memset
0001decb   __aeabi_memset4
0001decb   __aeabi_memset8
0001ded1   memset
0001dfb5   stellarisif_interrupt
0001e029   ethernet_input
0001e251   pbuf_header
0001e2bb   tcp_send_empty_ack
0001e325   inet_ntoa
0001e38d   memp_init
0001e3f5   pbuf_copy_partial
0001e45d   raw_input
0001e4c5   IntEnable
0001e529   RIT128x96x4Disable
0001e58d   autoip_start
0001e5f1   mem_free
0001e655   memp_malloc
0001e6b9   netif_set_ipaddr
0001e781   tcp_keepalive
0001e849   DecodeFormString
0001e8a9   RIT128x96x4Enable
0001e909   mem_init
0001e969   tcp_pcb_remove
0001eb3d   tcp_fasttmr
0001eb99   udp_bind
0001ebf5   tcp_rexmit_fast
0001ec51   SysCtlPeripheralEnable
0001eca9   pbuf_free
0001ed55   ip_route
0001edfd   LocatorInit
0001ee4d   netif_add
0001eee9   pbuf_realloc
0001efcd   RIT128x96x4Clear
0001f015   inet_chksum_pbuf
0001f05d   io_pwm_dutycycle
0001f0a5   lwIPInit
0001f0ed   copy_in
0001f135   udp_connect
0001f17d   DisplayIPAddress
0001f1c1   SSIConfigSetExpClk
0001f249   io_pwm_freq
0001f28d   ip_output
0001f2d1   C$$EXIT
0001f2d5   abort
0001f2dd   exit
0001f315   dhcp_stop
0001f357   tcp_pcb_purge
0001f399   tcp_rexmit
0001f45d   etharp_tmr
0001f49d   fs_read
0001f4dd   DecodeHexEscape
0001f519   dhcp_coarse_tmr
0001f591   memp_free
0001f5cd   stellarisif_init
0001f609   tcp_recved
0001f643   EthernetMACAddrSet
0001f67d   FlashUserGet
0001f6b5   dhcp_fine_tmr
0001f75b   EthernetMACAddrGet
0001f791   LocatorAppTitleSet
0001f82d   io_get_ledstate
0001f861   ip_addr_isbroadcast
0001f895   _c_int00
0001f8c9   tcp_update_rcv_ann_wnd
0001f8fd   udp_sendto
0001f995   strstr
0001f9c7   GPIODirModeSet
0001f9f5   HexDigit
0001fa51   FindCGIParameter
0001faa9   etharp_request
0001fb01   lwIPEthernetIntHandler
0001fb2d   tcp_rexmit_rto
0001fb59   tcp_write
0001fb85   udp_remove
0001fbb1   EthernetConfigSet
0001fbdb   GetCGIParam
0001fc59   PWMGenConfigure
0001fc81   httpd_init
0001fca9   tcp_seg_copy
0001fcf7   strncmp
0001fd1d   io_get_pwmstate
0001fd41   pbuf_cat
0001fd65   EthernetEnable
0001fd87   IsValidHexDigit
0001fdcb   etharp_ip_input
0001fded   memcmp
0001fe0f   ustrncpy
0001fe31   LocatorMACAddrSet
0001fe51   SysTickIntHandler
0001fef1   netif_set_up
0001ff11   tcp_recv_null
0001ff31   tcp_tmr
0001ff51   usprintf
0001ff71   EthernetPHYRead
0001ff8f   PWMPulseWidthSet
0001ffe9   tcp_eff_send_mss
00020007   tcp_seg_free
00020025   http_set_ssi_handler
00020041   lwIPTimer
0002005d   netif_set_addr
00020079   udp_new
00020095   dhcp_arp_reply
000200af   htonl
000200af   ntohl
000200c9   tcp_segs_free
000200e3   usnprintf
00020115   io_is_led_on
0002012d   _register_unlock
00020133   _register_lock
00020139   _nop
00020145   _args_main
0002015d   strcmp
00020175   tcp_next_iss
0002018d   PWMOutputState
000201cf   pbuf_ref
000201e5   strchr
000201fd   EthernetInitExpClk
00020211   PWMGenPeriodSet
00020225   SysCtlPWMClockSet
00020239   SysTickEnable
0002024d   SysTickIntEnable
00020261   http_set_cgi_handlers
00020275   io_set_led
00020289   strlen
0002029d   tcp_send_ctrl
000202b1   GPIOPinTypeEthernetLED
000202c3   GPIOPinTypeGPIOOutput
000202d5   GPIOPinTypePWM
000202e7   GPIOPinTypeSSI
000202f9   SSIDataGetNonBlocking
0002030b   __TI_zero_init
0002031d   netif_set_down
0002032f   pbuf_clen
00020341   SysTickPeriodSet
00020351   autoip_stop
00020371   io_is_pwm_on
00020381   io_set_pwm
00020391   __TI_decompress_none
000203ad   pbuf_chain
000203bb   CPUcpsid
000203c7   CPUcpsie
000203d3   EthernetIntStatus
000203e1   RIT128x96x4DisplayOff
000203ed   htons
000203ed   ntohs
000203f9   inet_chksum
00020405   io_get_pwmdutycycle
00020411   io_get_pwmfreq
0002041d   lwIPLocalGWAddrGet
00020429   lwIPLocalIPAddrGet
00020435   lwIPLocalNetMaskGet
00020441   lwip_init
0002044d   netif_set_gw
00020459   netif_set_netmask
00020465   EthernetIntDisable
0002046f   IntMasterDisable
0002046f   sys_arch_protect
00020479   IntMasterEnable
00020483   PWMGenEnable
0002048d   SSIDataPut
00020497   SSIDisable
000204a1   SSIEnable
000204ab   netif_is_up
000204b5   sys_arch_unprotect
000204bf   tcp_poll
000204c9   EthernetIntEnable
000204d1   SSIBusy
000204d9   GPIOPinRead
000204df   GPIOPinWrite
000204e5   ResetISR
000204eb   SysCtlDelay
000204f1   __TI_decompress_rle24
000204fd   tcp_err
00020503   tcp_new
00020509   tcp_recv
0002050f   tcp_sent
00020515   udp_recv
0002051b   EthernetIntClear
0002051f   fs_close
00020523   tcp_accept
00020527   tcp_arg
00020648   __TI_Handler_Table_Base
00020654   __TI_Handler_Table_Limit
00020660   __TI_CINIT_Base
00020670   __TI_CINIT_Limit
20004be8   lwip_stats
20004dcc   netif_list
20004dd0   netif_default
20004dd8   tcp_ticks
20004ddc   tcp_bound_pcbs
20004de0   tcp_listen_pcbs
20004de4   tcp_active_pcbs
20004de8   tcp_tw_pcbs
20004dec   tcp_tmp_pcb
20004e24   tcp_input_pcb
20004e28   udp_pcbs
20004e2c   current_netif
20004e30   current_header
20004f74   g_ulFrequency
20004f78   g_ulDutyCycle
20004f80   __stack
20005380   __STACK_END
20005380   __STACK_TOP
20005380   g_psHTTPHeaders
20005408   g_psHTTPHeaderStrings
20005484   g_pcSSIExtensions
20005494   g_pfnSSIHandler
20005498   g_iNumTags
2000549c   g_ppcTags
200054a0   g_pCGIs
200054a4   g_iNumCGIs
200054d4   _lock
200054d8   _unlock
200054dc   _cleanup_ptr
200054e0   _dtors_ptr
200054e4   main_func_sp
ffffffff   __binit__
ffffffff   __c_args__
ffffffff   binit
UNDEFED    SHT$$INIT_ARRAY$$Base
UNDEFED    SHT$$INIT_ARRAY$$Limit

[300 symbols]
