******************************************************************************
                  TMS470 Linker PC v4.9.5                      
******************************************************************************
>> Linked Wed Nov 18 21:31:34 2015

OUTPUT FILE NAME:   <morse_testing.out>
ENTRY POINT SYMBOL: "_c_int00"  address: 0001f851


MEMORY CONFIGURATION

         name            origin    length      used     unused   attr    fill
----------------------  --------  ---------  --------  --------  ----  --------
  FLASH                 00000000   00040000  00020626  0001f9da  R  X
  SRAM                  20000000   00010000  000054e8  0000ab18  RW X


SEGMENT ALLOCATION MAP

run origin  load origin   length   init length attrs members
----------  ----------- ---------- ----------- ----- -------
00000000    00000000    00020628   00020628    r-x
  00000000    00000000    000000f0   000000f0    r-- .intvecs
  000000f0    000000f0    00018268   00018268    r-- .const
  00018358    00018358    0000818e   0000818e    r-x .text
  000204e8    000204e8    00000140   00000140    r-- .cinit
20000000    20000000    00005380   00000000    rw-
  20000000    20000000    00004f80   00000000    rw- .bss
  20004f80    20004f80    00000400   00000000    rw- .stack
20005380    20005380    00000168   00000168    rw-
  20005380    20005380    00000168   00000168    rw- .data


SECTION ALLOCATION MAP

 output                                  attributes/
section   page    origin      length       input sections
--------  ----  ----------  ----------   ----------------
.intvecs   0    00000000    000000f0     
                  00000000    000000f0     startup_ccs.obj (.intvecs)

.init_array 
*          0    00000000    00000000     UNINITIALIZED

.const     0    000000f0    00018268     
                  000000f0    00005afe     lmi_fs.obj (.const:data_images_furyblck_gif)
                  00005bee    00000002     --HOLE-- [fill = 0]
                  00005bf0    00002930     lmi_fs.obj (.const:data_images_awards08_jpg)
                  00008520    00002362     lmi_fs.obj (.const:data_io_http_htm)
                  0000a882    00000002     --HOLE-- [fill = 0]
                  0000a884    00001a6f     lmi_fs.obj (.const:data_images_noasm_jpg)
                  0000c2f3    00000001     --HOLE-- [fill = 0]
                  0000c2f4    00001a38     lmi_fs.obj (.const:data_images_no8bit_jpg)
                  0000dd2c    00001a26     lmi_fs.obj (.const:data_images_no16bit_jpg)
                  0000f752    00000002     --HOLE-- [fill = 0]
                  0000f754    00001a14     lmi_fs.obj (.const:data_images_nopin_jpg)
                  00011168    000017a0     lmi_fs.obj (.const:data_images_chips_jpg)
                  00012908    00001170     lmi_fs.obj (.const:data_family_htm)
                  00013a78    00000d99     lmi_fs.obj (.const:data_images_austin_gif)
                  00014811    00000003     --HOLE-- [fill = 0]
                  00014814    00000ceb     lmi_fs.obj (.const:data_images_ti_logo_gif)
                  000154ff    00000001     --HOLE-- [fill = 0]
                  00015500    00000852     lmi_fs.obj (.const:data_perror_htm)
                  00015d52    00000002     --HOLE-- [fill = 0]
                  00015d54    00000801     lmi_fs.obj (.const:data_block_htm)
                  00016555    00000003     --HOLE-- [fill = 0]
                  00016558    0000076f     lmi_fs.obj (.const:data_io_cgi_ssi)
                  00016cc7    00000001     --HOLE-- [fill = 0]
                  00016cc8    000006c3     lmi_fs.obj (.const:data_favicon_ico)
                  0001738b    00000001     --HOLE-- [fill = 0]
                  0001738c    000005cd     lmi_fs.obj (.const:data_index_htm)
                  00017959    00000003     --HOLE-- [fill = 0]
                  0001795c    00000380     httpd.obj (.const:.string)
                  00017cdc    000001e0     rit128x96x4.obj (.const:g_pucFont)
                  00017ebc    0000014b     lmi_fs.obj (.const:data_404_htm)
                  00018007    00000001     --HOLE-- [fill = 0]
                  00018008    00000110     lmi_fs.obj (.const)
                  00018118    00000070     driverlib-cm3.lib : interrupt.obj (.const)
                  00018188    0000006c                       : sysctl.obj (.const:g_pulXtals)
                  000181f4    0000004f     rit128x96x4.obj (.const:g_pucRIT128x96x4Init)
                  00018243    00000001     --HOLE-- [fill = 0]
                  00018244    00000048     enet_io.obj (.const:.string)
                  0001828c    00000048     lwiplib.obj (.const)
                  000182d4    00000040     driverlib-cm3.lib : sysctl.obj (.const)
                  00018314    00000028     httpd.obj (.const:g_psDefaultFilenames)
                  0001833c    00000010     enet_io.obj (.const)
                  0001834c    0000000c     rit128x96x4.obj (.const)

.text      0    00018358    0000818e     
                  00018358    00000704     lwiplib.obj (.text:tcp_receive)
                  00018a5c    000004aa     httpd.obj (.text:send_data)
                  00018f06    00000002     startup_ccs.obj (.text:FaultISR)
                  00018f08    0000042c     lwiplib.obj (.text:tcp_process)
                  00019334    000003e4     lwiplib.obj (.text:tcp_input)
                  00019718    000003ac     lwiplib.obj (.text:tcp_enqueue)
                  00019ac4    000002bc     lmi_fs.obj (.text:fs_open)
                  00019d80    0000028c     lwiplib.obj (.text:tcp_slowtmr)
                  0001a00c    00000262     ustdlib.obj (.text:uvsnprintf)
                  0001a26e    00000002     startup_ccs.obj (.text:IntDefaultHandler)
                  0001a270    0000023c     httpd.obj (.text:http_recv)
                  0001a4ac    00000224     lwiplib.obj (.text:udp_input)
                  0001a6d0    00000218     lwiplib.obj (.text:ip_input)
                  0001a8e8    000001c0     lwiplib.obj (.text:icmp_input)
                  0001aaa8    00000198     driverlib-cm3.lib : sysctl.obj (.text:SysCtlClockGet)
                  0001ac40    00000194     lwiplib.obj (.text:tcp_output)
                  0001add4    0000016c     enet_io.obj (.text:main)
                  0001af40    00000164     lwiplib.obj (.text:etharp_arp_input)
                  0001b0a4    00000144     driverlib-cm3.lib : sysctl.obj (.text:SysCtlClockSet)
                  0001b1e8    00000134     lwiplib.obj (.text:find_entry)
                  0001b31c    00000128     lwiplib.obj (.text:etharp_query)
                  0001b444    00000128     lwiplib.obj (.text:pbuf_alloc)
                  0001b56c    00000120     lwiplib.obj (.text:tcp_listen_input)
                  0001b68c    0000011b     enet_io.obj (.text:SSIHandler)
                  0001b7a7    00000001     --HOLE-- [fill = 0]
                  0001b7a8    00000110     lwiplib.obj (.text:dhcp_create_request)
                  0001b8b8    000000f8     enet_io.obj (.text:lwIPHostTimerHandler)
                  0001b9b0    000000f8     lwiplib.obj (.text:mem_malloc)
                  0001baa8    000000f8     lwiplib.obj (.text:mem_realloc)
                  0001bba0    000000f0     lwiplib.obj (.text:dhcp_select)
                  0001bc90    000000e8     lwiplib.obj (.text:dhcp_discover)
                  0001bd78    000000e0     enet_io.obj (.text:ControlCGIHandler)
                  0001be58    000000e0     lwiplib.obj (.text:dhcp_handle_ack)
                  0001bf38    000000e0     httpd.obj (.text:get_http_headers)
                  0001c018    000000e0     lwiplib.obj (.text:udp_sendto_if)
                  0001c0f8    000000dc     lwiplib.obj (.text:dhcp_bind)
                  0001c1d4    000000d8     lwiplib.obj (.text:autoip_tmr)
                  0001c2ac    000000d8     lwiplib.obj (.text:ip_output_if)
                  0001c384    000000d8     lwiplib.obj (.text:tcp_bind)
                  0001c45c    000000d4     rit128x96x4.obj (.text:RIT128x96x4StringDraw)
                  0001c530    000000d4     lwiplib.obj (.text:dhcp_recv)
                  0001c604    000000d4     lwiplib.obj (.text:lwIPServiceTimers)
                  0001c6d8    000000d0     lwiplib.obj (.text:lwIPPrivateInit)
                  0001c7a8    000000cc     lwiplib.obj (.text:tcp_alloc)
                  0001c874    000000c8     driverlib-cm3.lib : gpio.obj (.text:GPIOPadConfigSet)
                  0001c93c    000000c8     lwiplib.obj (.text:etharp_raw)
                  0001ca04    000000c8     lwiplib.obj (.text:tcp_output_segment)
                  0001cacc    000000c0     lwiplib.obj (.text:etharp_output)
                  0001cb8c    000000c0     lwiplib.obj (.text:tcp_close)
                  0001cc4c    000000b4     lwiplib.obj (.text:dhcp_release)
                  0001cd00    000000ac     lwiplib.obj (.text:dhcp_reboot)
                  0001cdac    000000ac     lwiplib.obj (.text:dhcp_start)
                  0001ce58    000000ac     lwiplib.obj (.text:tcp_abandon)
                  0001cf04    000000ac     lwiplib.obj (.text:tcp_zero_window_probe)
                  0001cfb0    000000a4     lwiplib.obj (.text:autoip_arp_reply)
                  0001d054    000000a4     io.obj (.text:io_init)
                  0001d0f8    000000a4     lwiplib.obj (.text:stellarisif_transmit)
                  0001d19c    000000a4     lwiplib.obj (.text:tcp_rst)
                  0001d240    000000a4     ustdlib.obj (.text:ustrtoul)
                  0001d2e4    000000a0     rit128x96x4.obj (.text:RIT128x96x4Init)
                  0001d384    000000a0     lwiplib.obj (.text:update_arp_entry)
                  0001d424    0000009c     rtsv7M3_T_le_eabi.lib : memcpy_t2.obj (.text)
                  0001d4c0    00000098     httpd.obj (.text:get_tag_insert)
                  0001d558    00000094     enet_io.obj (.text:SetTextCGIHandler)
                  0001d5ec    00000094     rtsv7M3_T_le_eabi.lib : auto_init.obj (.text)
                  0001d680    00000094     lwiplib.obj (.text:stellarisif_receive)
                  0001d714    00000094     lwiplib.obj (.text:tcp_listen_with_backlog)
                  0001d7a8    00000090     lwiplib.obj (.text:dhcp_rebind)
                  0001d838    00000090     lwiplib.obj (.text:dhcp_renew)
                  0001d8c8    0000008e     lwiplib.obj (.text:pbuf_copy)
                  0001d956    0000008c     lwiplib.obj (.text:inet_chksum_pseudo)
                  0001d9e2    00000002     startup_ccs.obj (.text:NmiSR)
                  0001d9e4    00000088     locator.obj (.text:LocatorReceive)
                  0001da6c    00000088     driverlib-cm3.lib : sysctl.obj (.text:SysCtlPeripheralReset)
                  0001daf4    00000088     lwiplib.obj (.text:dhcp_get_option_ptr)
                  0001db7c    00000088     lwiplib.obj (.text:tcp_oos_insert_segment)
                  0001dc04    00000088     lwiplib.obj (.text:tcp_timewait_input)
                  0001dc8c    00000084     lwiplib.obj (.text:tcp_parseopt)
                  0001dd10    00000082     lwiplib.obj (.text:dhcp_timeout)
                  0001dd92    00000078     cgifuncs.obj (.text:CheckDecimalParam)
                  0001de0a    00000002     --HOLE-- [fill = 0]
                  0001de0c    00000078     lwiplib.obj (.text:dhcp_decline)
                  0001de84    00000078     rtsv7M3_T_le_eabi.lib : memset_t2.obj (.text)
                  0001defc    00000074     httpd.obj (.text:extract_uri_parameters)
                  0001df70    00000074     lwiplib.obj (.text:stellarisif_interrupt)
                  0001dfe4    00000070     lwiplib.obj (.text:ethernet_input)
                  0001e054    00000070     lwiplib.obj (.text:icmp_send_response)
                  0001e0c4    0000006e     lwiplib.obj (.text:dhcp_unfold_reply)
                  0001e132    0000006e     lwiplib.obj (.text:tcp_output_set_header)
                  0001e1a0    0000006c     lwiplib.obj (.text:stellarisif_hwinit)
                  0001e20c    0000006a     lwiplib.obj (.text:pbuf_header)
                  0001e276    0000006a     lwiplib.obj (.text:tcp_send_empty_ack)
                  0001e2e0    00000068     lwiplib.obj (.text:inet_ntoa)
                  0001e348    00000068     lwiplib.obj (.text:memp_init)
                  0001e3b0    00000068     lwiplib.obj (.text:pbuf_copy_partial)
                  0001e418    00000068     lwiplib.obj (.text:raw_input)
                  0001e480    00000064     driverlib-cm3.lib : interrupt.obj (.text:IntEnable)
                  0001e4e4    00000064     rit128x96x4.obj (.text:RIT128x96x4Disable)
                  0001e548    00000064     lwiplib.obj (.text:autoip_start)
                  0001e5ac    00000064     lwiplib.obj (.text:mem_free)
                  0001e610    00000064     lwiplib.obj (.text:memp_malloc)
                  0001e674    00000064     lwiplib.obj (.text:netif_set_ipaddr)
                  0001e6d8    00000064     lwiplib.obj (.text:plug_holes)
                  0001e73c    00000064     lwiplib.obj (.text:tcp_keepalive)
                  0001e7a0    00000064     lwiplib.obj (.text:tcp_new_port)
                  0001e804    00000060     cgifuncs.obj (.text:DecodeFormString)
                  0001e864    00000060     rit128x96x4.obj (.text:RIT128x96x4Enable)
                  0001e8c4    00000060     lwiplib.obj (.text:mem_init)
                  0001e924    00000060     lwiplib.obj (.text:tcp_pcb_remove)
                  0001e984    0000005e     rtsv7M3_T_le_eabi.lib : copy_decompress_rle.obj (.text)
                  0001e9e2    00000002     --HOLE-- [fill = 0]
                  0001e9e4    0000005c     rit128x96x4.obj (.text:RITWriteCommand)
                  0001ea40    0000005c     rit128x96x4.obj (.text:RITWriteData)
                  0001ea9c    0000005c     httpd.obj (.text:http_accept)
                  0001eaf8    0000005c     lwiplib.obj (.text:tcp_fasttmr)
                  0001eb54    0000005c     lwiplib.obj (.text:udp_bind)
                  0001ebb0    0000005a     lwiplib.obj (.text:tcp_rexmit_fast)
                  0001ec0a    00000002     --HOLE-- [fill = 0]
                  0001ec0c    00000058     driverlib-cm3.lib : sysctl.obj (.text:SysCtlPeripheralEnable)
                  0001ec64    00000056     lwiplib.obj (.text:pbuf_free)
                  0001ecba    00000002     --HOLE-- [fill = 0]
                  0001ecbc    00000054     lwiplib.obj (.text:autoip_create_addr)
                  0001ed10    00000054     lwiplib.obj (.text:ip_route)
                  0001ed64    00000054     lwiplib.obj (.text:stellarisif_output)
                  0001edb8    00000050     locator.obj (.text:LocatorInit)
                  0001ee08    00000050     lwiplib.obj (.text:netif_add)
                  0001ee58    0000004c     lwiplib.obj (.text:lwip_standard_chksum)
                  0001eea4    0000004c     lwiplib.obj (.text:pbuf_realloc)
                  0001eef0    0000004c     lwiplib.obj (.text:tcp_kill_prio)
                  0001ef3c    0000004a     lwiplib.obj (.text:autoip_start_probing)
                  0001ef86    00000002     --HOLE-- [fill = 0]
                  0001ef88    00000048     rit128x96x4.obj (.text:RIT128x96x4Clear)
                  0001efd0    00000048     lwiplib.obj (.text:inet_chksum_pbuf)
                  0001f018    00000048     io.obj (.text:io_pwm_dutycycle)
                  0001f060    00000048     lwiplib.obj (.text:lwIPInit)
                  0001f0a8    00000048     rtsv7M3_T_le_eabi.lib : cpy_tbl.obj (.text)
                  0001f0f0    00000048     lwiplib.obj (.text:udp_connect)
                  0001f138    00000044     enet_io.obj (.text:DisplayIPAddress)
                  0001f17c    00000044     driverlib-cm3.lib : ssi.obj (.text:SSIConfigSetExpClk)
                  0001f1c0    00000044     lwiplib.obj (.text:enqueue_packet)
                  0001f204    00000044     io.obj (.text:io_pwm_freq)
                  0001f248    00000044     lwiplib.obj (.text:ip_output)
                  0001f28c    00000044     rtsv7M3_T_le_eabi.lib : exit.obj (.text)
                  0001f2d0    00000042     lwiplib.obj (.text:dhcp_stop)
                  0001f312    00000042     lwiplib.obj (.text:tcp_pcb_purge)
                  0001f354    00000042     lwiplib.obj (.text:tcp_rexmit)
                  0001f396    00000040     httpd.obj (.text:close_conn)
                  0001f3d6    00000040     lwiplib.obj (.text:dhcp_option_long)
                  0001f416    00000002     --HOLE-- [fill = 0]
                  0001f418    00000040     lwiplib.obj (.text:etharp_tmr)
                  0001f458    00000040     lmi_fs.obj (.text:fs_read)
                  0001f498    0000003c     cgifuncs.obj (.text:DecodeHexEscape)
                  0001f4d4    0000003c     lwiplib.obj (.text:dhcp_coarse_tmr)
                  0001f510    0000003c     httpd.obj (.text:http_poll)
                  0001f54c    0000003c     lwiplib.obj (.text:memp_free)
                  0001f588    0000003c     lwiplib.obj (.text:stellarisif_init)
                  0001f5c4    0000003a     lwiplib.obj (.text:tcp_recved)
                  0001f5fe    00000038     driverlib-cm3.lib : ethernet.obj (.text:EthernetMACAddrSet)
                  0001f636    00000002     --HOLE-- [fill = 0]
                  0001f638    00000038                       : flash.obj (.text:FlashUserGet)
                  0001f670    00000038     lwiplib.obj (.text:dhcp_fine_tmr)
                  0001f6a8    00000038     lwiplib.obj (.text:tcp_kill_timewait)
                  0001f6e0    00000035     httpd.obj (.text:get_404_file)
                  0001f715    00000001     --HOLE-- [fill = 0]
                  0001f716    00000034     driverlib-cm3.lib : ethernet.obj (.text:EthernetMACAddrGet)
                  0001f74a    00000002     --HOLE-- [fill = 0]
                  0001f74c    00000034     locator.obj (.text:LocatorAppTitleSet)
                  0001f780    00000034     lwiplib.obj (.text:autoip_arp_probe)
                  0001f7b4    00000034     lwiplib.obj (.text:dhcp_handle_nak)
                  0001f7e8    00000034     io.obj (.text:io_get_ledstate)
                  0001f81c    00000034     lwiplib.obj (.text:ip_addr_isbroadcast)
                  0001f850    00000034     rtsv7M3_T_le_eabi.lib : boot.obj (.text)
                  0001f884    00000034     lwiplib.obj (.text:tcp_update_rcv_ann_wnd)
                  0001f8b8    00000034     lwiplib.obj (.text:udp_sendto)
                  0001f8ec    00000032     lwiplib.obj (.text:dhcp_handle_offer)
                  0001f91e    00000032     lwiplib.obj (.text:dhcp_option_trailer)
                  0001f950    00000032     rtsv7M3_T_le_eabi.lib : strstr.obj (.text)
                  0001f982    0000002e     driverlib-cm3.lib : gpio.obj (.text:GPIODirModeSet)
                  0001f9b0    0000002e     cgifuncs.obj (.text:HexDigit)
                  0001f9de    0000002e     lwiplib.obj (.text:dequeue_packet)
                  0001fa0c    0000002c     cgifuncs.obj (.text:FindCGIParameter)
                  0001fa38    0000002c     lwiplib.obj (.text:autoip_arp_announce)
                  0001fa64    0000002c     lwiplib.obj (.text:etharp_request)
                  0001fa90    0000002c     httpd.obj (.text:http_sent)
                  0001fabc    0000002c     lwiplib.obj (.text:lwIPEthernetIntHandler)
                  0001fae8    0000002c     lwiplib.obj (.text:tcp_rexmit_rto)
                  0001fb14    0000002c     lwiplib.obj (.text:tcp_write)
                  0001fb40    0000002c     lwiplib.obj (.text:udp_remove)
                  0001fb6c    0000002a     driverlib-cm3.lib : ethernet.obj (.text:EthernetConfigSet)
                  0001fb96    0000002a     cgifuncs.obj (.text:GetCGIParam)
                  0001fbc0    0000002a     lwiplib.obj (.text:autoip_bind)
                  0001fbea    0000002a     lwiplib.obj (.text:etharp_send_ip)
                  0001fc14    00000028     driverlib-cm3.lib : pwm.obj (.text:PWMGenConfigure)
                  0001fc3c    00000028     httpd.obj (.text:httpd_init)
                  0001fc64    00000028     lwiplib.obj (.text:tcp_seg_copy)
                  0001fc8c    00000026     lwiplib.obj (.text:dhcp_check)
                  0001fcb2    00000026     rtsv7M3_T_le_eabi.lib : strncmp.obj (.text)
                  0001fcd8    00000024     io.obj (.text:io_get_pwmstate)
                  0001fcfc    00000024     lwiplib.obj (.text:pbuf_cat)
                  0001fd20    00000022     driverlib-cm3.lib : ethernet.obj (.text:EthernetEnable)
                  0001fd42    00000022     cgifuncs.obj (.text:IsValidHexDigit)
                  0001fd64    00000022     httpd.obj (.text:conn_err)
                  0001fd86    00000022     lwiplib.obj (.text:etharp_ip_input)
                  0001fda8    00000022     rtsv7M3_T_le_eabi.lib : memcmp.obj (.text)
                  0001fdca    00000022     ustdlib.obj (.text:ustrncpy)
                  0001fdec    00000020     locator.obj (.text:LocatorMACAddrSet)
                  0001fe0c    00000020     enet_io.obj (.text:SysTickIntHandler)
                  0001fe2c    00000020     lwiplib.obj (.text:autoip_handle_arp_conflict)
                  0001fe4c    00000020     lwiplib.obj (.text:dhcp_free_reply)
                  0001fe6c    00000020     lwiplib.obj (.text:dhcp_option)
                  0001fe8c    00000020     lwiplib.obj (.text:dhcp_option_short)
                  0001feac    00000020     lwiplib.obj (.text:netif_set_up)
                  0001fecc    00000020     lwiplib.obj (.text:tcp_recv_null)
                  0001feec    00000020     lwiplib.obj (.text:tcp_tmr)
                  0001ff0c    00000020     ustdlib.obj (.text:usprintf)
                  0001ff2c    0000001e     driverlib-cm3.lib : ethernet.obj (.text:EthernetPHYRead)
                  0001ff4a    0000001e                       : pwm.obj (.text:PWMPulseWidthSet)
                  0001ff68    0000001e     lwiplib.obj (.text:dhcp_get_option_long)
                  0001ff86    0000001e     lwiplib.obj (.text:free_etharp_q)
                  0001ffa4    0000001e     lwiplib.obj (.text:tcp_eff_send_mss)
                  0001ffc2    0000001e     lwiplib.obj (.text:tcp_seg_free)
                  0001ffe0    0000001c     httpd.obj (.text:http_set_ssi_handler)
                  0001fffc    0000001c     lwiplib.obj (.text:lwIPTimer)
                  00020018    0000001c     lwiplib.obj (.text:netif_set_addr)
                  00020034    0000001c     lwiplib.obj (.text:udp_new)
                  00020050    0000001a     lwiplib.obj (.text:dhcp_arp_reply)
                  0002006a    0000001a     lwiplib.obj (.text:htonl)
                  00020084    0000001a     lwiplib.obj (.text:tcp_segs_free)
                  0002009e    0000001a     ustdlib.obj (.text:usnprintf)
                  000200b8    00000018     lwiplib.obj (.text:dhcp_delete_request)
                  000200d0    00000018     io.obj (.text:io_is_led_on)
                  000200e8    00000018     rtsv7M3_T_le_eabi.lib : _lock.obj (.text)
                  00020100    00000018                           : args_main.obj (.text)
                  00020118    00000018                           : strcmp.obj (.text)
                  00020130    00000018     lwiplib.obj (.text:tcp_next_iss)
                  00020148    00000016     driverlib-cm3.lib : pwm.obj (.text:PWMOutputState)
                  0002015e    00000016     lwiplib.obj (.text:dhcp_t1_timeout)
                  00020174    00000016     lwiplib.obj (.text:dhcp_t2_timeout)
                  0002018a    00000016     lwiplib.obj (.text:pbuf_ref)
                  000201a0    00000016     rtsv7M3_T_le_eabi.lib : strchr.obj (.text)
                  000201b6    00000002     --HOLE-- [fill = 0]
                  000201b8    00000014     driverlib-cm3.lib : ethernet.obj (.text:EthernetInitExpClk)
                  000201cc    00000014                       : pwm.obj (.text:PWMGenPeriodSet)
                  000201e0    00000014                       : sysctl.obj (.text:SysCtlPWMClockSet)
                  000201f4    00000014                       : systick.obj (.text:SysTickEnable)
                  00020208    00000014                       : systick.obj (.text:SysTickIntEnable)
                  0002021c    00000014     httpd.obj (.text:http_set_cgi_handlers)
                  00020230    00000014     io.obj (.text:io_set_led)
                  00020244    00000014     rtsv7M3_T_le_eabi.lib : strlen.obj (.text)
                  00020258    00000014     lwiplib.obj (.text:tcp_send_ctrl)
                  0002026c    00000012     driverlib-cm3.lib : gpio.obj (.text:GPIOPinTypeEthernetLED)
                  0002027e    00000012                       : gpio.obj (.text:GPIOPinTypeGPIOOutput)
                  00020290    00000012                       : gpio.obj (.text:GPIOPinTypePWM)
                  000202a2    00000012                       : gpio.obj (.text:GPIOPinTypeSSI)
                  000202b4    00000012                       : ssi.obj (.text:SSIDataGetNonBlocking)
                  000202c6    00000012     rtsv7M3_T_le_eabi.lib : copy_zero_init.obj (.text:decompress:ZI)
                  000202d8    00000012     lwiplib.obj (.text:netif_set_down)
                  000202ea    00000012     lwiplib.obj (.text:pbuf_clen)
                  000202fc    00000010     driverlib-cm3.lib : systick.obj (.text:SysTickPeriodSet)
                  0002030c    00000010     lwiplib.obj (.text:autoip_stop)
                  0002031c    00000010     lwiplib.obj (.text:dhcp_option_byte)
                  0002032c    00000010     io.obj (.text:io_is_pwm_on)
                  0002033c    00000010     io.obj (.text:io_set_pwm)
                  0002034c    0000000e     rtsv7M3_T_le_eabi.lib : copy_decompress_none.obj (.text:decompress:none)
                  0002035a    0000000e     lwiplib.obj (.text:dhcp_set_state)
                  00020368    0000000e     lwiplib.obj (.text:pbuf_chain)
                  00020376    0000000c     driverlib-cm3.lib : cpu.obj (.text:CPUcpsid)
                  00020382    0000000c                       : cpu.obj (.text:CPUcpsie)
                  0002038e    0000000c                       : ethernet.obj (.text:EthernetIntStatus)
                  0002039a    00000002     --HOLE-- [fill = 0]
                  0002039c    0000000c     rit128x96x4.obj (.text:RIT128x96x4DisplayOff)
                  000203a8    0000000c     lwiplib.obj (.text:htons)
                  000203b4    0000000c     lwiplib.obj (.text:inet_chksum)
                  000203c0    0000000c     io.obj (.text:io_get_pwmdutycycle)
                  000203cc    0000000c     io.obj (.text:io_get_pwmfreq)
                  000203d8    0000000c     lwiplib.obj (.text:lwIPLocalGWAddrGet)
                  000203e4    0000000c     lwiplib.obj (.text:lwIPLocalIPAddrGet)
                  000203f0    0000000c     lwiplib.obj (.text:lwIPLocalNetMaskGet)
                  000203fc    0000000c     lwiplib.obj (.text:lwip_init)
                  00020408    0000000c     lwiplib.obj (.text:netif_set_gw)
                  00020414    0000000c     lwiplib.obj (.text:netif_set_netmask)
                  00020420    0000000a     driverlib-cm3.lib : ethernet.obj (.text:EthernetIntDisable)
                  0002042a    0000000a                       : interrupt.obj (.text:IntMasterDisable)
                  00020434    0000000a                       : interrupt.obj (.text:IntMasterEnable)
                  0002043e    0000000a                       : pwm.obj (.text:PWMGenEnable)
                  00020448    0000000a                       : ssi.obj (.text:SSIDataPut)
                  00020452    0000000a                       : ssi.obj (.text:SSIDisable)
                  0002045c    0000000a                       : ssi.obj (.text:SSIEnable)
                  00020466    0000000a     lwiplib.obj (.text:netif_is_up)
                  00020470    0000000a     lwiplib.obj (.text:sys_arch_unprotect)
                  0002047a    0000000a     lwiplib.obj (.text:tcp_poll)
                  00020484    00000008     driverlib-cm3.lib : ethernet.obj (.text:EthernetIntEnable)
                  0002048c    00000008                       : ssi.obj (.text:SSIBusy)
                  00020494    00000006                       : gpio.obj (.text:GPIOPinRead)
                  0002049a    00000006                       : gpio.obj (.text:GPIOPinWrite)
                  000204a0    00000006     startup_ccs.obj (.text:ResetISR)
                  000204a6    00000006     driverlib-cm3.lib : sysctl.obj (.text:SysCtlDelay)
                  000204ac    00000006     rtsv7M3_T_le_eabi.lib : copy_decompress_rle.obj (.text:decompress:rle24)
                  000204b2    00000006     lwiplib.obj (.text:tcp_accept_null)
                  000204b8    00000006     lwiplib.obj (.text:tcp_err)
                  000204be    00000006     lwiplib.obj (.text:tcp_new)
                  000204c4    00000006     lwiplib.obj (.text:tcp_recv)
                  000204ca    00000006     lwiplib.obj (.text:tcp_sent)
                  000204d0    00000006     lwiplib.obj (.text:udp_recv)
                  000204d6    00000004     driverlib-cm3.lib : ethernet.obj (.text:EthernetIntClear)
                  000204da    00000004     lmi_fs.obj (.text:fs_close)
                  000204de    00000004     lwiplib.obj (.text:tcp_accept)
                  000204e2    00000004     lwiplib.obj (.text:tcp_arg)

.cinit     0    000204e8    00000140     
                  000204e8    00000115     (.cinit..data.load) [load image, compression = rle]
                  000205fd    00000003     --HOLE-- [fill = 0]
                  00020600    0000000c     (__TI_handler_table)
                  0002060c    00000004     --HOLE-- [fill = 0]
                  00020610    00000008     (.cinit..bss.load) [load image, compression = zero_init]
                  00020618    00000010     (__TI_cinit_table)

.bss       0    20000000    00004f80     UNINITIALIZED
                  20000000    00003014     lwiplib.obj (.bss:ram_heap)
                  20003014    00001bd4     lwiplib.obj (.bss:memp_memory)
                  20004be8    000000ea     lwiplib.obj (.bss:lwip_stats)
                  20004cd2    00000002     --HOLE--
                  20004cd4    000000c8     lwiplib.obj (.bss:arp_table)
                  20004d9c    000000b8     lwiplib.obj (.bss)
                  20004e54    00000060     lwiplib.obj (.bss:stellarisif_data)
                  20004eb4    00000054     locator.obj (.bss:g_pucLocatorData)
                  20004f08    00000038     lwiplib.obj (.bss:g_sNetIF)
                  20004f40    00000028     lmi_fs.obj (.bss)
                  20004f68    0000000c     rit128x96x4.obj (.bss)
                  20004f74    00000008     io.obj (.bss)
                  20004f7c    00000004     enet_io.obj (.bss)

.stack     0    20004f80    00000400     UNINITIALIZED
                  20004f80    00000400     --HOLE--

.data      0    20005380    00000168     
                  20005380    00000088     httpd.obj (.data:g_psHTTPHeaders)
                  20005408    00000048     httpd.obj (.data:g_psHTTPHeaderStrings)
                  20005450    00000032     lwiplib.obj (.data)
                  20005482    00000002     --HOLE--
                  20005484    00000024     httpd.obj (.data)
                  200054a8    0000001c     enet_io.obj (.data)
                  200054c4    00000010     lmi_fs.obj (.data)
                  200054d4    00000008     rtsv7M3_T_le_eabi.lib : _lock.obj (.data)
                  200054dc    00000008                           : exit.obj (.data)
                  200054e4    00000004                           : stkdepth_vars.obj (.data)


LINKER GENERATED COPY TABLES

__TI_cinit_table @ 00020618 records: 2, size/record: 8, table size: 16
	.data: load addr=000204e8, load size=00000115 bytes, run addr=20005380, run size=00000168 bytes, compression=rle
	.bss: load addr=00020610, load size=00000008 bytes, run addr=20000000, run size=00004f80 bytes, compression=zero_init


LINKER GENERATED HANDLER TABLE

__TI_handler_table @ 00020600 records: 3, size/record: 4, table size: 12
	index: 0, handler: __TI_decompress_rle24
	index: 1, handler: __TI_decompress_none
	index: 2, handler: __TI_zero_init


GLOBAL SYMBOLS: SORTED ALPHABETICALLY BY Name 

address    name
--------   ----
0001f28d   C$$EXIT
00020377   CPUcpsid
00020383   CPUcpsie
0001dd93   CheckDecimalParam
0001e805   DecodeFormString
0001f499   DecodeHexEscape
0001f139   DisplayIPAddress
0001fb6d   EthernetConfigSet
0001fd21   EthernetEnable
000201b9   EthernetInitExpClk
000204d7   EthernetIntClear
00020421   EthernetIntDisable
00020485   EthernetIntEnable
0002038f   EthernetIntStatus
0001f717   EthernetMACAddrGet
0001f5ff   EthernetMACAddrSet
0001ff2d   EthernetPHYRead
0001fa0d   FindCGIParameter
0001f639   FlashUserGet
0001f983   GPIODirModeSet
0001c875   GPIOPadConfigSet
00020495   GPIOPinRead
0002026d   GPIOPinTypeEthernetLED
0002027f   GPIOPinTypeGPIOOutput
00020291   GPIOPinTypePWM
000202a3   GPIOPinTypeSSI
0002049b   GPIOPinWrite
0001fb97   GetCGIParam
0001f9b1   HexDigit
0001e481   IntEnable
0002042b   IntMasterDisable
00020435   IntMasterEnable
0001fd43   IsValidHexDigit
0001f74d   LocatorAppTitleSet
0001edb9   LocatorInit
0001fded   LocatorMACAddrSet
0001fc15   PWMGenConfigure
0002043f   PWMGenEnable
000201cd   PWMGenPeriodSet
00020149   PWMOutputState
0001ff4b   PWMPulseWidthSet
0001ef89   RIT128x96x4Clear
0001e4e5   RIT128x96x4Disable
0002039d   RIT128x96x4DisplayOff
0001e865   RIT128x96x4Enable
0001d2e5   RIT128x96x4Init
0001c45d   RIT128x96x4StringDraw
000204a1   ResetISR
UNDEFED    SHT$$INIT_ARRAY$$Base
UNDEFED    SHT$$INIT_ARRAY$$Limit
0002048d   SSIBusy
0001f17d   SSIConfigSetExpClk
000202b5   SSIDataGetNonBlocking
00020449   SSIDataPut
00020453   SSIDisable
0002045d   SSIEnable
0001aaa9   SysCtlClockGet
0001b0a5   SysCtlClockSet
000204a7   SysCtlDelay
000201e1   SysCtlPWMClockSet
0001ec0d   SysCtlPeripheralEnable
0001da6d   SysCtlPeripheralReset
000201f5   SysTickEnable
00020209   SysTickIntEnable
0001fe0d   SysTickIntHandler
000202fd   SysTickPeriodSet
20005380   __STACK_END
00000400   __STACK_SIZE
20005380   __STACK_TOP
00020618   __TI_CINIT_Base
00020628   __TI_CINIT_Limit
00020600   __TI_Handler_Table_Base
0002060c   __TI_Handler_Table_Limit
00000001   __TI_args_main
0001d5ed   __TI_auto_init
0002034d   __TI_decompress_none
000204ad   __TI_decompress_rle24
00000000   __TI_static_base__
000202c7   __TI_zero_init
0001de85   __aeabi_memclr
0001de85   __aeabi_memclr4
0001de85   __aeabi_memclr8
0001d425   __aeabi_memcpy
0001d425   __aeabi_memcpy4
0001d425   __aeabi_memcpy8
0001de87   __aeabi_memset
0001de87   __aeabi_memset4
0001de87   __aeabi_memset8
ffffffff   __binit__
ffffffff   __c_args__
20004f80   __stack
00020101   _args_main
0001f851   _c_int00
200054dc   _cleanup_ptr
200054e0   _dtors_ptr
200054d4   _lock
000200f5   _nop
000200ef   _register_lock
000200e9   _register_unlock
200054d8   _unlock
0001f291   abort
0001cfb1   autoip_arp_reply
0001e549   autoip_start
0002030d   autoip_stop
0001c1d5   autoip_tmr
ffffffff   binit
0001f0a9   copy_in
20004e30   current_header
20004e2c   current_netif
00020051   dhcp_arp_reply
0001f4d5   dhcp_coarse_tmr
0001f671   dhcp_fine_tmr
0001cc4d   dhcp_release
0001d839   dhcp_renew
0001cdad   dhcp_start
0001f2d1   dhcp_stop
0001af41   etharp_arp_input
0001fd87   etharp_ip_input
0001cacd   etharp_output
0001b31d   etharp_query
0001c93d   etharp_raw
0001fa65   etharp_request
0001f419   etharp_tmr
000182c8   ethbroadcast
0001dfe5   ethernet_input
000182ce   ethzero
0001f299   exit
00018108   file_404_htm
000180f8   file_block_htm
000180e8   file_family_htm
000180d8   file_favicon_ico
000180c8   file_images_austin_gif
000180b8   file_images_awards08_jpg
000180a8   file_images_chips_jpg
00018098   file_images_furyblck_gif
00018088   file_images_no16bit_jpg
00018078   file_images_no8bit_jpg
00018068   file_images_noasm_jpg
00018058   file_images_nopin_jpg
00018048   file_images_ti_logo_gif
00018038   file_index_htm
00018028   file_io_cgi_ssi
00018018   file_io_http_htm
00018008   file_perror_htm
000204db   fs_close
00019ac5   fs_open
0001f459   fs_read
200054a4   g_iNumCGIs
20005498   g_iNumTags
200054a0   g_pCGIs
20005484   g_pcSSIExtensions
20005494   g_pfnSSIHandler
00000000   g_pfnVectors
2000549c   g_ppcTags
00018314   g_psDefaultFilenames
20005408   g_psHTTPHeaderStrings
20005380   g_psHTTPHeaders
20004f78   g_ulDutyCycle
20004f74   g_ulFrequency
0002006b   htonl
000203a9   htons
0002021d   http_set_cgi_handlers
0001ffe1   http_set_ssi_handler
0001fc3d   httpd_init
0001a8e9   icmp_input
000203b5   inet_chksum
0001efd1   inet_chksum_pbuf
0001d957   inet_chksum_pseudo
0001e2e1   inet_ntoa
0001f7e9   io_get_ledstate
000203c1   io_get_pwmdutycycle
000203cd   io_get_pwmfreq
0001fcd9   io_get_pwmstate
0001d055   io_init
000200d1   io_is_led_on
0002032d   io_is_pwm_on
0001f019   io_pwm_dutycycle
0001f205   io_pwm_freq
00020231   io_set_led
0002033d   io_set_pwm
000182c0   ip_addr_any
000182c4   ip_addr_broadcast
0001f81d   ip_addr_isbroadcast
0001a6d1   ip_input
0001f249   ip_output
0001c2ad   ip_output_if
0001ed11   ip_route
0001fabd   lwIPEthernetIntHandler
0001b8b9   lwIPHostTimerHandler
0001f061   lwIPInit
000203d9   lwIPLocalGWAddrGet
000203e5   lwIPLocalIPAddrGet
000203f1   lwIPLocalNetMaskGet
0001fffd   lwIPTimer
000203fd   lwip_init
20004be8   lwip_stats
0001add5   main
200054e4   main_func_sp
0001e5ad   mem_free
0001e8c5   mem_init
0001b9b1   mem_malloc
0001baa9   mem_realloc
0001fda9   memcmp
0001d425   memcpy
0001f54d   memp_free
0001e349   memp_init
0001e611   memp_malloc
0001de8d   memset
0001ee09   netif_add
20004dd0   netif_default
00020467   netif_is_up
20004dcc   netif_list
00020019   netif_set_addr
000202d9   netif_set_down
00020409   netif_set_gw
0001e675   netif_set_ipaddr
00020415   netif_set_netmask
0001fead   netif_set_up
0002006b   ntohl
000203a9   ntohs
0001b445   pbuf_alloc
0001fcfd   pbuf_cat
00020369   pbuf_chain
000202eb   pbuf_clen
0001d8c9   pbuf_copy
0001e3b1   pbuf_copy_partial
0001ec65   pbuf_free
0001e20d   pbuf_header
0001eea5   pbuf_realloc
0002018b   pbuf_ref
0001e419   raw_input
0001f589   stellarisif_init
0001df71   stellarisif_interrupt
000201a1   strchr
00020119   strcmp
00020245   strlen
0001fcb3   strncmp
0001f951   strstr
0002042b   sys_arch_protect
00020471   sys_arch_unprotect
0001ce59   tcp_abandon
000204df   tcp_accept
20004de4   tcp_active_pcbs
0001c7a9   tcp_alloc
000204e3   tcp_arg
000182ac   tcp_backoff
0001c385   tcp_bind
20004ddc   tcp_bound_pcbs
0001cb8d   tcp_close
0001ffa5   tcp_eff_send_mss
00019719   tcp_enqueue
000204b9   tcp_err
0001eaf9   tcp_fasttmr
00019335   tcp_input
20004e24   tcp_input_pcb
0001e73d   tcp_keepalive
20004de0   tcp_listen_pcbs
0001d715   tcp_listen_with_backlog
000204bf   tcp_new
00020131   tcp_next_iss
0001ac41   tcp_output
0001f313   tcp_pcb_purge
0001e925   tcp_pcb_remove
000182b9   tcp_persist_backoff
0002047b   tcp_poll
000204c5   tcp_recv
0001fecd   tcp_recv_null
0001f5c5   tcp_recved
0001f355   tcp_rexmit
0001ebb1   tcp_rexmit_fast
0001fae9   tcp_rexmit_rto
0001d19d   tcp_rst
0001fc65   tcp_seg_copy
0001ffc3   tcp_seg_free
00020085   tcp_segs_free
00020259   tcp_send_ctrl
0001e277   tcp_send_empty_ack
000204cb   tcp_sent
00019d81   tcp_slowtmr
20004dd8   tcp_ticks
20004dec   tcp_tmp_pcb
0001feed   tcp_tmr
20004de8   tcp_tw_pcbs
0001f885   tcp_update_rcv_ann_wnd
0001fb15   tcp_write
0001cf05   tcp_zero_window_probe
0001eb55   udp_bind
0001f0f1   udp_connect
0001a4ad   udp_input
00020035   udp_new
20004e28   udp_pcbs
000204d1   udp_recv
0001fb41   udp_remove
0001f8b9   udp_sendto
0001c019   udp_sendto_if
0002009f   usnprintf
0001ff0d   usprintf
0001fdcb   ustrncpy
0001d241   ustrtoul
0001a00d   uvsnprintf


GLOBAL SYMBOLS: SORTED BY Symbol Address 

address    name
--------   ----
00000000   __TI_static_base__
00000000   g_pfnVectors
00000001   __TI_args_main
00000400   __STACK_SIZE
00018008   file_perror_htm
00018018   file_io_http_htm
00018028   file_io_cgi_ssi
00018038   file_index_htm
00018048   file_images_ti_logo_gif
00018058   file_images_nopin_jpg
00018068   file_images_noasm_jpg
00018078   file_images_no8bit_jpg
00018088   file_images_no16bit_jpg
00018098   file_images_furyblck_gif
000180a8   file_images_chips_jpg
000180b8   file_images_awards08_jpg
000180c8   file_images_austin_gif
000180d8   file_favicon_ico
000180e8   file_family_htm
000180f8   file_block_htm
00018108   file_404_htm
000182ac   tcp_backoff
000182b9   tcp_persist_backoff
000182c0   ip_addr_any
000182c4   ip_addr_broadcast
000182c8   ethbroadcast
000182ce   ethzero
00018314   g_psDefaultFilenames
00019335   tcp_input
00019719   tcp_enqueue
00019ac5   fs_open
00019d81   tcp_slowtmr
0001a00d   uvsnprintf
0001a4ad   udp_input
0001a6d1   ip_input
0001a8e9   icmp_input
0001aaa9   SysCtlClockGet
0001ac41   tcp_output
0001add5   main
0001af41   etharp_arp_input
0001b0a5   SysCtlClockSet
0001b31d   etharp_query
0001b445   pbuf_alloc
0001b8b9   lwIPHostTimerHandler
0001b9b1   mem_malloc
0001baa9   mem_realloc
0001c019   udp_sendto_if
0001c1d5   autoip_tmr
0001c2ad   ip_output_if
0001c385   tcp_bind
0001c45d   RIT128x96x4StringDraw
0001c7a9   tcp_alloc
0001c875   GPIOPadConfigSet
0001c93d   etharp_raw
0001cacd   etharp_output
0001cb8d   tcp_close
0001cc4d   dhcp_release
0001cdad   dhcp_start
0001ce59   tcp_abandon
0001cf05   tcp_zero_window_probe
0001cfb1   autoip_arp_reply
0001d055   io_init
0001d19d   tcp_rst
0001d241   ustrtoul
0001d2e5   RIT128x96x4Init
0001d425   __aeabi_memcpy
0001d425   __aeabi_memcpy4
0001d425   __aeabi_memcpy8
0001d425   memcpy
0001d5ed   __TI_auto_init
0001d715   tcp_listen_with_backlog
0001d839   dhcp_renew
0001d8c9   pbuf_copy
0001d957   inet_chksum_pseudo
0001da6d   SysCtlPeripheralReset
0001dd93   CheckDecimalParam
0001de85   __aeabi_memclr
0001de85   __aeabi_memclr4
0001de85   __aeabi_memclr8
0001de87   __aeabi_memset
0001de87   __aeabi_memset4
0001de87   __aeabi_memset8
0001de8d   memset
0001df71   stellarisif_interrupt
0001dfe5   ethernet_input
0001e20d   pbuf_header
0001e277   tcp_send_empty_ack
0001e2e1   inet_ntoa
0001e349   memp_init
0001e3b1   pbuf_copy_partial
0001e419   raw_input
0001e481   IntEnable
0001e4e5   RIT128x96x4Disable
0001e549   autoip_start
0001e5ad   mem_free
0001e611   memp_malloc
0001e675   netif_set_ipaddr
0001e73d   tcp_keepalive
0001e805   DecodeFormString
0001e865   RIT128x96x4Enable
0001e8c5   mem_init
0001e925   tcp_pcb_remove
0001eaf9   tcp_fasttmr
0001eb55   udp_bind
0001ebb1   tcp_rexmit_fast
0001ec0d   SysCtlPeripheralEnable
0001ec65   pbuf_free
0001ed11   ip_route
0001edb9   LocatorInit
0001ee09   netif_add
0001eea5   pbuf_realloc
0001ef89   RIT128x96x4Clear
0001efd1   inet_chksum_pbuf
0001f019   io_pwm_dutycycle
0001f061   lwIPInit
0001f0a9   copy_in
0001f0f1   udp_connect
0001f139   DisplayIPAddress
0001f17d   SSIConfigSetExpClk
0001f205   io_pwm_freq
0001f249   ip_output
0001f28d   C$$EXIT
0001f291   abort
0001f299   exit
0001f2d1   dhcp_stop
0001f313   tcp_pcb_purge
0001f355   tcp_rexmit
0001f419   etharp_tmr
0001f459   fs_read
0001f499   DecodeHexEscape
0001f4d5   dhcp_coarse_tmr
0001f54d   memp_free
0001f589   stellarisif_init
0001f5c5   tcp_recved
0001f5ff   EthernetMACAddrSet
0001f639   FlashUserGet
0001f671   dhcp_fine_tmr
0001f717   EthernetMACAddrGet
0001f74d   LocatorAppTitleSet
0001f7e9   io_get_ledstate
0001f81d   ip_addr_isbroadcast
0001f851   _c_int00
0001f885   tcp_update_rcv_ann_wnd
0001f8b9   udp_sendto
0001f951   strstr
0001f983   GPIODirModeSet
0001f9b1   HexDigit
0001fa0d   FindCGIParameter
0001fa65   etharp_request
0001fabd   lwIPEthernetIntHandler
0001fae9   tcp_rexmit_rto
0001fb15   tcp_write
0001fb41   udp_remove
0001fb6d   EthernetConfigSet
0001fb97   GetCGIParam
0001fc15   PWMGenConfigure
0001fc3d   httpd_init
0001fc65   tcp_seg_copy
0001fcb3   strncmp
0001fcd9   io_get_pwmstate
0001fcfd   pbuf_cat
0001fd21   EthernetEnable
0001fd43   IsValidHexDigit
0001fd87   etharp_ip_input
0001fda9   memcmp
0001fdcb   ustrncpy
0001fded   LocatorMACAddrSet
0001fe0d   SysTickIntHandler
0001fead   netif_set_up
0001fecd   tcp_recv_null
0001feed   tcp_tmr
0001ff0d   usprintf
0001ff2d   EthernetPHYRead
0001ff4b   PWMPulseWidthSet
0001ffa5   tcp_eff_send_mss
0001ffc3   tcp_seg_free
0001ffe1   http_set_ssi_handler
0001fffd   lwIPTimer
00020019   netif_set_addr
00020035   udp_new
00020051   dhcp_arp_reply
0002006b   htonl
0002006b   ntohl
00020085   tcp_segs_free
0002009f   usnprintf
000200d1   io_is_led_on
000200e9   _register_unlock
000200ef   _register_lock
000200f5   _nop
00020101   _args_main
00020119   strcmp
00020131   tcp_next_iss
00020149   PWMOutputState
0002018b   pbuf_ref
000201a1   strchr
000201b9   EthernetInitExpClk
000201cd   PWMGenPeriodSet
000201e1   SysCtlPWMClockSet
000201f5   SysTickEnable
00020209   SysTickIntEnable
0002021d   http_set_cgi_handlers
00020231   io_set_led
00020245   strlen
00020259   tcp_send_ctrl
0002026d   GPIOPinTypeEthernetLED
0002027f   GPIOPinTypeGPIOOutput
00020291   GPIOPinTypePWM
000202a3   GPIOPinTypeSSI
000202b5   SSIDataGetNonBlocking
000202c7   __TI_zero_init
000202d9   netif_set_down
000202eb   pbuf_clen
000202fd   SysTickPeriodSet
0002030d   autoip_stop
0002032d   io_is_pwm_on
0002033d   io_set_pwm
0002034d   __TI_decompress_none
00020369   pbuf_chain
00020377   CPUcpsid
00020383   CPUcpsie
0002038f   EthernetIntStatus
0002039d   RIT128x96x4DisplayOff
000203a9   htons
000203a9   ntohs
000203b5   inet_chksum
000203c1   io_get_pwmdutycycle
000203cd   io_get_pwmfreq
000203d9   lwIPLocalGWAddrGet
000203e5   lwIPLocalIPAddrGet
000203f1   lwIPLocalNetMaskGet
000203fd   lwip_init
00020409   netif_set_gw
00020415   netif_set_netmask
00020421   EthernetIntDisable
0002042b   IntMasterDisable
0002042b   sys_arch_protect
00020435   IntMasterEnable
0002043f   PWMGenEnable
00020449   SSIDataPut
00020453   SSIDisable
0002045d   SSIEnable
00020467   netif_is_up
00020471   sys_arch_unprotect
0002047b   tcp_poll
00020485   EthernetIntEnable
0002048d   SSIBusy
00020495   GPIOPinRead
0002049b   GPIOPinWrite
000204a1   ResetISR
000204a7   SysCtlDelay
000204ad   __TI_decompress_rle24
000204b9   tcp_err
000204bf   tcp_new
000204c5   tcp_recv
000204cb   tcp_sent
000204d1   udp_recv
000204d7   EthernetIntClear
000204db   fs_close
000204df   tcp_accept
000204e3   tcp_arg
00020600   __TI_Handler_Table_Base
0002060c   __TI_Handler_Table_Limit
00020618   __TI_CINIT_Base
00020628   __TI_CINIT_Limit
20004be8   lwip_stats
20004dcc   netif_list
20004dd0   netif_default
20004dd8   tcp_ticks
20004ddc   tcp_bound_pcbs
20004de0   tcp_listen_pcbs
20004de4   tcp_active_pcbs
20004de8   tcp_tw_pcbs
20004dec   tcp_tmp_pcb
20004e24   tcp_input_pcb
20004e28   udp_pcbs
20004e2c   current_netif
20004e30   current_header
20004f74   g_ulFrequency
20004f78   g_ulDutyCycle
20004f80   __stack
20005380   __STACK_END
20005380   __STACK_TOP
20005380   g_psHTTPHeaders
20005408   g_psHTTPHeaderStrings
20005484   g_pcSSIExtensions
20005494   g_pfnSSIHandler
20005498   g_iNumTags
2000549c   g_ppcTags
200054a0   g_pCGIs
200054a4   g_iNumCGIs
200054d4   _lock
200054d8   _unlock
200054dc   _cleanup_ptr
200054e0   _dtors_ptr
200054e4   main_func_sp
ffffffff   __binit__
ffffffff   __c_args__
ffffffff   binit
UNDEFED    SHT$$INIT_ARRAY$$Base
UNDEFED    SHT$$INIT_ARRAY$$Limit

[300 symbols]
