******************************************************************************
                  TMS470 Linker PC v4.9.5                      
******************************************************************************
>> Linked Wed Nov 18 22:11:44 2015

OUTPUT FILE NAME:   <morse_testing.out>
ENTRY POINT SYMBOL: "_c_int00"  address: 00025a49


MEMORY CONFIGURATION

         name            origin    length      used     unused   attr    fill
----------------------  --------  ---------  --------  --------  ----  --------
  FLASH                 00000000   00040000  0002681e  000197e2  R  X
  SRAM                  20000000   00010000  000054e8  0000ab18  RW X


SEGMENT ALLOCATION MAP

run origin  load origin   length   init length attrs members
----------  ----------- ---------- ----------- ----- -------
00000000    00000000    00026820   00026820    r-x
  00000000    00000000    000000f0   000000f0    r-- .intvecs
  000000f0    000000f0    0001e460   0001e460    r-- .const
  0001e550    0001e550    0000818e   0000818e    r-x .text
  000266e0    000266e0    00000140   00000140    r-- .cinit
20000000    20000000    00005380   00000000    rw-
  20000000    20000000    00004f80   00000000    rw- .bss
  20004f80    20004f80    00000400   00000000    rw- .stack
20005380    20005380    00000168   00000168    rw-
  20005380    20005380    00000168   00000168    rw- .data


SECTION ALLOCATION MAP

 output                                  attributes/
section   page    origin      length       input sections
--------  ----  ----------  ----------   ----------------
.intvecs   0    00000000    000000f0     
                  00000000    000000f0     startup_ccs.obj (.intvecs)

.init_array 
*          0    00000000    00000000     UNINITIALIZED

.const     0    000000f0    0001e460     
                  000000f0    00005f27     lmi_fs.obj (.const:data_images_clee_s_jpg)
                  00006017    00000001     --HOLE-- [fill = 0]
                  00006018    00005afe     lmi_fs.obj (.const:data_images_furyblck_gif)
                  0000bb16    00000002     --HOLE-- [fill = 0]
                  0000bb18    00002930     lmi_fs.obj (.const:data_images_awards08_jpg)
                  0000e448    00002362     lmi_fs.obj (.const:data_io_http_htm)
                  000107aa    00000002     --HOLE-- [fill = 0]
                  000107ac    00001a6f     lmi_fs.obj (.const:data_images_noasm_jpg)
                  0001221b    00000001     --HOLE-- [fill = 0]
                  0001221c    00001a38     lmi_fs.obj (.const:data_images_no8bit_jpg)
                  00013c54    00001a26     lmi_fs.obj (.const:data_images_no16bit_jpg)
                  0001567a    00000002     --HOLE-- [fill = 0]
                  0001567c    00001a14     lmi_fs.obj (.const:data_images_nopin_jpg)
                  00017090    000017a0     lmi_fs.obj (.const:data_images_chips_jpg)
                  00018830    00001170     lmi_fs.obj (.const:data_family_htm)
                  000199a0    00000d99     lmi_fs.obj (.const:data_images_austin_gif)
                  0001a739    00000003     --HOLE-- [fill = 0]
                  0001a73c    00000ceb     lmi_fs.obj (.const:data_images_ti_logo_gif)
                  0001b427    00000001     --HOLE-- [fill = 0]
                  0001b428    00000981     lmi_fs.obj (.const:data_io_cgi_ssi)
                  0001bda9    00000003     --HOLE-- [fill = 0]
                  0001bdac    00000852     lmi_fs.obj (.const:data_perror_htm)
                  0001c5fe    00000002     --HOLE-- [fill = 0]
                  0001c600    00000801     lmi_fs.obj (.const:data_block_htm)
                  0001ce01    00000003     --HOLE-- [fill = 0]
                  0001ce04    000006c3     lmi_fs.obj (.const:data_favicon_ico)
                  0001d4c7    00000001     --HOLE-- [fill = 0]
                  0001d4c8    0000067b     lmi_fs.obj (.const:data_index_htm)
                  0001db43    00000001     --HOLE-- [fill = 0]
                  0001db44    00000380     httpd.obj (.const:.string)
                  0001dec4    000001e0     rit128x96x4.obj (.const:g_pucFont)
                  0001e0a4    0000014b     lmi_fs.obj (.const:data_404_htm)
                  0001e1ef    00000001     --HOLE-- [fill = 0]
                  0001e1f0    00000120     lmi_fs.obj (.const)
                  0001e310    00000070     driverlib-cm3.lib : interrupt.obj (.const)
                  0001e380    0000006c                       : sysctl.obj (.const:g_pulXtals)
                  0001e3ec    0000004f     rit128x96x4.obj (.const:g_pucRIT128x96x4Init)
                  0001e43b    00000001     --HOLE-- [fill = 0]
                  0001e43c    00000048     enet_io.obj (.const:.string)
                  0001e484    00000048     lwiplib.obj (.const)
                  0001e4cc    00000040     driverlib-cm3.lib : sysctl.obj (.const)
                  0001e50c    00000028     httpd.obj (.const:g_psDefaultFilenames)
                  0001e534    00000010     enet_io.obj (.const)
                  0001e544    0000000c     rit128x96x4.obj (.const)

.text      0    0001e550    0000818e     
                  0001e550    00000704     lwiplib.obj (.text:tcp_receive)
                  0001ec54    000004aa     httpd.obj (.text:send_data)
                  0001f0fe    00000002     startup_ccs.obj (.text:FaultISR)
                  0001f100    0000042c     lwiplib.obj (.text:tcp_process)
                  0001f52c    000003e4     lwiplib.obj (.text:tcp_input)
                  0001f910    000003ac     lwiplib.obj (.text:tcp_enqueue)
                  0001fcbc    000002bc     lmi_fs.obj (.text:fs_open)
                  0001ff78    0000028c     lwiplib.obj (.text:tcp_slowtmr)
                  00020204    00000262     ustdlib.obj (.text:uvsnprintf)
                  00020466    00000002     startup_ccs.obj (.text:IntDefaultHandler)
                  00020468    0000023c     httpd.obj (.text:http_recv)
                  000206a4    00000224     lwiplib.obj (.text:udp_input)
                  000208c8    00000218     lwiplib.obj (.text:ip_input)
                  00020ae0    000001c0     lwiplib.obj (.text:icmp_input)
                  00020ca0    00000198     driverlib-cm3.lib : sysctl.obj (.text:SysCtlClockGet)
                  00020e38    00000194     lwiplib.obj (.text:tcp_output)
                  00020fcc    0000016c     enet_io.obj (.text:main)
                  00021138    00000164     lwiplib.obj (.text:etharp_arp_input)
                  0002129c    00000144     driverlib-cm3.lib : sysctl.obj (.text:SysCtlClockSet)
                  000213e0    00000134     lwiplib.obj (.text:find_entry)
                  00021514    00000128     lwiplib.obj (.text:etharp_query)
                  0002163c    00000128     lwiplib.obj (.text:pbuf_alloc)
                  00021764    00000120     lwiplib.obj (.text:tcp_listen_input)
                  00021884    0000011b     enet_io.obj (.text:SSIHandler)
                  0002199f    00000001     --HOLE-- [fill = 0]
                  000219a0    00000110     lwiplib.obj (.text:dhcp_create_request)
                  00021ab0    000000f8     enet_io.obj (.text:lwIPHostTimerHandler)
                  00021ba8    000000f8     lwiplib.obj (.text:mem_malloc)
                  00021ca0    000000f8     lwiplib.obj (.text:mem_realloc)
                  00021d98    000000f0     lwiplib.obj (.text:dhcp_select)
                  00021e88    000000e8     lwiplib.obj (.text:dhcp_discover)
                  00021f70    000000e0     enet_io.obj (.text:ControlCGIHandler)
                  00022050    000000e0     lwiplib.obj (.text:dhcp_handle_ack)
                  00022130    000000e0     httpd.obj (.text:get_http_headers)
                  00022210    000000e0     lwiplib.obj (.text:udp_sendto_if)
                  000222f0    000000dc     lwiplib.obj (.text:dhcp_bind)
                  000223cc    000000d8     lwiplib.obj (.text:autoip_tmr)
                  000224a4    000000d8     lwiplib.obj (.text:ip_output_if)
                  0002257c    000000d8     lwiplib.obj (.text:tcp_bind)
                  00022654    000000d4     rit128x96x4.obj (.text:RIT128x96x4StringDraw)
                  00022728    000000d4     lwiplib.obj (.text:dhcp_recv)
                  000227fc    000000d4     lwiplib.obj (.text:lwIPServiceTimers)
                  000228d0    000000d0     lwiplib.obj (.text:lwIPPrivateInit)
                  000229a0    000000cc     lwiplib.obj (.text:tcp_alloc)
                  00022a6c    000000c8     driverlib-cm3.lib : gpio.obj (.text:GPIOPadConfigSet)
                  00022b34    000000c8     lwiplib.obj (.text:etharp_raw)
                  00022bfc    000000c8     lwiplib.obj (.text:tcp_output_segment)
                  00022cc4    000000c0     lwiplib.obj (.text:etharp_output)
                  00022d84    000000c0     lwiplib.obj (.text:tcp_close)
                  00022e44    000000b4     lwiplib.obj (.text:dhcp_release)
                  00022ef8    000000ac     lwiplib.obj (.text:dhcp_reboot)
                  00022fa4    000000ac     lwiplib.obj (.text:dhcp_start)
                  00023050    000000ac     lwiplib.obj (.text:tcp_abandon)
                  000230fc    000000ac     lwiplib.obj (.text:tcp_zero_window_probe)
                  000231a8    000000a4     lwiplib.obj (.text:autoip_arp_reply)
                  0002324c    000000a4     io.obj (.text:io_init)
                  000232f0    000000a4     lwiplib.obj (.text:stellarisif_transmit)
                  00023394    000000a4     lwiplib.obj (.text:tcp_rst)
                  00023438    000000a4     ustdlib.obj (.text:ustrtoul)
                  000234dc    000000a0     rit128x96x4.obj (.text:RIT128x96x4Init)
                  0002357c    000000a0     lwiplib.obj (.text:update_arp_entry)
                  0002361c    0000009c     rtsv7M3_T_le_eabi.lib : memcpy_t2.obj (.text)
                  000236b8    00000098     httpd.obj (.text:get_tag_insert)
                  00023750    00000094     enet_io.obj (.text:SetTextCGIHandler)
                  000237e4    00000094     rtsv7M3_T_le_eabi.lib : auto_init.obj (.text)
                  00023878    00000094     lwiplib.obj (.text:stellarisif_receive)
                  0002390c    00000094     lwiplib.obj (.text:tcp_listen_with_backlog)
                  000239a0    00000090     lwiplib.obj (.text:dhcp_rebind)
                  00023a30    00000090     lwiplib.obj (.text:dhcp_renew)
                  00023ac0    0000008e     lwiplib.obj (.text:pbuf_copy)
                  00023b4e    0000008c     lwiplib.obj (.text:inet_chksum_pseudo)
                  00023bda    00000002     startup_ccs.obj (.text:NmiSR)
                  00023bdc    00000088     locator.obj (.text:LocatorReceive)
                  00023c64    00000088     driverlib-cm3.lib : sysctl.obj (.text:SysCtlPeripheralReset)
                  00023cec    00000088     lwiplib.obj (.text:dhcp_get_option_ptr)
                  00023d74    00000088     lwiplib.obj (.text:tcp_oos_insert_segment)
                  00023dfc    00000088     lwiplib.obj (.text:tcp_timewait_input)
                  00023e84    00000084     lwiplib.obj (.text:tcp_parseopt)
                  00023f08    00000082     lwiplib.obj (.text:dhcp_timeout)
                  00023f8a    00000078     cgifuncs.obj (.text:CheckDecimalParam)
                  00024002    00000002     --HOLE-- [fill = 0]
                  00024004    00000078     lwiplib.obj (.text:dhcp_decline)
                  0002407c    00000078     rtsv7M3_T_le_eabi.lib : memset_t2.obj (.text)
                  000240f4    00000074     httpd.obj (.text:extract_uri_parameters)
                  00024168    00000074     lwiplib.obj (.text:stellarisif_interrupt)
                  000241dc    00000070     lwiplib.obj (.text:ethernet_input)
                  0002424c    00000070     lwiplib.obj (.text:icmp_send_response)
                  000242bc    0000006e     lwiplib.obj (.text:dhcp_unfold_reply)
                  0002432a    0000006e     lwiplib.obj (.text:tcp_output_set_header)
                  00024398    0000006c     lwiplib.obj (.text:stellarisif_hwinit)
                  00024404    0000006a     lwiplib.obj (.text:pbuf_header)
                  0002446e    0000006a     lwiplib.obj (.text:tcp_send_empty_ack)
                  000244d8    00000068     lwiplib.obj (.text:inet_ntoa)
                  00024540    00000068     lwiplib.obj (.text:memp_init)
                  000245a8    00000068     lwiplib.obj (.text:pbuf_copy_partial)
                  00024610    00000068     lwiplib.obj (.text:raw_input)
                  00024678    00000064     driverlib-cm3.lib : interrupt.obj (.text:IntEnable)
                  000246dc    00000064     rit128x96x4.obj (.text:RIT128x96x4Disable)
                  00024740    00000064     lwiplib.obj (.text:autoip_start)
                  000247a4    00000064     lwiplib.obj (.text:mem_free)
                  00024808    00000064     lwiplib.obj (.text:memp_malloc)
                  0002486c    00000064     lwiplib.obj (.text:netif_set_ipaddr)
                  000248d0    00000064     lwiplib.obj (.text:plug_holes)
                  00024934    00000064     lwiplib.obj (.text:tcp_keepalive)
                  00024998    00000064     lwiplib.obj (.text:tcp_new_port)
                  000249fc    00000060     cgifuncs.obj (.text:DecodeFormString)
                  00024a5c    00000060     rit128x96x4.obj (.text:RIT128x96x4Enable)
                  00024abc    00000060     lwiplib.obj (.text:mem_init)
                  00024b1c    00000060     lwiplib.obj (.text:tcp_pcb_remove)
                  00024b7c    0000005e     rtsv7M3_T_le_eabi.lib : copy_decompress_rle.obj (.text)
                  00024bda    00000002     --HOLE-- [fill = 0]
                  00024bdc    0000005c     rit128x96x4.obj (.text:RITWriteCommand)
                  00024c38    0000005c     rit128x96x4.obj (.text:RITWriteData)
                  00024c94    0000005c     httpd.obj (.text:http_accept)
                  00024cf0    0000005c     lwiplib.obj (.text:tcp_fasttmr)
                  00024d4c    0000005c     lwiplib.obj (.text:udp_bind)
                  00024da8    0000005a     lwiplib.obj (.text:tcp_rexmit_fast)
                  00024e02    00000002     --HOLE-- [fill = 0]
                  00024e04    00000058     driverlib-cm3.lib : sysctl.obj (.text:SysCtlPeripheralEnable)
                  00024e5c    00000056     lwiplib.obj (.text:pbuf_free)
                  00024eb2    00000002     --HOLE-- [fill = 0]
                  00024eb4    00000054     lwiplib.obj (.text:autoip_create_addr)
                  00024f08    00000054     lwiplib.obj (.text:ip_route)
                  00024f5c    00000054     lwiplib.obj (.text:stellarisif_output)
                  00024fb0    00000050     locator.obj (.text:LocatorInit)
                  00025000    00000050     lwiplib.obj (.text:netif_add)
                  00025050    0000004c     lwiplib.obj (.text:lwip_standard_chksum)
                  0002509c    0000004c     lwiplib.obj (.text:pbuf_realloc)
                  000250e8    0000004c     lwiplib.obj (.text:tcp_kill_prio)
                  00025134    0000004a     lwiplib.obj (.text:autoip_start_probing)
                  0002517e    00000002     --HOLE-- [fill = 0]
                  00025180    00000048     rit128x96x4.obj (.text:RIT128x96x4Clear)
                  000251c8    00000048     lwiplib.obj (.text:inet_chksum_pbuf)
                  00025210    00000048     io.obj (.text:io_pwm_dutycycle)
                  00025258    00000048     lwiplib.obj (.text:lwIPInit)
                  000252a0    00000048     rtsv7M3_T_le_eabi.lib : cpy_tbl.obj (.text)
                  000252e8    00000048     lwiplib.obj (.text:udp_connect)
                  00025330    00000044     enet_io.obj (.text:DisplayIPAddress)
                  00025374    00000044     driverlib-cm3.lib : ssi.obj (.text:SSIConfigSetExpClk)
                  000253b8    00000044     lwiplib.obj (.text:enqueue_packet)
                  000253fc    00000044     io.obj (.text:io_pwm_freq)
                  00025440    00000044     lwiplib.obj (.text:ip_output)
                  00025484    00000044     rtsv7M3_T_le_eabi.lib : exit.obj (.text)
                  000254c8    00000042     lwiplib.obj (.text:dhcp_stop)
                  0002550a    00000042     lwiplib.obj (.text:tcp_pcb_purge)
                  0002554c    00000042     lwiplib.obj (.text:tcp_rexmit)
                  0002558e    00000040     httpd.obj (.text:close_conn)
                  000255ce    00000040     lwiplib.obj (.text:dhcp_option_long)
                  0002560e    00000002     --HOLE-- [fill = 0]
                  00025610    00000040     lwiplib.obj (.text:etharp_tmr)
                  00025650    00000040     lmi_fs.obj (.text:fs_read)
                  00025690    0000003c     cgifuncs.obj (.text:DecodeHexEscape)
                  000256cc    0000003c     lwiplib.obj (.text:dhcp_coarse_tmr)
                  00025708    0000003c     httpd.obj (.text:http_poll)
                  00025744    0000003c     lwiplib.obj (.text:memp_free)
                  00025780    0000003c     lwiplib.obj (.text:stellarisif_init)
                  000257bc    0000003a     lwiplib.obj (.text:tcp_recved)
                  000257f6    00000038     driverlib-cm3.lib : ethernet.obj (.text:EthernetMACAddrSet)
                  0002582e    00000002     --HOLE-- [fill = 0]
                  00025830    00000038                       : flash.obj (.text:FlashUserGet)
                  00025868    00000038     lwiplib.obj (.text:dhcp_fine_tmr)
                  000258a0    00000038     lwiplib.obj (.text:tcp_kill_timewait)
                  000258d8    00000035     httpd.obj (.text:get_404_file)
                  0002590d    00000001     --HOLE-- [fill = 0]
                  0002590e    00000034     driverlib-cm3.lib : ethernet.obj (.text:EthernetMACAddrGet)
                  00025942    00000002     --HOLE-- [fill = 0]
                  00025944    00000034     locator.obj (.text:LocatorAppTitleSet)
                  00025978    00000034     lwiplib.obj (.text:autoip_arp_probe)
                  000259ac    00000034     lwiplib.obj (.text:dhcp_handle_nak)
                  000259e0    00000034     io.obj (.text:io_get_ledstate)
                  00025a14    00000034     lwiplib.obj (.text:ip_addr_isbroadcast)
                  00025a48    00000034     rtsv7M3_T_le_eabi.lib : boot.obj (.text)
                  00025a7c    00000034     lwiplib.obj (.text:tcp_update_rcv_ann_wnd)
                  00025ab0    00000034     lwiplib.obj (.text:udp_sendto)
                  00025ae4    00000032     lwiplib.obj (.text:dhcp_handle_offer)
                  00025b16    00000032     lwiplib.obj (.text:dhcp_option_trailer)
                  00025b48    00000032     rtsv7M3_T_le_eabi.lib : strstr.obj (.text)
                  00025b7a    0000002e     driverlib-cm3.lib : gpio.obj (.text:GPIODirModeSet)
                  00025ba8    0000002e     cgifuncs.obj (.text:HexDigit)
                  00025bd6    0000002e     lwiplib.obj (.text:dequeue_packet)
                  00025c04    0000002c     cgifuncs.obj (.text:FindCGIParameter)
                  00025c30    0000002c     lwiplib.obj (.text:autoip_arp_announce)
                  00025c5c    0000002c     lwiplib.obj (.text:etharp_request)
                  00025c88    0000002c     httpd.obj (.text:http_sent)
                  00025cb4    0000002c     lwiplib.obj (.text:lwIPEthernetIntHandler)
                  00025ce0    0000002c     lwiplib.obj (.text:tcp_rexmit_rto)
                  00025d0c    0000002c     lwiplib.obj (.text:tcp_write)
                  00025d38    0000002c     lwiplib.obj (.text:udp_remove)
                  00025d64    0000002a     driverlib-cm3.lib : ethernet.obj (.text:EthernetConfigSet)
                  00025d8e    0000002a     cgifuncs.obj (.text:GetCGIParam)
                  00025db8    0000002a     lwiplib.obj (.text:autoip_bind)
                  00025de2    0000002a     lwiplib.obj (.text:etharp_send_ip)
                  00025e0c    00000028     driverlib-cm3.lib : pwm.obj (.text:PWMGenConfigure)
                  00025e34    00000028     httpd.obj (.text:httpd_init)
                  00025e5c    00000028     lwiplib.obj (.text:tcp_seg_copy)
                  00025e84    00000026     lwiplib.obj (.text:dhcp_check)
                  00025eaa    00000026     rtsv7M3_T_le_eabi.lib : strncmp.obj (.text)
                  00025ed0    00000024     io.obj (.text:io_get_pwmstate)
                  00025ef4    00000024     lwiplib.obj (.text:pbuf_cat)
                  00025f18    00000022     driverlib-cm3.lib : ethernet.obj (.text:EthernetEnable)
                  00025f3a    00000022     cgifuncs.obj (.text:IsValidHexDigit)
                  00025f5c    00000022     httpd.obj (.text:conn_err)
                  00025f7e    00000022     lwiplib.obj (.text:etharp_ip_input)
                  00025fa0    00000022     rtsv7M3_T_le_eabi.lib : memcmp.obj (.text)
                  00025fc2    00000022     ustdlib.obj (.text:ustrncpy)
                  00025fe4    00000020     locator.obj (.text:LocatorMACAddrSet)
                  00026004    00000020     enet_io.obj (.text:SysTickIntHandler)
                  00026024    00000020     lwiplib.obj (.text:autoip_handle_arp_conflict)
                  00026044    00000020     lwiplib.obj (.text:dhcp_free_reply)
                  00026064    00000020     lwiplib.obj (.text:dhcp_option)
                  00026084    00000020     lwiplib.obj (.text:dhcp_option_short)
                  000260a4    00000020     lwiplib.obj (.text:netif_set_up)
                  000260c4    00000020     lwiplib.obj (.text:tcp_recv_null)
                  000260e4    00000020     lwiplib.obj (.text:tcp_tmr)
                  00026104    00000020     ustdlib.obj (.text:usprintf)
                  00026124    0000001e     driverlib-cm3.lib : ethernet.obj (.text:EthernetPHYRead)
                  00026142    0000001e                       : pwm.obj (.text:PWMPulseWidthSet)
                  00026160    0000001e     lwiplib.obj (.text:dhcp_get_option_long)
                  0002617e    0000001e     lwiplib.obj (.text:free_etharp_q)
                  0002619c    0000001e     lwiplib.obj (.text:tcp_eff_send_mss)
                  000261ba    0000001e     lwiplib.obj (.text:tcp_seg_free)
                  000261d8    0000001c     httpd.obj (.text:http_set_ssi_handler)
                  000261f4    0000001c     lwiplib.obj (.text:lwIPTimer)
                  00026210    0000001c     lwiplib.obj (.text:netif_set_addr)
                  0002622c    0000001c     lwiplib.obj (.text:udp_new)
                  00026248    0000001a     lwiplib.obj (.text:dhcp_arp_reply)
                  00026262    0000001a     lwiplib.obj (.text:htonl)
                  0002627c    0000001a     lwiplib.obj (.text:tcp_segs_free)
                  00026296    0000001a     ustdlib.obj (.text:usnprintf)
                  000262b0    00000018     lwiplib.obj (.text:dhcp_delete_request)
                  000262c8    00000018     io.obj (.text:io_is_led_on)
                  000262e0    00000018     rtsv7M3_T_le_eabi.lib : _lock.obj (.text)
                  000262f8    00000018                           : args_main.obj (.text)
                  00026310    00000018                           : strcmp.obj (.text)
                  00026328    00000018     lwiplib.obj (.text:tcp_next_iss)
                  00026340    00000016     driverlib-cm3.lib : pwm.obj (.text:PWMOutputState)
                  00026356    00000016     lwiplib.obj (.text:dhcp_t1_timeout)
                  0002636c    00000016     lwiplib.obj (.text:dhcp_t2_timeout)
                  00026382    00000016     lwiplib.obj (.text:pbuf_ref)
                  00026398    00000016     rtsv7M3_T_le_eabi.lib : strchr.obj (.text)
                  000263ae    00000002     --HOLE-- [fill = 0]
                  000263b0    00000014     driverlib-cm3.lib : ethernet.obj (.text:EthernetInitExpClk)
                  000263c4    00000014                       : pwm.obj (.text:PWMGenPeriodSet)
                  000263d8    00000014                       : sysctl.obj (.text:SysCtlPWMClockSet)
                  000263ec    00000014                       : systick.obj (.text:SysTickEnable)
                  00026400    00000014                       : systick.obj (.text:SysTickIntEnable)
                  00026414    00000014     httpd.obj (.text:http_set_cgi_handlers)
                  00026428    00000014     io.obj (.text:io_set_led)
                  0002643c    00000014     rtsv7M3_T_le_eabi.lib : strlen.obj (.text)
                  00026450    00000014     lwiplib.obj (.text:tcp_send_ctrl)
                  00026464    00000012     driverlib-cm3.lib : gpio.obj (.text:GPIOPinTypeEthernetLED)
                  00026476    00000012                       : gpio.obj (.text:GPIOPinTypeGPIOOutput)
                  00026488    00000012                       : gpio.obj (.text:GPIOPinTypePWM)
                  0002649a    00000012                       : gpio.obj (.text:GPIOPinTypeSSI)
                  000264ac    00000012                       : ssi.obj (.text:SSIDataGetNonBlocking)
                  000264be    00000012     rtsv7M3_T_le_eabi.lib : copy_zero_init.obj (.text:decompress:ZI)
                  000264d0    00000012     lwiplib.obj (.text:netif_set_down)
                  000264e2    00000012     lwiplib.obj (.text:pbuf_clen)
                  000264f4    00000010     driverlib-cm3.lib : systick.obj (.text:SysTickPeriodSet)
                  00026504    00000010     lwiplib.obj (.text:autoip_stop)
                  00026514    00000010     lwiplib.obj (.text:dhcp_option_byte)
                  00026524    00000010     io.obj (.text:io_is_pwm_on)
                  00026534    00000010     io.obj (.text:io_set_pwm)
                  00026544    0000000e     rtsv7M3_T_le_eabi.lib : copy_decompress_none.obj (.text:decompress:none)
                  00026552    0000000e     lwiplib.obj (.text:dhcp_set_state)
                  00026560    0000000e     lwiplib.obj (.text:pbuf_chain)
                  0002656e    0000000c     driverlib-cm3.lib : cpu.obj (.text:CPUcpsid)
                  0002657a    0000000c                       : cpu.obj (.text:CPUcpsie)
                  00026586    0000000c                       : ethernet.obj (.text:EthernetIntStatus)
                  00026592    00000002     --HOLE-- [fill = 0]
                  00026594    0000000c     rit128x96x4.obj (.text:RIT128x96x4DisplayOff)
                  000265a0    0000000c     lwiplib.obj (.text:htons)
                  000265ac    0000000c     lwiplib.obj (.text:inet_chksum)
                  000265b8    0000000c     io.obj (.text:io_get_pwmdutycycle)
                  000265c4    0000000c     io.obj (.text:io_get_pwmfreq)
                  000265d0    0000000c     lwiplib.obj (.text:lwIPLocalGWAddrGet)
                  000265dc    0000000c     lwiplib.obj (.text:lwIPLocalIPAddrGet)
                  000265e8    0000000c     lwiplib.obj (.text:lwIPLocalNetMaskGet)
                  000265f4    0000000c     lwiplib.obj (.text:lwip_init)
                  00026600    0000000c     lwiplib.obj (.text:netif_set_gw)
                  0002660c    0000000c     lwiplib.obj (.text:netif_set_netmask)
                  00026618    0000000a     driverlib-cm3.lib : ethernet.obj (.text:EthernetIntDisable)
                  00026622    0000000a                       : interrupt.obj (.text:IntMasterDisable)
                  0002662c    0000000a                       : interrupt.obj (.text:IntMasterEnable)
                  00026636    0000000a                       : pwm.obj (.text:PWMGenEnable)
                  00026640    0000000a                       : ssi.obj (.text:SSIDataPut)
                  0002664a    0000000a                       : ssi.obj (.text:SSIDisable)
                  00026654    0000000a                       : ssi.obj (.text:SSIEnable)
                  0002665e    0000000a     lwiplib.obj (.text:netif_is_up)
                  00026668    0000000a     lwiplib.obj (.text:sys_arch_unprotect)
                  00026672    0000000a     lwiplib.obj (.text:tcp_poll)
                  0002667c    00000008     driverlib-cm3.lib : ethernet.obj (.text:EthernetIntEnable)
                  00026684    00000008                       : ssi.obj (.text:SSIBusy)
                  0002668c    00000006                       : gpio.obj (.text:GPIOPinRead)
                  00026692    00000006                       : gpio.obj (.text:GPIOPinWrite)
                  00026698    00000006     startup_ccs.obj (.text:ResetISR)
                  0002669e    00000006     driverlib-cm3.lib : sysctl.obj (.text:SysCtlDelay)
                  000266a4    00000006     rtsv7M3_T_le_eabi.lib : copy_decompress_rle.obj (.text:decompress:rle24)
                  000266aa    00000006     lwiplib.obj (.text:tcp_accept_null)
                  000266b0    00000006     lwiplib.obj (.text:tcp_err)
                  000266b6    00000006     lwiplib.obj (.text:tcp_new)
                  000266bc    00000006     lwiplib.obj (.text:tcp_recv)
                  000266c2    00000006     lwiplib.obj (.text:tcp_sent)
                  000266c8    00000006     lwiplib.obj (.text:udp_recv)
                  000266ce    00000004     driverlib-cm3.lib : ethernet.obj (.text:EthernetIntClear)
                  000266d2    00000004     lmi_fs.obj (.text:fs_close)
                  000266d6    00000004     lwiplib.obj (.text:tcp_accept)
                  000266da    00000004     lwiplib.obj (.text:tcp_arg)

.cinit     0    000266e0    00000140     
                  000266e0    00000115     (.cinit..data.load) [load image, compression = rle]
                  000267f5    00000003     --HOLE-- [fill = 0]
                  000267f8    0000000c     (__TI_handler_table)
                  00026804    00000004     --HOLE-- [fill = 0]
                  00026808    00000008     (.cinit..bss.load) [load image, compression = zero_init]
                  00026810    00000010     (__TI_cinit_table)

.bss       0    20000000    00004f80     UNINITIALIZED
                  20000000    00003014     lwiplib.obj (.bss:ram_heap)
                  20003014    00001bd4     lwiplib.obj (.bss:memp_memory)
                  20004be8    000000ea     lwiplib.obj (.bss:lwip_stats)
                  20004cd2    00000002     --HOLE--
                  20004cd4    000000c8     lwiplib.obj (.bss:arp_table)
                  20004d9c    000000b8     lwiplib.obj (.bss)
                  20004e54    00000060     lwiplib.obj (.bss:stellarisif_data)
                  20004eb4    00000054     locator.obj (.bss:g_pucLocatorData)
                  20004f08    00000038     lwiplib.obj (.bss:g_sNetIF)
                  20004f40    00000028     lmi_fs.obj (.bss)
                  20004f68    0000000c     rit128x96x4.obj (.bss)
                  20004f74    00000008     io.obj (.bss)
                  20004f7c    00000004     enet_io.obj (.bss)

.stack     0    20004f80    00000400     UNINITIALIZED
                  20004f80    00000400     --HOLE--

.data      0    20005380    00000168     
                  20005380    00000088     httpd.obj (.data:g_psHTTPHeaders)
                  20005408    00000048     httpd.obj (.data:g_psHTTPHeaderStrings)
                  20005450    00000032     lwiplib.obj (.data)
                  20005482    00000002     --HOLE--
                  20005484    00000024     httpd.obj (.data)
                  200054a8    0000001c     enet_io.obj (.data)
                  200054c4    00000010     lmi_fs.obj (.data)
                  200054d4    00000008     rtsv7M3_T_le_eabi.lib : _lock.obj (.data)
                  200054dc    00000008                           : exit.obj (.data)
                  200054e4    00000004                           : stkdepth_vars.obj (.data)


LINKER GENERATED COPY TABLES

__TI_cinit_table @ 00026810 records: 2, size/record: 8, table size: 16
	.data: load addr=000266e0, load size=00000115 bytes, run addr=20005380, run size=00000168 bytes, compression=rle
	.bss: load addr=00026808, load size=00000008 bytes, run addr=20000000, run size=00004f80 bytes, compression=zero_init


LINKER GENERATED HANDLER TABLE

__TI_handler_table @ 000267f8 records: 3, size/record: 4, table size: 12
	index: 0, handler: __TI_decompress_rle24
	index: 1, handler: __TI_decompress_none
	index: 2, handler: __TI_zero_init


GLOBAL SYMBOLS: SORTED ALPHABETICALLY BY Name 

address    name
--------   ----
00025485   C$$EXIT
0002656f   CPUcpsid
0002657b   CPUcpsie
00023f8b   CheckDecimalParam
000249fd   DecodeFormString
00025691   DecodeHexEscape
00025331   DisplayIPAddress
00025d65   EthernetConfigSet
00025f19   EthernetEnable
000263b1   EthernetInitExpClk
000266cf   EthernetIntClear
00026619   EthernetIntDisable
0002667d   EthernetIntEnable
00026587   EthernetIntStatus
0002590f   EthernetMACAddrGet
000257f7   EthernetMACAddrSet
00026125   EthernetPHYRead
00025c05   FindCGIParameter
00025831   FlashUserGet
00025b7b   GPIODirModeSet
00022a6d   GPIOPadConfigSet
0002668d   GPIOPinRead
00026465   GPIOPinTypeEthernetLED
00026477   GPIOPinTypeGPIOOutput
00026489   GPIOPinTypePWM
0002649b   GPIOPinTypeSSI
00026693   GPIOPinWrite
00025d8f   GetCGIParam
00025ba9   HexDigit
00024679   IntEnable
00026623   IntMasterDisable
0002662d   IntMasterEnable
00025f3b   IsValidHexDigit
00025945   LocatorAppTitleSet
00024fb1   LocatorInit
00025fe5   LocatorMACAddrSet
00025e0d   PWMGenConfigure
00026637   PWMGenEnable
000263c5   PWMGenPeriodSet
00026341   PWMOutputState
00026143   PWMPulseWidthSet
00025181   RIT128x96x4Clear
000246dd   RIT128x96x4Disable
00026595   RIT128x96x4DisplayOff
00024a5d   RIT128x96x4Enable
000234dd   RIT128x96x4Init
00022655   RIT128x96x4StringDraw
00026699   ResetISR
UNDEFED    SHT$$INIT_ARRAY$$Base
UNDEFED    SHT$$INIT_ARRAY$$Limit
00026685   SSIBusy
00025375   SSIConfigSetExpClk
000264ad   SSIDataGetNonBlocking
00026641   SSIDataPut
0002664b   SSIDisable
00026655   SSIEnable
00020ca1   SysCtlClockGet
0002129d   SysCtlClockSet
0002669f   SysCtlDelay
000263d9   SysCtlPWMClockSet
00024e05   SysCtlPeripheralEnable
00023c65   SysCtlPeripheralReset
000263ed   SysTickEnable
00026401   SysTickIntEnable
00026005   SysTickIntHandler
000264f5   SysTickPeriodSet
20005380   __STACK_END
00000400   __STACK_SIZE
20005380   __STACK_TOP
00026810   __TI_CINIT_Base
00026820   __TI_CINIT_Limit
000267f8   __TI_Handler_Table_Base
00026804   __TI_Handler_Table_Limit
00000001   __TI_args_main
000237e5   __TI_auto_init
00026545   __TI_decompress_none
000266a5   __TI_decompress_rle24
00000000   __TI_static_base__
000264bf   __TI_zero_init
0002407d   __aeabi_memclr
0002407d   __aeabi_memclr4
0002407d   __aeabi_memclr8
0002361d   __aeabi_memcpy
0002361d   __aeabi_memcpy4
0002361d   __aeabi_memcpy8
0002407f   __aeabi_memset
0002407f   __aeabi_memset4
0002407f   __aeabi_memset8
ffffffff   __binit__
ffffffff   __c_args__
20004f80   __stack
000262f9   _args_main
00025a49   _c_int00
200054dc   _cleanup_ptr
200054e0   _dtors_ptr
200054d4   _lock
000262ed   _nop
000262e7   _register_lock
000262e1   _register_unlock
200054d8   _unlock
00025489   abort
000231a9   autoip_arp_reply
00024741   autoip_start
00026505   autoip_stop
000223cd   autoip_tmr
ffffffff   binit
000252a1   copy_in
20004e30   current_header
20004e2c   current_netif
00026249   dhcp_arp_reply
000256cd   dhcp_coarse_tmr
00025869   dhcp_fine_tmr
00022e45   dhcp_release
00023a31   dhcp_renew
00022fa5   dhcp_start
000254c9   dhcp_stop
00021139   etharp_arp_input
00025f7f   etharp_ip_input
00022cc5   etharp_output
00021515   etharp_query
00022b35   etharp_raw
00025c5d   etharp_request
00025611   etharp_tmr
0001e4c0   ethbroadcast
000241dd   ethernet_input
0001e4c6   ethzero
00025491   exit
0001e300   file_404_htm
0001e2f0   file_block_htm
0001e2e0   file_family_htm
0001e2d0   file_favicon_ico
0001e2c0   file_images_austin_gif
0001e2b0   file_images_awards08_jpg
0001e2a0   file_images_chips_jpg
0001e290   file_images_clee_s_jpg
0001e280   file_images_furyblck_gif
0001e270   file_images_no16bit_jpg
0001e260   file_images_no8bit_jpg
0001e250   file_images_noasm_jpg
0001e240   file_images_nopin_jpg
0001e230   file_images_ti_logo_gif
0001e220   file_index_htm
0001e210   file_io_cgi_ssi
0001e200   file_io_http_htm
0001e1f0   file_perror_htm
000266d3   fs_close
0001fcbd   fs_open
00025651   fs_read
200054a4   g_iNumCGIs
20005498   g_iNumTags
200054a0   g_pCGIs
20005484   g_pcSSIExtensions
20005494   g_pfnSSIHandler
00000000   g_pfnVectors
2000549c   g_ppcTags
0001e50c   g_psDefaultFilenames
20005408   g_psHTTPHeaderStrings
20005380   g_psHTTPHeaders
20004f78   g_ulDutyCycle
20004f74   g_ulFrequency
00026263   htonl
000265a1   htons
00026415   http_set_cgi_handlers
000261d9   http_set_ssi_handler
00025e35   httpd_init
00020ae1   icmp_input
000265ad   inet_chksum
000251c9   inet_chksum_pbuf
00023b4f   inet_chksum_pseudo
000244d9   inet_ntoa
000259e1   io_get_ledstate
000265b9   io_get_pwmdutycycle
000265c5   io_get_pwmfreq
00025ed1   io_get_pwmstate
0002324d   io_init
000262c9   io_is_led_on
00026525   io_is_pwm_on
00025211   io_pwm_dutycycle
000253fd   io_pwm_freq
00026429   io_set_led
00026535   io_set_pwm
0001e4b8   ip_addr_any
0001e4bc   ip_addr_broadcast
00025a15   ip_addr_isbroadcast
000208c9   ip_input
00025441   ip_output
000224a5   ip_output_if
00024f09   ip_route
00025cb5   lwIPEthernetIntHandler
00021ab1   lwIPHostTimerHandler
00025259   lwIPInit
000265d1   lwIPLocalGWAddrGet
000265dd   lwIPLocalIPAddrGet
000265e9   lwIPLocalNetMaskGet
000261f5   lwIPTimer
000265f5   lwip_init
20004be8   lwip_stats
00020fcd   main
200054e4   main_func_sp
000247a5   mem_free
00024abd   mem_init
00021ba9   mem_malloc
00021ca1   mem_realloc
00025fa1   memcmp
0002361d   memcpy
00025745   memp_free
00024541   memp_init
00024809   memp_malloc
00024085   memset
00025001   netif_add
20004dd0   netif_default
0002665f   netif_is_up
20004dcc   netif_list
00026211   netif_set_addr
000264d1   netif_set_down
00026601   netif_set_gw
0002486d   netif_set_ipaddr
0002660d   netif_set_netmask
000260a5   netif_set_up
00026263   ntohl
000265a1   ntohs
0002163d   pbuf_alloc
00025ef5   pbuf_cat
00026561   pbuf_chain
000264e3   pbuf_clen
00023ac1   pbuf_copy
000245a9   pbuf_copy_partial
00024e5d   pbuf_free
00024405   pbuf_header
0002509d   pbuf_realloc
00026383   pbuf_ref
00024611   raw_input
00025781   stellarisif_init
00024169   stellarisif_interrupt
00026399   strchr
00026311   strcmp
0002643d   strlen
00025eab   strncmp
00025b49   strstr
00026623   sys_arch_protect
00026669   sys_arch_unprotect
00023051   tcp_abandon
000266d7   tcp_accept
20004de4   tcp_active_pcbs
000229a1   tcp_alloc
000266db   tcp_arg
0001e4a4   tcp_backoff
0002257d   tcp_bind
20004ddc   tcp_bound_pcbs
00022d85   tcp_close
0002619d   tcp_eff_send_mss
0001f911   tcp_enqueue
000266b1   tcp_err
00024cf1   tcp_fasttmr
0001f52d   tcp_input
20004e24   tcp_input_pcb
00024935   tcp_keepalive
20004de0   tcp_listen_pcbs
0002390d   tcp_listen_with_backlog
000266b7   tcp_new
00026329   tcp_next_iss
00020e39   tcp_output
0002550b   tcp_pcb_purge
00024b1d   tcp_pcb_remove
0001e4b1   tcp_persist_backoff
00026673   tcp_poll
000266bd   tcp_recv
000260c5   tcp_recv_null
000257bd   tcp_recved
0002554d   tcp_rexmit
00024da9   tcp_rexmit_fast
00025ce1   tcp_rexmit_rto
00023395   tcp_rst
00025e5d   tcp_seg_copy
000261bb   tcp_seg_free
0002627d   tcp_segs_free
00026451   tcp_send_ctrl
0002446f   tcp_send_empty_ack
000266c3   tcp_sent
0001ff79   tcp_slowtmr
20004dd8   tcp_ticks
20004dec   tcp_tmp_pcb
000260e5   tcp_tmr
20004de8   tcp_tw_pcbs
00025a7d   tcp_update_rcv_ann_wnd
00025d0d   tcp_write
000230fd   tcp_zero_window_probe
00024d4d   udp_bind
000252e9   udp_connect
000206a5   udp_input
0002622d   udp_new
20004e28   udp_pcbs
000266c9   udp_recv
00025d39   udp_remove
00025ab1   udp_sendto
00022211   udp_sendto_if
00026297   usnprintf
00026105   usprintf
00025fc3   ustrncpy
00023439   ustrtoul
00020205   uvsnprintf


GLOBAL SYMBOLS: SORTED BY Symbol Address 

address    name
--------   ----
00000000   __TI_static_base__
00000000   g_pfnVectors
00000001   __TI_args_main
00000400   __STACK_SIZE
0001e1f0   file_perror_htm
0001e200   file_io_http_htm
0001e210   file_io_cgi_ssi
0001e220   file_index_htm
0001e230   file_images_ti_logo_gif
0001e240   file_images_nopin_jpg
0001e250   file_images_noasm_jpg
0001e260   file_images_no8bit_jpg
0001e270   file_images_no16bit_jpg
0001e280   file_images_furyblck_gif
0001e290   file_images_clee_s_jpg
0001e2a0   file_images_chips_jpg
0001e2b0   file_images_awards08_jpg
0001e2c0   file_images_austin_gif
0001e2d0   file_favicon_ico
0001e2e0   file_family_htm
0001e2f0   file_block_htm
0001e300   file_404_htm
0001e4a4   tcp_backoff
0001e4b1   tcp_persist_backoff
0001e4b8   ip_addr_any
0001e4bc   ip_addr_broadcast
0001e4c0   ethbroadcast
0001e4c6   ethzero
0001e50c   g_psDefaultFilenames
0001f52d   tcp_input
0001f911   tcp_enqueue
0001fcbd   fs_open
0001ff79   tcp_slowtmr
00020205   uvsnprintf
000206a5   udp_input
000208c9   ip_input
00020ae1   icmp_input
00020ca1   SysCtlClockGet
00020e39   tcp_output
00020fcd   main
00021139   etharp_arp_input
0002129d   SysCtlClockSet
00021515   etharp_query
0002163d   pbuf_alloc
00021ab1   lwIPHostTimerHandler
00021ba9   mem_malloc
00021ca1   mem_realloc
00022211   udp_sendto_if
000223cd   autoip_tmr
000224a5   ip_output_if
0002257d   tcp_bind
00022655   RIT128x96x4StringDraw
000229a1   tcp_alloc
00022a6d   GPIOPadConfigSet
00022b35   etharp_raw
00022cc5   etharp_output
00022d85   tcp_close
00022e45   dhcp_release
00022fa5   dhcp_start
00023051   tcp_abandon
000230fd   tcp_zero_window_probe
000231a9   autoip_arp_reply
0002324d   io_init
00023395   tcp_rst
00023439   ustrtoul
000234dd   RIT128x96x4Init
0002361d   __aeabi_memcpy
0002361d   __aeabi_memcpy4
0002361d   __aeabi_memcpy8
0002361d   memcpy
000237e5   __TI_auto_init
0002390d   tcp_listen_with_backlog
00023a31   dhcp_renew
00023ac1   pbuf_copy
00023b4f   inet_chksum_pseudo
00023c65   SysCtlPeripheralReset
00023f8b   CheckDecimalParam
0002407d   __aeabi_memclr
0002407d   __aeabi_memclr4
0002407d   __aeabi_memclr8
0002407f   __aeabi_memset
0002407f   __aeabi_memset4
0002407f   __aeabi_memset8
00024085   memset
00024169   stellarisif_interrupt
000241dd   ethernet_input
00024405   pbuf_header
0002446f   tcp_send_empty_ack
000244d9   inet_ntoa
00024541   memp_init
000245a9   pbuf_copy_partial
00024611   raw_input
00024679   IntEnable
000246dd   RIT128x96x4Disable
00024741   autoip_start
000247a5   mem_free
00024809   memp_malloc
0002486d   netif_set_ipaddr
00024935   tcp_keepalive
000249fd   DecodeFormString
00024a5d   RIT128x96x4Enable
00024abd   mem_init
00024b1d   tcp_pcb_remove
00024cf1   tcp_fasttmr
00024d4d   udp_bind
00024da9   tcp_rexmit_fast
00024e05   SysCtlPeripheralEnable
00024e5d   pbuf_free
00024f09   ip_route
00024fb1   LocatorInit
00025001   netif_add
0002509d   pbuf_realloc
00025181   RIT128x96x4Clear
000251c9   inet_chksum_pbuf
00025211   io_pwm_dutycycle
00025259   lwIPInit
000252a1   copy_in
000252e9   udp_connect
00025331   DisplayIPAddress
00025375   SSIConfigSetExpClk
000253fd   io_pwm_freq
00025441   ip_output
00025485   C$$EXIT
00025489   abort
00025491   exit
000254c9   dhcp_stop
0002550b   tcp_pcb_purge
0002554d   tcp_rexmit
00025611   etharp_tmr
00025651   fs_read
00025691   DecodeHexEscape
000256cd   dhcp_coarse_tmr
00025745   memp_free
00025781   stellarisif_init
000257bd   tcp_recved
000257f7   EthernetMACAddrSet
00025831   FlashUserGet
00025869   dhcp_fine_tmr
0002590f   EthernetMACAddrGet
00025945   LocatorAppTitleSet
000259e1   io_get_ledstate
00025a15   ip_addr_isbroadcast
00025a49   _c_int00
00025a7d   tcp_update_rcv_ann_wnd
00025ab1   udp_sendto
00025b49   strstr
00025b7b   GPIODirModeSet
00025ba9   HexDigit
00025c05   FindCGIParameter
00025c5d   etharp_request
00025cb5   lwIPEthernetIntHandler
00025ce1   tcp_rexmit_rto
00025d0d   tcp_write
00025d39   udp_remove
00025d65   EthernetConfigSet
00025d8f   GetCGIParam
00025e0d   PWMGenConfigure
00025e35   httpd_init
00025e5d   tcp_seg_copy
00025eab   strncmp
00025ed1   io_get_pwmstate
00025ef5   pbuf_cat
00025f19   EthernetEnable
00025f3b   IsValidHexDigit
00025f7f   etharp_ip_input
00025fa1   memcmp
00025fc3   ustrncpy
00025fe5   LocatorMACAddrSet
00026005   SysTickIntHandler
000260a5   netif_set_up
000260c5   tcp_recv_null
000260e5   tcp_tmr
00026105   usprintf
00026125   EthernetPHYRead
00026143   PWMPulseWidthSet
0002619d   tcp_eff_send_mss
000261bb   tcp_seg_free
000261d9   http_set_ssi_handler
000261f5   lwIPTimer
00026211   netif_set_addr
0002622d   udp_new
00026249   dhcp_arp_reply
00026263   htonl
00026263   ntohl
0002627d   tcp_segs_free
00026297   usnprintf
000262c9   io_is_led_on
000262e1   _register_unlock
000262e7   _register_lock
000262ed   _nop
000262f9   _args_main
00026311   strcmp
00026329   tcp_next_iss
00026341   PWMOutputState
00026383   pbuf_ref
00026399   strchr
000263b1   EthernetInitExpClk
000263c5   PWMGenPeriodSet
000263d9   SysCtlPWMClockSet
000263ed   SysTickEnable
00026401   SysTickIntEnable
00026415   http_set_cgi_handlers
00026429   io_set_led
0002643d   strlen
00026451   tcp_send_ctrl
00026465   GPIOPinTypeEthernetLED
00026477   GPIOPinTypeGPIOOutput
00026489   GPIOPinTypePWM
0002649b   GPIOPinTypeSSI
000264ad   SSIDataGetNonBlocking
000264bf   __TI_zero_init
000264d1   netif_set_down
000264e3   pbuf_clen
000264f5   SysTickPeriodSet
00026505   autoip_stop
00026525   io_is_pwm_on
00026535   io_set_pwm
00026545   __TI_decompress_none
00026561   pbuf_chain
0002656f   CPUcpsid
0002657b   CPUcpsie
00026587   EthernetIntStatus
00026595   RIT128x96x4DisplayOff
000265a1   htons
000265a1   ntohs
000265ad   inet_chksum
000265b9   io_get_pwmdutycycle
000265c5   io_get_pwmfreq
000265d1   lwIPLocalGWAddrGet
000265dd   lwIPLocalIPAddrGet
000265e9   lwIPLocalNetMaskGet
000265f5   lwip_init
00026601   netif_set_gw
0002660d   netif_set_netmask
00026619   EthernetIntDisable
00026623   IntMasterDisable
00026623   sys_arch_protect
0002662d   IntMasterEnable
00026637   PWMGenEnable
00026641   SSIDataPut
0002664b   SSIDisable
00026655   SSIEnable
0002665f   netif_is_up
00026669   sys_arch_unprotect
00026673   tcp_poll
0002667d   EthernetIntEnable
00026685   SSIBusy
0002668d   GPIOPinRead
00026693   GPIOPinWrite
00026699   ResetISR
0002669f   SysCtlDelay
000266a5   __TI_decompress_rle24
000266b1   tcp_err
000266b7   tcp_new
000266bd   tcp_recv
000266c3   tcp_sent
000266c9   udp_recv
000266cf   EthernetIntClear
000266d3   fs_close
000266d7   tcp_accept
000266db   tcp_arg
000267f8   __TI_Handler_Table_Base
00026804   __TI_Handler_Table_Limit
00026810   __TI_CINIT_Base
00026820   __TI_CINIT_Limit
20004be8   lwip_stats
20004dcc   netif_list
20004dd0   netif_default
20004dd8   tcp_ticks
20004ddc   tcp_bound_pcbs
20004de0   tcp_listen_pcbs
20004de4   tcp_active_pcbs
20004de8   tcp_tw_pcbs
20004dec   tcp_tmp_pcb
20004e24   tcp_input_pcb
20004e28   udp_pcbs
20004e2c   current_netif
20004e30   current_header
20004f74   g_ulFrequency
20004f78   g_ulDutyCycle
20004f80   __stack
20005380   __STACK_END
20005380   __STACK_TOP
20005380   g_psHTTPHeaders
20005408   g_psHTTPHeaderStrings
20005484   g_pcSSIExtensions
20005494   g_pfnSSIHandler
20005498   g_iNumTags
2000549c   g_ppcTags
200054a0   g_pCGIs
200054a4   g_iNumCGIs
200054d4   _lock
200054d8   _unlock
200054dc   _cleanup_ptr
200054e0   _dtors_ptr
200054e4   main_func_sp
ffffffff   __binit__
ffffffff   __c_args__
ffffffff   binit
UNDEFED    SHT$$INIT_ARRAY$$Base
UNDEFED    SHT$$INIT_ARRAY$$Limit

[301 symbols]
