******************************************************************************
                  TMS470 Linker PC v4.9.5                      
******************************************************************************
>> Linked Sat Nov 28 20:32:00 2015

OUTPUT FILE NAME:   <morse_testing.out>
ENTRY POINT SYMBOL: "_c_int00"  address: 0002607d


MEMORY CONFIGURATION

         name            origin    length      used     unused   attr    fill
----------------------  --------  ---------  --------  --------  ----  --------
  FLASH                 00000000   00040000  00026ea4  0001915c  R  X
  SRAM                  20000000   00010000  00005500  0000ab00  RW X


SEGMENT ALLOCATION MAP

run origin  load origin   length   init length attrs members
----------  ----------- ---------- ----------- ----- -------
00000000    00000000    00026ea8   00026ea8    r-x
  00000000    00000000    000000f0   000000f0    r-- .intvecs
  000000f0    000000f0    0001e460   0001e460    r-- .const
  0001e550    0001e550    00008814   00008814    r-x .text
  00026d68    00026d68    00000140   00000140    r-- .cinit
20000000    20000000    0000538c   00000000    rw-
  20000000    20000000    00004f8c   00000000    rw- .bss
  20004f8c    20004f8c    00000400   00000000    rw- .stack
2000538c    2000538c    00000174   00000174    rw-
  2000538c    2000538c    00000174   00000174    rw- .data


SECTION ALLOCATION MAP

 output                                  attributes/
section   page    origin      length       input sections
--------  ----  ----------  ----------   ----------------
.intvecs   0    00000000    000000f0     
                  00000000    000000f0     startup_ccs.obj (.intvecs)

.init_array 
*          0    00000000    00000000     UNINITIALIZED

.const     0    000000f0    0001e460     
                  000000f0    00005f27     lmi_fs.obj (.const:data_images_clee_s_jpg)
                  00006017    00000001     --HOLE-- [fill = 0]
                  00006018    00005afe     lmi_fs.obj (.const:data_images_furyblck_gif)
                  0000bb16    00000002     --HOLE-- [fill = 0]
                  0000bb18    00002930     lmi_fs.obj (.const:data_images_awards08_jpg)
                  0000e448    00002362     lmi_fs.obj (.const:data_io_http_htm)
                  000107aa    00000002     --HOLE-- [fill = 0]
                  000107ac    00001a6f     lmi_fs.obj (.const:data_images_noasm_jpg)
                  0001221b    00000001     --HOLE-- [fill = 0]
                  0001221c    00001a38     lmi_fs.obj (.const:data_images_no8bit_jpg)
                  00013c54    00001a26     lmi_fs.obj (.const:data_images_no16bit_jpg)
                  0001567a    00000002     --HOLE-- [fill = 0]
                  0001567c    00001a14     lmi_fs.obj (.const:data_images_nopin_jpg)
                  00017090    000017a0     lmi_fs.obj (.const:data_images_chips_jpg)
                  00018830    00001170     lmi_fs.obj (.const:data_family_htm)
                  000199a0    00000d99     lmi_fs.obj (.const:data_images_austin_gif)
                  0001a739    00000003     --HOLE-- [fill = 0]
                  0001a73c    00000ceb     lmi_fs.obj (.const:data_images_ti_logo_gif)
                  0001b427    00000001     --HOLE-- [fill = 0]
                  0001b428    00000981     lmi_fs.obj (.const:data_io_cgi_ssi)
                  0001bda9    00000003     --HOLE-- [fill = 0]
                  0001bdac    00000852     lmi_fs.obj (.const:data_perror_htm)
                  0001c5fe    00000002     --HOLE-- [fill = 0]
                  0001c600    00000801     lmi_fs.obj (.const:data_block_htm)
                  0001ce01    00000003     --HOLE-- [fill = 0]
                  0001ce04    000006c3     lmi_fs.obj (.const:data_favicon_ico)
                  0001d4c7    00000001     --HOLE-- [fill = 0]
                  0001d4c8    0000067b     lmi_fs.obj (.const:data_index_htm)
                  0001db43    00000001     --HOLE-- [fill = 0]
                  0001db44    00000380     httpd.obj (.const:.string)
                  0001dec4    000001e0     rit128x96x4.obj (.const:g_pucFont)
                  0001e0a4    0000014b     lmi_fs.obj (.const:data_404_htm)
                  0001e1ef    00000001     --HOLE-- [fill = 0]
                  0001e1f0    00000120     lmi_fs.obj (.const)
                  0001e310    00000070     driverlib-cm3.lib : interrupt.obj (.const)
                  0001e380    0000006c                       : sysctl.obj (.const:g_pulXtals)
                  0001e3ec    0000004f     rit128x96x4.obj (.const:g_pucRIT128x96x4Init)
                  0001e43b    00000001     --HOLE-- [fill = 0]
                  0001e43c    00000048     enet_io.obj (.const:.string)
                  0001e484    00000048     lwiplib.obj (.const)
                  0001e4cc    00000040     driverlib-cm3.lib : sysctl.obj (.const)
                  0001e50c    00000028     httpd.obj (.const:g_psDefaultFilenames)
                  0001e534    00000010     enet_io.obj (.const)
                  0001e544    0000000c     rit128x96x4.obj (.const)

.text      0    0001e550    00008814     
                  0001e550    00000704     lwiplib.obj (.text:tcp_receive)
                  0001ec54    000004aa     httpd.obj (.text:send_data)
                  0001f0fe    00000002     startup_ccs.obj (.text:FaultISR)
                  0001f100    00000442     audio.obj (.text:send)
                  0001f542    00000002     startup_ccs.obj (.text:IntDefaultHandler)
                  0001f544    0000042c     lwiplib.obj (.text:tcp_process)
                  0001f970    000003e4     lwiplib.obj (.text:tcp_input)
                  0001fd54    000003ac     lwiplib.obj (.text:tcp_enqueue)
                  00020100    000002bc     lmi_fs.obj (.text:fs_open)
                  000203bc    0000028c     lwiplib.obj (.text:tcp_slowtmr)
                  00020648    00000262     ustdlib.obj (.text:uvsnprintf)
                  000208aa    00000002     startup_ccs.obj (.text:NmiSR)
                  000208ac    0000023c     httpd.obj (.text:http_recv)
                  00020ae8    00000224     lwiplib.obj (.text:udp_input)
                  00020d0c    00000218     lwiplib.obj (.text:ip_input)
                  00020f24    000001c0     lwiplib.obj (.text:icmp_input)
                  000210e4    000001bc     enet_io.obj (.text:main)
                  000212a0    00000198     driverlib-cm3.lib : sysctl.obj (.text:SysCtlClockGet)
                  00021438    00000194     lwiplib.obj (.text:tcp_output)
                  000215cc    00000164     lwiplib.obj (.text:etharp_arp_input)
                  00021730    00000144     driverlib-cm3.lib : sysctl.obj (.text:SysCtlClockSet)
                  00021874    00000134     lwiplib.obj (.text:find_entry)
                  000219a8    00000128     lwiplib.obj (.text:etharp_query)
                  00021ad0    00000128     lwiplib.obj (.text:pbuf_alloc)
                  00021bf8    00000120     lwiplib.obj (.text:tcp_listen_input)
                  00021d18    0000011b     enet_io.obj (.text:SSIHandler)
                  00021e33    00000001     --HOLE-- [fill = 0]
                  00021e34    00000110     lwiplib.obj (.text:dhcp_create_request)
                  00021f44    000000f8     enet_io.obj (.text:lwIPHostTimerHandler)
                  0002203c    000000f8     lwiplib.obj (.text:mem_malloc)
                  00022134    000000f8     lwiplib.obj (.text:mem_realloc)
                  0002222c    000000f0     lwiplib.obj (.text:dhcp_select)
                  0002231c    000000e8     lwiplib.obj (.text:dhcp_discover)
                  00022404    000000e0     enet_io.obj (.text:ControlCGIHandler)
                  000224e4    000000e0     lwiplib.obj (.text:dhcp_handle_ack)
                  000225c4    000000e0     httpd.obj (.text:get_http_headers)
                  000226a4    000000e0     lwiplib.obj (.text:udp_sendto_if)
                  00022784    000000dc     lwiplib.obj (.text:dhcp_bind)
                  00022860    000000d8     lwiplib.obj (.text:autoip_tmr)
                  00022938    000000d8     lwiplib.obj (.text:ip_output_if)
                  00022a10    000000d8     lwiplib.obj (.text:tcp_bind)
                  00022ae8    000000d4     rit128x96x4.obj (.text:RIT128x96x4StringDraw)
                  00022bbc    000000d4     lwiplib.obj (.text:dhcp_recv)
                  00022c90    000000d4     lwiplib.obj (.text:lwIPServiceTimers)
                  00022d64    000000d0     lwiplib.obj (.text:lwIPPrivateInit)
                  00022e34    000000cc     lwiplib.obj (.text:tcp_alloc)
                  00022f00    000000c8     driverlib-cm3.lib : gpio.obj (.text:GPIOPadConfigSet)
                  00022fc8    000000c8     lwiplib.obj (.text:etharp_raw)
                  00023090    000000c8     lwiplib.obj (.text:tcp_output_segment)
                  00023158    000000c0     lwiplib.obj (.text:etharp_output)
                  00023218    000000c0     lwiplib.obj (.text:tcp_close)
                  000232d8    000000b4     lwiplib.obj (.text:dhcp_release)
                  0002338c    000000ac     lwiplib.obj (.text:dhcp_reboot)
                  00023438    000000ac     lwiplib.obj (.text:dhcp_start)
                  000234e4    000000ac     lwiplib.obj (.text:tcp_abandon)
                  00023590    000000ac     lwiplib.obj (.text:tcp_zero_window_probe)
                  0002363c    000000a4     enet_io.obj (.text:SetTextCGIHandler)
                  000236e0    000000a4     lwiplib.obj (.text:autoip_arp_reply)
                  00023784    000000a4     io.obj (.text:io_init)
                  00023828    000000a4     lwiplib.obj (.text:stellarisif_transmit)
                  000238cc    000000a4     lwiplib.obj (.text:tcp_rst)
                  00023970    000000a4     ustdlib.obj (.text:ustrtoul)
                  00023a14    000000a0     rit128x96x4.obj (.text:RIT128x96x4Init)
                  00023ab4    000000a0     lwiplib.obj (.text:update_arp_entry)
                  00023b54    0000009c     rtsv7M3_T_le_eabi.lib : memcpy_t2.obj (.text)
                  00023bf0    00000098     httpd.obj (.text:get_tag_insert)
                  00023c88    00000094     rtsv7M3_T_le_eabi.lib : auto_init.obj (.text)
                  00023d1c    00000094     lwiplib.obj (.text:stellarisif_receive)
                  00023db0    00000094     lwiplib.obj (.text:tcp_listen_with_backlog)
                  00023e44    00000090     lwiplib.obj (.text:dhcp_rebind)
                  00023ed4    00000090     lwiplib.obj (.text:dhcp_renew)
                  00023f64    0000008e     lwiplib.obj (.text:pbuf_copy)
                  00023ff2    0000008c     lwiplib.obj (.text:inet_chksum_pseudo)
                  0002407e    00000002     --HOLE-- [fill = 0]
                  00024080    00000088     locator.obj (.text:LocatorReceive)
                  00024108    00000088     driverlib-cm3.lib : sysctl.obj (.text:SysCtlPeripheralReset)
                  00024190    00000088     lwiplib.obj (.text:dhcp_get_option_ptr)
                  00024218    00000088     lwiplib.obj (.text:tcp_oos_insert_segment)
                  000242a0    00000088     lwiplib.obj (.text:tcp_timewait_input)
                  00024328    00000084     lwiplib.obj (.text:tcp_parseopt)
                  000243ac    00000082     lwiplib.obj (.text:dhcp_timeout)
                  0002442e    00000078     cgifuncs.obj (.text:CheckDecimalParam)
                  000244a6    00000002     --HOLE-- [fill = 0]
                  000244a8    00000078     lwiplib.obj (.text:dhcp_decline)
                  00024520    00000078     rtsv7M3_T_le_eabi.lib : memset_t2.obj (.text)
                  00024598    00000074     httpd.obj (.text:extract_uri_parameters)
                  0002460c    00000074     lwiplib.obj (.text:stellarisif_interrupt)
                  00024680    00000070     lwiplib.obj (.text:ethernet_input)
                  000246f0    00000070     lwiplib.obj (.text:icmp_send_response)
                  00024760    0000006e     lwiplib.obj (.text:dhcp_unfold_reply)
                  000247ce    0000006e     lwiplib.obj (.text:tcp_output_set_header)
                  0002483c    0000006c     lwiplib.obj (.text:stellarisif_hwinit)
                  000248a8    0000006a     lwiplib.obj (.text:pbuf_header)
                  00024912    0000006a     lwiplib.obj (.text:tcp_send_empty_ack)
                  0002497c    00000068     audio.obj (.text:dash)
                  000249e4    00000068     lwiplib.obj (.text:inet_ntoa)
                  00024a4c    00000068     lwiplib.obj (.text:memp_init)
                  00024ab4    00000068     lwiplib.obj (.text:pbuf_copy_partial)
                  00024b1c    00000068     lwiplib.obj (.text:raw_input)
                  00024b84    00000064     driverlib-cm3.lib : interrupt.obj (.text:IntEnable)
                  00024be8    00000064     rit128x96x4.obj (.text:RIT128x96x4Disable)
                  00024c4c    00000064     lwiplib.obj (.text:autoip_start)
                  00024cb0    00000064     audio.obj (.text:dot)
                  00024d14    00000064     lwiplib.obj (.text:mem_free)
                  00024d78    00000064     lwiplib.obj (.text:memp_malloc)
                  00024ddc    00000064     lwiplib.obj (.text:netif_set_ipaddr)
                  00024e40    00000064     lwiplib.obj (.text:plug_holes)
                  00024ea4    00000064     lwiplib.obj (.text:tcp_keepalive)
                  00024f08    00000064     lwiplib.obj (.text:tcp_new_port)
                  00024f6c    00000060     cgifuncs.obj (.text:DecodeFormString)
                  00024fcc    00000060     rit128x96x4.obj (.text:RIT128x96x4Enable)
                  0002502c    00000060     lwiplib.obj (.text:mem_init)
                  0002508c    00000060     lwiplib.obj (.text:tcp_pcb_remove)
                  000250ec    0000005e     rtsv7M3_T_le_eabi.lib : copy_decompress_rle.obj (.text)
                  0002514a    00000002     --HOLE-- [fill = 0]
                  0002514c    0000005c     rit128x96x4.obj (.text:RITWriteCommand)
                  000251a8    0000005c     rit128x96x4.obj (.text:RITWriteData)
                  00025204    0000005c     httpd.obj (.text:http_accept)
                  00025260    0000005c     lwiplib.obj (.text:tcp_fasttmr)
                  000252bc    0000005c     lwiplib.obj (.text:udp_bind)
                  00025318    0000005a     lwiplib.obj (.text:tcp_rexmit_fast)
                  00025372    00000002     --HOLE-- [fill = 0]
                  00025374    00000058     driverlib-cm3.lib : sysctl.obj (.text:SysCtlPeripheralEnable)
                  000253cc    00000056     lwiplib.obj (.text:pbuf_free)
                  00025422    00000002     --HOLE-- [fill = 0]
                  00025424    00000054     lwiplib.obj (.text:autoip_create_addr)
                  00025478    00000054     lwiplib.obj (.text:ip_route)
                  000254cc    00000054     lwiplib.obj (.text:stellarisif_output)
                  00025520    00000050     audio.obj (.text:AudioVolume)
                  00025570    00000050     locator.obj (.text:LocatorInit)
                  000255c0    00000050     lwiplib.obj (.text:netif_add)
                  00025610    0000004c     lwiplib.obj (.text:lwip_standard_chksum)
                  0002565c    0000004c     lwiplib.obj (.text:pbuf_realloc)
                  000256a8    0000004c     lwiplib.obj (.text:tcp_kill_prio)
                  000256f4    0000004a     lwiplib.obj (.text:autoip_start_probing)
                  0002573e    00000002     --HOLE-- [fill = 0]
                  00025740    00000048     rit128x96x4.obj (.text:RIT128x96x4Clear)
                  00025788    00000048     lwiplib.obj (.text:inet_chksum_pbuf)
                  000257d0    00000048     io.obj (.text:io_pwm_dutycycle)
                  00025818    00000048     lwiplib.obj (.text:lwIPInit)
                  00025860    00000048     rtsv7M3_T_le_eabi.lib : cpy_tbl.obj (.text)
                  000258a8    00000048     lwiplib.obj (.text:udp_connect)
                  000258f0    00000044     enet_io.obj (.text:DisplayIPAddress)
                  00025934    00000044     driverlib-cm3.lib : ssi.obj (.text:SSIConfigSetExpClk)
                  00025978    00000044     lwiplib.obj (.text:enqueue_packet)
                  000259bc    00000044     io.obj (.text:io_pwm_freq)
                  00025a00    00000044     lwiplib.obj (.text:ip_output)
                  00025a44    00000044     rtsv7M3_T_le_eabi.lib : exit.obj (.text)
                  00025a88    00000042     lwiplib.obj (.text:dhcp_stop)
                  00025aca    00000042     lwiplib.obj (.text:tcp_pcb_purge)
                  00025b0c    00000042     lwiplib.obj (.text:tcp_rexmit)
                  00025b4e    00000002     --HOLE-- [fill = 0]
                  00025b50    00000040     audio.obj (.text:AudioMute)
                  00025b90    00000040     httpd.obj (.text:close_conn)
                  00025bd0    00000040     lwiplib.obj (.text:dhcp_option_long)
                  00025c10    00000040     lwiplib.obj (.text:etharp_tmr)
                  00025c50    00000040     lmi_fs.obj (.text:fs_read)
                  00025c90    0000003c     cgifuncs.obj (.text:DecodeHexEscape)
                  00025ccc    0000003c     lwiplib.obj (.text:dhcp_coarse_tmr)
                  00025d08    0000003c     httpd.obj (.text:http_poll)
                  00025d44    0000003c     lwiplib.obj (.text:memp_free)
                  00025d80    0000003c     lwiplib.obj (.text:stellarisif_init)
                  00025dbc    0000003a     lwiplib.obj (.text:tcp_recved)
                  00025df6    00000038     driverlib-cm3.lib : ethernet.obj (.text:EthernetMACAddrSet)
                  00025e2e    00000002     --HOLE-- [fill = 0]
                  00025e30    00000038                       : flash.obj (.text:FlashUserGet)
                  00025e68    00000038     lwiplib.obj (.text:dhcp_fine_tmr)
                  00025ea0    00000038     lwiplib.obj (.text:tcp_kill_timewait)
                  00025ed8    00000035     httpd.obj (.text:get_404_file)
                  00025f0d    00000003     --HOLE-- [fill = 0]
                  00025f10    00000034     audio.obj (.text:AudioOn)
                  00025f44    00000034     driverlib-cm3.lib : ethernet.obj (.text:EthernetMACAddrGet)
                  00025f78    00000034     locator.obj (.text:LocatorAppTitleSet)
                  00025fac    00000034     lwiplib.obj (.text:autoip_arp_probe)
                  00025fe0    00000034     lwiplib.obj (.text:dhcp_handle_nak)
                  00026014    00000034     io.obj (.text:io_get_ledstate)
                  00026048    00000034     lwiplib.obj (.text:ip_addr_isbroadcast)
                  0002607c    00000034     rtsv7M3_T_le_eabi.lib : boot.obj (.text)
                  000260b0    00000034     lwiplib.obj (.text:tcp_update_rcv_ann_wnd)
                  000260e4    00000034     lwiplib.obj (.text:udp_sendto)
                  00026118    00000032     lwiplib.obj (.text:dhcp_handle_offer)
                  0002614a    00000032     lwiplib.obj (.text:dhcp_option_trailer)
                  0002617c    00000032     rtsv7M3_T_le_eabi.lib : strstr.obj (.text)
                  000261ae    0000002e     driverlib-cm3.lib : gpio.obj (.text:GPIODirModeSet)
                  000261dc    0000002e     cgifuncs.obj (.text:HexDigit)
                  0002620a    0000002e     lwiplib.obj (.text:dequeue_packet)
                  00026238    0000002c     cgifuncs.obj (.text:FindCGIParameter)
                  00026264    0000002c     lwiplib.obj (.text:autoip_arp_announce)
                  00026290    0000002c     lwiplib.obj (.text:etharp_request)
                  000262bc    0000002c     httpd.obj (.text:http_sent)
                  000262e8    0000002c     lwiplib.obj (.text:lwIPEthernetIntHandler)
                  00026314    0000002c     lwiplib.obj (.text:tcp_rexmit_rto)
                  00026340    0000002c     lwiplib.obj (.text:tcp_write)
                  0002636c    0000002c     lwiplib.obj (.text:udp_remove)
                  00026398    0000002a     driverlib-cm3.lib : ethernet.obj (.text:EthernetConfigSet)
                  000263c2    0000002a     cgifuncs.obj (.text:GetCGIParam)
                  000263ec    0000002a     lwiplib.obj (.text:autoip_bind)
                  00026416    0000002a     lwiplib.obj (.text:etharp_send_ip)
                  00026440    00000028     driverlib-cm3.lib : pwm.obj (.text:PWMGenConfigure)
                  00026468    00000028     httpd.obj (.text:httpd_init)
                  00026490    00000028     lwiplib.obj (.text:tcp_seg_copy)
                  000264b8    00000026     lwiplib.obj (.text:dhcp_check)
                  000264de    00000026     rtsv7M3_T_le_eabi.lib : strncmp.obj (.text)
                  00026504    00000024     io.obj (.text:io_get_pwmstate)
                  00026528    00000024     lwiplib.obj (.text:pbuf_cat)
                  0002654c    00000022     driverlib-cm3.lib : ethernet.obj (.text:EthernetEnable)
                  0002656e    00000022     cgifuncs.obj (.text:IsValidHexDigit)
                  00026590    00000022     httpd.obj (.text:conn_err)
                  000265b2    00000022     lwiplib.obj (.text:etharp_ip_input)
                  000265d4    00000022     rtsv7M3_T_le_eabi.lib : memcmp.obj (.text)
                  000265f6    00000022     ustdlib.obj (.text:ustrncpy)
                  00026618    00000020     locator.obj (.text:LocatorMACAddrSet)
                  00026638    00000020     enet_io.obj (.text:SysTickIntHandler)
                  00026658    00000020     lwiplib.obj (.text:autoip_handle_arp_conflict)
                  00026678    00000020     lwiplib.obj (.text:dhcp_free_reply)
                  00026698    00000020     lwiplib.obj (.text:dhcp_option)
                  000266b8    00000020     lwiplib.obj (.text:dhcp_option_short)
                  000266d8    00000020     lwiplib.obj (.text:netif_set_up)
                  000266f8    00000020     lwiplib.obj (.text:tcp_recv_null)
                  00026718    00000020     lwiplib.obj (.text:tcp_tmr)
                  00026738    00000020     ustdlib.obj (.text:usprintf)
                  00026758    0000001e     driverlib-cm3.lib : ethernet.obj (.text:EthernetPHYRead)
                  00026776    0000001e                       : pwm.obj (.text:PWMPulseWidthSet)
                  00026794    0000001e     lwiplib.obj (.text:dhcp_get_option_long)
                  000267b2    0000001e     lwiplib.obj (.text:free_etharp_q)
                  000267d0    0000001e     lwiplib.obj (.text:tcp_eff_send_mss)
                  000267ee    0000001e     lwiplib.obj (.text:tcp_seg_free)
                  0002680c    0000001c     httpd.obj (.text:http_set_ssi_handler)
                  00026828    0000001c     lwiplib.obj (.text:lwIPTimer)
                  00026844    0000001c     lwiplib.obj (.text:netif_set_addr)
                  00026860    0000001c     lwiplib.obj (.text:udp_new)
                  0002687c    0000001a     lwiplib.obj (.text:dhcp_arp_reply)
                  00026896    0000001a     lwiplib.obj (.text:htonl)
                  000268b0    0000001a     lwiplib.obj (.text:tcp_segs_free)
                  000268ca    0000001a     ustdlib.obj (.text:usnprintf)
                  000268e4    00000018     audio.obj (.text:delay)
                  000268fc    00000018     lwiplib.obj (.text:dhcp_delete_request)
                  00026914    00000018     io.obj (.text:io_is_led_on)
                  0002692c    00000018     rtsv7M3_T_le_eabi.lib : _lock.obj (.text)
                  00026944    00000018                           : args_main.obj (.text)
                  0002695c    00000018                           : strcmp.obj (.text)
                  00026974    00000018     lwiplib.obj (.text:tcp_next_iss)
                  0002698c    00000016     driverlib-cm3.lib : pwm.obj (.text:PWMOutputInvert)
                  000269a2    00000016                       : pwm.obj (.text:PWMOutputState)
                  000269b8    00000016     lwiplib.obj (.text:dhcp_t1_timeout)
                  000269ce    00000016     lwiplib.obj (.text:dhcp_t2_timeout)
                  000269e4    00000016     lwiplib.obj (.text:pbuf_ref)
                  000269fa    00000016     rtsv7M3_T_le_eabi.lib : strchr.obj (.text)
                  00026a10    00000014     driverlib-cm3.lib : ethernet.obj (.text:EthernetInitExpClk)
                  00026a24    00000014                       : pwm.obj (.text:PWMGenPeriodSet)
                  00026a38    00000014                       : sysctl.obj (.text:SysCtlPWMClockSet)
                  00026a4c    00000014                       : systick.obj (.text:SysTickEnable)
                  00026a60    00000014                       : systick.obj (.text:SysTickIntEnable)
                  00026a74    00000014     httpd.obj (.text:http_set_cgi_handlers)
                  00026a88    00000014     io.obj (.text:io_set_led)
                  00026a9c    00000014     rtsv7M3_T_le_eabi.lib : strlen.obj (.text)
                  00026ab0    00000014     lwiplib.obj (.text:tcp_send_ctrl)
                  00026ac4    00000012     driverlib-cm3.lib : gpio.obj (.text:GPIOPinTypeEthernetLED)
                  00026ad6    00000012                       : gpio.obj (.text:GPIOPinTypeGPIOOutput)
                  00026ae8    00000012                       : gpio.obj (.text:GPIOPinTypePWM)
                  00026afa    00000012                       : gpio.obj (.text:GPIOPinTypeSSI)
                  00026b0c    00000012                       : ssi.obj (.text:SSIDataGetNonBlocking)
                  00026b1e    00000012     rtsv7M3_T_le_eabi.lib : copy_zero_init.obj (.text:decompress:ZI)
                  00026b30    00000012     lwiplib.obj (.text:netif_set_down)
                  00026b42    00000012     lwiplib.obj (.text:pbuf_clen)
                  00026b54    00000010     driverlib-cm3.lib : systick.obj (.text:SysTickPeriodSet)
                  00026b64    00000010     lwiplib.obj (.text:autoip_stop)
                  00026b74    00000010     lwiplib.obj (.text:dhcp_option_byte)
                  00026b84    00000010     io.obj (.text:io_is_pwm_on)
                  00026b94    00000010     io.obj (.text:io_set_pwm)
                  00026ba4    0000000e     rtsv7M3_T_le_eabi.lib : copy_decompress_none.obj (.text:decompress:none)
                  00026bb2    0000000e     lwiplib.obj (.text:dhcp_set_state)
                  00026bc0    0000000e     lwiplib.obj (.text:pbuf_chain)
                  00026bce    0000000c     driverlib-cm3.lib : cpu.obj (.text:CPUcpsid)
                  00026bda    0000000c                       : cpu.obj (.text:CPUcpsie)
                  00026be6    0000000c                       : ethernet.obj (.text:EthernetIntStatus)
                  00026bf2    00000002     --HOLE-- [fill = 0]
                  00026bf4    0000000c     rit128x96x4.obj (.text:RIT128x96x4DisplayOff)
                  00026c00    0000000c     lwiplib.obj (.text:htons)
                  00026c0c    0000000c     lwiplib.obj (.text:inet_chksum)
                  00026c18    0000000c     io.obj (.text:io_get_pwmdutycycle)
                  00026c24    0000000c     io.obj (.text:io_get_pwmfreq)
                  00026c30    0000000c     audio.obj (.text:letterBreak)
                  00026c3c    0000000c     lwiplib.obj (.text:lwIPLocalGWAddrGet)
                  00026c48    0000000c     lwiplib.obj (.text:lwIPLocalIPAddrGet)
                  00026c54    0000000c     lwiplib.obj (.text:lwIPLocalNetMaskGet)
                  00026c60    0000000c     lwiplib.obj (.text:lwip_init)
                  00026c6c    0000000c     lwiplib.obj (.text:netif_set_gw)
                  00026c78    0000000c     lwiplib.obj (.text:netif_set_netmask)
                  00026c84    0000000c     audio.obj (.text:wordBreak)
                  00026c90    0000000a     driverlib-cm3.lib : ethernet.obj (.text:EthernetIntDisable)
                  00026c9a    0000000a                       : interrupt.obj (.text:IntMasterDisable)
                  00026ca4    0000000a                       : interrupt.obj (.text:IntMasterEnable)
                  00026cae    0000000a                       : pwm.obj (.text:PWMGenDisable)
                  00026cb8    0000000a                       : pwm.obj (.text:PWMGenEnable)
                  00026cc2    0000000a                       : ssi.obj (.text:SSIDataPut)
                  00026ccc    0000000a                       : ssi.obj (.text:SSIDisable)
                  00026cd6    0000000a                       : ssi.obj (.text:SSIEnable)
                  00026ce0    0000000a     lwiplib.obj (.text:netif_is_up)
                  00026cea    0000000a     lwiplib.obj (.text:sys_arch_unprotect)
                  00026cf4    0000000a     lwiplib.obj (.text:tcp_poll)
                  00026cfe    00000008     driverlib-cm3.lib : ethernet.obj (.text:EthernetIntEnable)
                  00026d06    00000008                       : ssi.obj (.text:SSIBusy)
                  00026d0e    00000006                       : gpio.obj (.text:GPIOPinRead)
                  00026d14    00000006                       : gpio.obj (.text:GPIOPinWrite)
                  00026d1a    00000006     startup_ccs.obj (.text:ResetISR)
                  00026d20    00000006     driverlib-cm3.lib : sysctl.obj (.text:SysCtlDelay)
                  00026d26    00000006     rtsv7M3_T_le_eabi.lib : copy_decompress_rle.obj (.text:decompress:rle24)
                  00026d2c    00000006     lwiplib.obj (.text:tcp_accept_null)
                  00026d32    00000006     lwiplib.obj (.text:tcp_err)
                  00026d38    00000006     lwiplib.obj (.text:tcp_new)
                  00026d3e    00000006     lwiplib.obj (.text:tcp_recv)
                  00026d44    00000006     lwiplib.obj (.text:tcp_sent)
                  00026d4a    00000006     lwiplib.obj (.text:udp_recv)
                  00026d50    00000004     driverlib-cm3.lib : ethernet.obj (.text:EthernetIntClear)
                  00026d54    00000004                       : pwm.obj (.text:PWMSyncUpdate)
                  00026d58    00000004     lmi_fs.obj (.text:fs_close)
                  00026d5c    00000004     lwiplib.obj (.text:tcp_accept)
                  00026d60    00000004     lwiplib.obj (.text:tcp_arg)

.cinit     0    00026d68    00000140     
                  00026d68    0000011c     (.cinit..data.load) [load image, compression = rle]
                  00026e84    0000000c     (__TI_handler_table)
                  00026e90    00000008     (.cinit..bss.load) [load image, compression = zero_init]
                  00026e98    00000010     (__TI_cinit_table)

.bss       0    20000000    00004f8c     UNINITIALIZED
                  20000000    00003014     lwiplib.obj (.bss:ram_heap)
                  20003014    00001bd4     lwiplib.obj (.bss:memp_memory)
                  20004be8    000000ea     lwiplib.obj (.bss:lwip_stats)
                  20004cd2    00000002     --HOLE--
                  20004cd4    000000c8     lwiplib.obj (.bss:arp_table)
                  20004d9c    000000b8     lwiplib.obj (.bss)
                  20004e54    00000060     lwiplib.obj (.bss:stellarisif_data)
                  20004eb4    00000054     locator.obj (.bss:g_pucLocatorData)
                  20004f08    00000038     lwiplib.obj (.bss:g_sNetIF)
                  20004f40    00000028     lmi_fs.obj (.bss)
                  20004f68    0000000c     main.obj (.bss)
                  20004f74    0000000c     rit128x96x4.obj (.bss)
                  20004f80    00000008     io.obj (.bss)
                  20004f88    00000004     enet_io.obj (.bss)

.stack     0    20004f8c    00000400     UNINITIALIZED
                  20004f8c    00000400     --HOLE--

.data      0    2000538c    00000174     
                  2000538c    00000088     httpd.obj (.data:g_psHTTPHeaders)
                  20005414    00000048     httpd.obj (.data:g_psHTTPHeaderStrings)
                  2000545c    00000032     lwiplib.obj (.data)
                  2000548e    00000002     --HOLE--
                  20005490    00000024     httpd.obj (.data)
                  200054b4    0000001c     enet_io.obj (.data)
                  200054d0    00000010     lmi_fs.obj (.data)
                  200054e0    0000000c     audio.obj (.data)
                  200054ec    00000008     rtsv7M3_T_le_eabi.lib : _lock.obj (.data)
                  200054f4    00000008                           : exit.obj (.data)
                  200054fc    00000004                           : stkdepth_vars.obj (.data)


LINKER GENERATED COPY TABLES

__TI_cinit_table @ 00026e98 records: 2, size/record: 8, table size: 16
	.data: load addr=00026d68, load size=0000011c bytes, run addr=2000538c, run size=00000174 bytes, compression=rle
	.bss: load addr=00026e90, load size=00000008 bytes, run addr=20000000, run size=00004f8c bytes, compression=zero_init


LINKER GENERATED HANDLER TABLE

__TI_handler_table @ 00026e84 records: 3, size/record: 4, table size: 12
	index: 0, handler: __TI_decompress_rle24
	index: 1, handler: __TI_decompress_none
	index: 2, handler: __TI_zero_init


GLOBAL SYMBOLS: SORTED ALPHABETICALLY BY Name 

address    name
--------   ----
00025f11   AudioOn
00025521   AudioVolume
00025a45   C$$EXIT
00026bcf   CPUcpsid
00026bdb   CPUcpsie
0002442f   CheckDecimalParam
00024f6d   DecodeFormString
00025c91   DecodeHexEscape
000258f1   DisplayIPAddress
00026399   EthernetConfigSet
0002654d   EthernetEnable
00026a11   EthernetInitExpClk
00026d51   EthernetIntClear
00026c91   EthernetIntDisable
00026cff   EthernetIntEnable
00026be7   EthernetIntStatus
00025f45   EthernetMACAddrGet
00025df7   EthernetMACAddrSet
00026759   EthernetPHYRead
00026239   FindCGIParameter
00025e31   FlashUserGet
000261af   GPIODirModeSet
00022f01   GPIOPadConfigSet
00026d0f   GPIOPinRead
00026ac5   GPIOPinTypeEthernetLED
00026ad7   GPIOPinTypeGPIOOutput
00026ae9   GPIOPinTypePWM
00026afb   GPIOPinTypeSSI
00026d15   GPIOPinWrite
000263c3   GetCGIParam
000261dd   HexDigit
00024b85   IntEnable
00026c9b   IntMasterDisable
00026ca5   IntMasterEnable
0002656f   IsValidHexDigit
00025f79   LocatorAppTitleSet
00025571   LocatorInit
00026619   LocatorMACAddrSet
00026441   PWMGenConfigure
00026caf   PWMGenDisable
00026cb9   PWMGenEnable
00026a25   PWMGenPeriodSet
0002698d   PWMOutputInvert
000269a3   PWMOutputState
00026777   PWMPulseWidthSet
00026d55   PWMSyncUpdate
00025741   RIT128x96x4Clear
00024be9   RIT128x96x4Disable
00026bf5   RIT128x96x4DisplayOff
00024fcd   RIT128x96x4Enable
00023a15   RIT128x96x4Init
00022ae9   RIT128x96x4StringDraw
00026d1b   ResetISR
UNDEFED    SHT$$INIT_ARRAY$$Base
UNDEFED    SHT$$INIT_ARRAY$$Limit
00026d07   SSIBusy
00025935   SSIConfigSetExpClk
00026b0d   SSIDataGetNonBlocking
00026cc3   SSIDataPut
00026ccd   SSIDisable
00026cd7   SSIEnable
000212a1   SysCtlClockGet
00021731   SysCtlClockSet
00026d21   SysCtlDelay
00026a39   SysCtlPWMClockSet
00025375   SysCtlPeripheralEnable
00024109   SysCtlPeripheralReset
00026a4d   SysTickEnable
00026a61   SysTickIntEnable
00026639   SysTickIntHandler
00026b55   SysTickPeriodSet
2000538c   __STACK_END
00000400   __STACK_SIZE
2000538c   __STACK_TOP
00026e98   __TI_CINIT_Base
00026ea8   __TI_CINIT_Limit
00026e84   __TI_Handler_Table_Base
00026e90   __TI_Handler_Table_Limit
00000001   __TI_args_main
00023c89   __TI_auto_init
00026ba5   __TI_decompress_none
00026d27   __TI_decompress_rle24
00000000   __TI_static_base__
00026b1f   __TI_zero_init
00024521   __aeabi_memclr
00024521   __aeabi_memclr4
00024521   __aeabi_memclr8
00023b55   __aeabi_memcpy
00023b55   __aeabi_memcpy4
00023b55   __aeabi_memcpy8
00024523   __aeabi_memset
00024523   __aeabi_memset4
00024523   __aeabi_memset8
ffffffff   __binit__
ffffffff   __c_args__
20004f8c   __stack
00026945   _args_main
0002607d   _c_int00
200054f4   _cleanup_ptr
200054f8   _dtors_ptr
200054ec   _lock
00026939   _nop
00026933   _register_lock
0002692d   _register_unlock
200054f0   _unlock
00025a49   abort
000236e1   autoip_arp_reply
00024c4d   autoip_start
00026b65   autoip_stop
00022861   autoip_tmr
ffffffff   binit
00025861   copy_in
20004e30   current_header
20004e2c   current_netif
0002497d   dash
000268e5   delay
0002687d   dhcp_arp_reply
00025ccd   dhcp_coarse_tmr
00025e69   dhcp_fine_tmr
000232d9   dhcp_release
00023ed5   dhcp_renew
00023439   dhcp_start
00025a89   dhcp_stop
00024cb1   dot
000215cd   etharp_arp_input
000265b3   etharp_ip_input
00023159   etharp_output
000219a9   etharp_query
00022fc9   etharp_raw
00026291   etharp_request
00025c11   etharp_tmr
0001e4c0   ethbroadcast
00024681   ethernet_input
0001e4c6   ethzero
00025a51   exit
0001e300   file_404_htm
0001e2f0   file_block_htm
0001e2e0   file_family_htm
0001e2d0   file_favicon_ico
0001e2c0   file_images_austin_gif
0001e2b0   file_images_awards08_jpg
0001e2a0   file_images_chips_jpg
0001e290   file_images_clee_s_jpg
0001e280   file_images_furyblck_gif
0001e270   file_images_no16bit_jpg
0001e260   file_images_no8bit_jpg
0001e250   file_images_noasm_jpg
0001e240   file_images_nopin_jpg
0001e230   file_images_ti_logo_gif
0001e220   file_index_htm
0001e210   file_io_cgi_ssi
0001e200   file_io_http_htm
0001e1f0   file_perror_htm
00026d59   fs_close
00020101   fs_open
00025c51   fs_read
200054b0   g_iNumCGIs
200054a4   g_iNumTags
200054ac   g_pCGIs
20005490   g_pcSSIExtensions
200054a0   g_pfnSSIHandler
00000000   g_pfnVectors
200054a8   g_ppcTags
0001e50c   g_psDefaultFilenames
20005414   g_psHTTPHeaderStrings
2000538c   g_psHTTPHeaders
20004f70   g_ulButtonStatus
20004f84   g_ulDutyCycle
20004f68   g_ulFlags
20004f80   g_ulFrequency
20004f6c   g_ulSystemClock
00026897   htonl
00026c01   htons
00026a75   http_set_cgi_handlers
0002680d   http_set_ssi_handler
00026469   httpd_init
00020f25   icmp_input
00026c0d   inet_chksum
00025789   inet_chksum_pbuf
00023ff3   inet_chksum_pseudo
000249e5   inet_ntoa
00026015   io_get_ledstate
00026c19   io_get_pwmdutycycle
00026c25   io_get_pwmfreq
00026505   io_get_pwmstate
00023785   io_init
00026915   io_is_led_on
00026b85   io_is_pwm_on
000257d1   io_pwm_dutycycle
000259bd   io_pwm_freq
00026a89   io_set_led
00026b95   io_set_pwm
0001e4b8   ip_addr_any
0001e4bc   ip_addr_broadcast
00026049   ip_addr_isbroadcast
00020d0d   ip_input
00025a01   ip_output
00022939   ip_output_if
00025479   ip_route
00026c31   letterBreak
000262e9   lwIPEthernetIntHandler
00021f45   lwIPHostTimerHandler
00025819   lwIPInit
00026c3d   lwIPLocalGWAddrGet
00026c49   lwIPLocalIPAddrGet
00026c55   lwIPLocalNetMaskGet
00026829   lwIPTimer
00026c61   lwip_init
20004be8   lwip_stats
000210e5   main
200054fc   main_func_sp
00024d15   mem_free
0002502d   mem_init
0002203d   mem_malloc
00022135   mem_realloc
000265d5   memcmp
00023b55   memcpy
00025d45   memp_free
00024a4d   memp_init
00024d79   memp_malloc
00024529   memset
000255c1   netif_add
20004dd0   netif_default
00026ce1   netif_is_up
20004dcc   netif_list
00026845   netif_set_addr
00026b31   netif_set_down
00026c6d   netif_set_gw
00024ddd   netif_set_ipaddr
00026c79   netif_set_netmask
000266d9   netif_set_up
00026897   ntohl
00026c01   ntohs
00021ad1   pbuf_alloc
00026529   pbuf_cat
00026bc1   pbuf_chain
00026b43   pbuf_clen
00023f65   pbuf_copy
00024ab5   pbuf_copy_partial
000253cd   pbuf_free
000248a9   pbuf_header
0002565d   pbuf_realloc
000269e5   pbuf_ref
00024b1d   raw_input
0001f101   send
00025d81   stellarisif_init
0002460d   stellarisif_interrupt
000269fb   strchr
0002695d   strcmp
00026a9d   strlen
000264df   strncmp
0002617d   strstr
00026c9b   sys_arch_protect
00026ceb   sys_arch_unprotect
000234e5   tcp_abandon
00026d5d   tcp_accept
20004de4   tcp_active_pcbs
00022e35   tcp_alloc
00026d61   tcp_arg
0001e4a4   tcp_backoff
00022a11   tcp_bind
20004ddc   tcp_bound_pcbs
00023219   tcp_close
000267d1   tcp_eff_send_mss
0001fd55   tcp_enqueue
00026d33   tcp_err
00025261   tcp_fasttmr
0001f971   tcp_input
20004e24   tcp_input_pcb
00024ea5   tcp_keepalive
20004de0   tcp_listen_pcbs
00023db1   tcp_listen_with_backlog
00026d39   tcp_new
00026975   tcp_next_iss
00021439   tcp_output
00025acb   tcp_pcb_purge
0002508d   tcp_pcb_remove
0001e4b1   tcp_persist_backoff
00026cf5   tcp_poll
00026d3f   tcp_recv
000266f9   tcp_recv_null
00025dbd   tcp_recved
00025b0d   tcp_rexmit
00025319   tcp_rexmit_fast
00026315   tcp_rexmit_rto
000238cd   tcp_rst
00026491   tcp_seg_copy
000267ef   tcp_seg_free
000268b1   tcp_segs_free
00026ab1   tcp_send_ctrl
00024913   tcp_send_empty_ack
00026d45   tcp_sent
000203bd   tcp_slowtmr
20004dd8   tcp_ticks
20004dec   tcp_tmp_pcb
00026719   tcp_tmr
20004de8   tcp_tw_pcbs
000260b1   tcp_update_rcv_ann_wnd
00026341   tcp_write
00023591   tcp_zero_window_probe
000252bd   udp_bind
000258a9   udp_connect
00020ae9   udp_input
00026861   udp_new
20004e28   udp_pcbs
00026d4b   udp_recv
0002636d   udp_remove
000260e5   udp_sendto
000226a5   udp_sendto_if
000268cb   usnprintf
00026739   usprintf
000265f7   ustrncpy
00023971   ustrtoul
00020649   uvsnprintf
00026c85   wordBreak


GLOBAL SYMBOLS: SORTED BY Symbol Address 

address    name
--------   ----
00000000   __TI_static_base__
00000000   g_pfnVectors
00000001   __TI_args_main
00000400   __STACK_SIZE
0001e1f0   file_perror_htm
0001e200   file_io_http_htm
0001e210   file_io_cgi_ssi
0001e220   file_index_htm
0001e230   file_images_ti_logo_gif
0001e240   file_images_nopin_jpg
0001e250   file_images_noasm_jpg
0001e260   file_images_no8bit_jpg
0001e270   file_images_no16bit_jpg
0001e280   file_images_furyblck_gif
0001e290   file_images_clee_s_jpg
0001e2a0   file_images_chips_jpg
0001e2b0   file_images_awards08_jpg
0001e2c0   file_images_austin_gif
0001e2d0   file_favicon_ico
0001e2e0   file_family_htm
0001e2f0   file_block_htm
0001e300   file_404_htm
0001e4a4   tcp_backoff
0001e4b1   tcp_persist_backoff
0001e4b8   ip_addr_any
0001e4bc   ip_addr_broadcast
0001e4c0   ethbroadcast
0001e4c6   ethzero
0001e50c   g_psDefaultFilenames
0001f101   send
0001f971   tcp_input
0001fd55   tcp_enqueue
00020101   fs_open
000203bd   tcp_slowtmr
00020649   uvsnprintf
00020ae9   udp_input
00020d0d   ip_input
00020f25   icmp_input
000210e5   main
000212a1   SysCtlClockGet
00021439   tcp_output
000215cd   etharp_arp_input
00021731   SysCtlClockSet
000219a9   etharp_query
00021ad1   pbuf_alloc
00021f45   lwIPHostTimerHandler
0002203d   mem_malloc
00022135   mem_realloc
000226a5   udp_sendto_if
00022861   autoip_tmr
00022939   ip_output_if
00022a11   tcp_bind
00022ae9   RIT128x96x4StringDraw
00022e35   tcp_alloc
00022f01   GPIOPadConfigSet
00022fc9   etharp_raw
00023159   etharp_output
00023219   tcp_close
000232d9   dhcp_release
00023439   dhcp_start
000234e5   tcp_abandon
00023591   tcp_zero_window_probe
000236e1   autoip_arp_reply
00023785   io_init
000238cd   tcp_rst
00023971   ustrtoul
00023a15   RIT128x96x4Init
00023b55   __aeabi_memcpy
00023b55   __aeabi_memcpy4
00023b55   __aeabi_memcpy8
00023b55   memcpy
00023c89   __TI_auto_init
00023db1   tcp_listen_with_backlog
00023ed5   dhcp_renew
00023f65   pbuf_copy
00023ff3   inet_chksum_pseudo
00024109   SysCtlPeripheralReset
0002442f   CheckDecimalParam
00024521   __aeabi_memclr
00024521   __aeabi_memclr4
00024521   __aeabi_memclr8
00024523   __aeabi_memset
00024523   __aeabi_memset4
00024523   __aeabi_memset8
00024529   memset
0002460d   stellarisif_interrupt
00024681   ethernet_input
000248a9   pbuf_header
00024913   tcp_send_empty_ack
0002497d   dash
000249e5   inet_ntoa
00024a4d   memp_init
00024ab5   pbuf_copy_partial
00024b1d   raw_input
00024b85   IntEnable
00024be9   RIT128x96x4Disable
00024c4d   autoip_start
00024cb1   dot
00024d15   mem_free
00024d79   memp_malloc
00024ddd   netif_set_ipaddr
00024ea5   tcp_keepalive
00024f6d   DecodeFormString
00024fcd   RIT128x96x4Enable
0002502d   mem_init
0002508d   tcp_pcb_remove
00025261   tcp_fasttmr
000252bd   udp_bind
00025319   tcp_rexmit_fast
00025375   SysCtlPeripheralEnable
000253cd   pbuf_free
00025479   ip_route
00025521   AudioVolume
00025571   LocatorInit
000255c1   netif_add
0002565d   pbuf_realloc
00025741   RIT128x96x4Clear
00025789   inet_chksum_pbuf
000257d1   io_pwm_dutycycle
00025819   lwIPInit
00025861   copy_in
000258a9   udp_connect
000258f1   DisplayIPAddress
00025935   SSIConfigSetExpClk
000259bd   io_pwm_freq
00025a01   ip_output
00025a45   C$$EXIT
00025a49   abort
00025a51   exit
00025a89   dhcp_stop
00025acb   tcp_pcb_purge
00025b0d   tcp_rexmit
00025c11   etharp_tmr
00025c51   fs_read
00025c91   DecodeHexEscape
00025ccd   dhcp_coarse_tmr
00025d45   memp_free
00025d81   stellarisif_init
00025dbd   tcp_recved
00025df7   EthernetMACAddrSet
00025e31   FlashUserGet
00025e69   dhcp_fine_tmr
00025f11   AudioOn
00025f45   EthernetMACAddrGet
00025f79   LocatorAppTitleSet
00026015   io_get_ledstate
00026049   ip_addr_isbroadcast
0002607d   _c_int00
000260b1   tcp_update_rcv_ann_wnd
000260e5   udp_sendto
0002617d   strstr
000261af   GPIODirModeSet
000261dd   HexDigit
00026239   FindCGIParameter
00026291   etharp_request
000262e9   lwIPEthernetIntHandler
00026315   tcp_rexmit_rto
00026341   tcp_write
0002636d   udp_remove
00026399   EthernetConfigSet
000263c3   GetCGIParam
00026441   PWMGenConfigure
00026469   httpd_init
00026491   tcp_seg_copy
000264df   strncmp
00026505   io_get_pwmstate
00026529   pbuf_cat
0002654d   EthernetEnable
0002656f   IsValidHexDigit
000265b3   etharp_ip_input
000265d5   memcmp
000265f7   ustrncpy
00026619   LocatorMACAddrSet
00026639   SysTickIntHandler
000266d9   netif_set_up
000266f9   tcp_recv_null
00026719   tcp_tmr
00026739   usprintf
00026759   EthernetPHYRead
00026777   PWMPulseWidthSet
000267d1   tcp_eff_send_mss
000267ef   tcp_seg_free
0002680d   http_set_ssi_handler
00026829   lwIPTimer
00026845   netif_set_addr
00026861   udp_new
0002687d   dhcp_arp_reply
00026897   htonl
00026897   ntohl
000268b1   tcp_segs_free
000268cb   usnprintf
000268e5   delay
00026915   io_is_led_on
0002692d   _register_unlock
00026933   _register_lock
00026939   _nop
00026945   _args_main
0002695d   strcmp
00026975   tcp_next_iss
0002698d   PWMOutputInvert
000269a3   PWMOutputState
000269e5   pbuf_ref
000269fb   strchr
00026a11   EthernetInitExpClk
00026a25   PWMGenPeriodSet
00026a39   SysCtlPWMClockSet
00026a4d   SysTickEnable
00026a61   SysTickIntEnable
00026a75   http_set_cgi_handlers
00026a89   io_set_led
00026a9d   strlen
00026ab1   tcp_send_ctrl
00026ac5   GPIOPinTypeEthernetLED
00026ad7   GPIOPinTypeGPIOOutput
00026ae9   GPIOPinTypePWM
00026afb   GPIOPinTypeSSI
00026b0d   SSIDataGetNonBlocking
00026b1f   __TI_zero_init
00026b31   netif_set_down
00026b43   pbuf_clen
00026b55   SysTickPeriodSet
00026b65   autoip_stop
00026b85   io_is_pwm_on
00026b95   io_set_pwm
00026ba5   __TI_decompress_none
00026bc1   pbuf_chain
00026bcf   CPUcpsid
00026bdb   CPUcpsie
00026be7   EthernetIntStatus
00026bf5   RIT128x96x4DisplayOff
00026c01   htons
00026c01   ntohs
00026c0d   inet_chksum
00026c19   io_get_pwmdutycycle
00026c25   io_get_pwmfreq
00026c31   letterBreak
00026c3d   lwIPLocalGWAddrGet
00026c49   lwIPLocalIPAddrGet
00026c55   lwIPLocalNetMaskGet
00026c61   lwip_init
00026c6d   netif_set_gw
00026c79   netif_set_netmask
00026c85   wordBreak
00026c91   EthernetIntDisable
00026c9b   IntMasterDisable
00026c9b   sys_arch_protect
00026ca5   IntMasterEnable
00026caf   PWMGenDisable
00026cb9   PWMGenEnable
00026cc3   SSIDataPut
00026ccd   SSIDisable
00026cd7   SSIEnable
00026ce1   netif_is_up
00026ceb   sys_arch_unprotect
00026cf5   tcp_poll
00026cff   EthernetIntEnable
00026d07   SSIBusy
00026d0f   GPIOPinRead
00026d15   GPIOPinWrite
00026d1b   ResetISR
00026d21   SysCtlDelay
00026d27   __TI_decompress_rle24
00026d33   tcp_err
00026d39   tcp_new
00026d3f   tcp_recv
00026d45   tcp_sent
00026d4b   udp_recv
00026d51   EthernetIntClear
00026d55   PWMSyncUpdate
00026d59   fs_close
00026d5d   tcp_accept
00026d61   tcp_arg
00026e84   __TI_Handler_Table_Base
00026e90   __TI_Handler_Table_Limit
00026e98   __TI_CINIT_Base
00026ea8   __TI_CINIT_Limit
20004be8   lwip_stats
20004dcc   netif_list
20004dd0   netif_default
20004dd8   tcp_ticks
20004ddc   tcp_bound_pcbs
20004de0   tcp_listen_pcbs
20004de4   tcp_active_pcbs
20004de8   tcp_tw_pcbs
20004dec   tcp_tmp_pcb
20004e24   tcp_input_pcb
20004e28   udp_pcbs
20004e2c   current_netif
20004e30   current_header
20004f68   g_ulFlags
20004f6c   g_ulSystemClock
20004f70   g_ulButtonStatus
20004f80   g_ulFrequency
20004f84   g_ulDutyCycle
20004f8c   __stack
2000538c   __STACK_END
2000538c   __STACK_TOP
2000538c   g_psHTTPHeaders
20005414   g_psHTTPHeaderStrings
20005490   g_pcSSIExtensions
200054a0   g_pfnSSIHandler
200054a4   g_iNumTags
200054a8   g_ppcTags
200054ac   g_pCGIs
200054b0   g_iNumCGIs
200054ec   _lock
200054f0   _unlock
200054f4   _cleanup_ptr
200054f8   _dtors_ptr
200054fc   main_func_sp
ffffffff   __binit__
ffffffff   __c_args__
ffffffff   binit
UNDEFED    SHT$$INIT_ARRAY$$Base
UNDEFED    SHT$$INIT_ARRAY$$Limit

[315 symbols]
